<?xml version="1.0" encoding="ISO-8859-1" ?>
<link_info>
   <banner>TI ARM Linker PC v18.1.4.LTS</banner>
   <copyright>Copyright (c) 1996-2018 Texas Instruments Incorporated</copyright>
   <link_time>0x5cc7c4ec</link_time>
   <link_errors>0x0</link_errors>
   <output_file>remote_node.out</output_file>
   <entry_point>
      <name>_c_int00_noargs</name>
      <address>0x49f5</address>
   </entry_point>
   <input_file_list>
      <input_file id="fl-2">
         <path>.\</path>
         <kind>object</kind>
         <file>main.obj</file>
         <name>main.obj</name>
      </input_file>
      <input_file id="fl-3">
         <path>.\</path>
         <kind>object</kind>
         <file>startup_ccs.obj</file>
         <name>startup_ccs.obj</name>
      </input_file>
      <input_file id="fl-4">
         <path>.\drivers\</path>
         <kind>object</kind>
         <file>buttons.obj</file>
         <name>buttons.obj</name>
      </input_file>
      <input_file id="fl-5">
         <path>.\drivers\</path>
         <kind>object</kind>
         <file>eth_client_lwip.obj</file>
         <name>eth_client_lwip.obj</name>
      </input_file>
      <input_file id="fl-6">
         <path>.\drivers\</path>
         <kind>object</kind>
         <file>exosite_hal_lwip.obj</file>
         <name>exosite_hal_lwip.obj</name>
      </input_file>
      <input_file id="fl-7">
         <path>.\drivers\</path>
         <kind>object</kind>
         <file>http.obj</file>
         <name>http.obj</name>
      </input_file>
      <input_file id="fl-8">
         <path>.\drivers\</path>
         <kind>object</kind>
         <file>pinout.obj</file>
         <name>pinout.obj</name>
      </input_file>
      <input_file id="fl-9">
         <path>.\src\</path>
         <kind>object</kind>
         <file>application.obj</file>
         <name>application.obj</name>
      </input_file>
      <input_file id="fl-a">
         <path>.\src\</path>
         <kind>object</kind>
         <file>buzzer.obj</file>
         <name>buzzer.obj</name>
      </input_file>
      <input_file id="fl-b">
         <path>.\src\</path>
         <kind>object</kind>
         <file>checksum.obj</file>
         <name>checksum.obj</name>
      </input_file>
      <input_file id="fl-c">
         <path>.\src\</path>
         <kind>object</kind>
         <file>fingerprint.obj</file>
         <name>fingerprint.obj</name>
      </input_file>
      <input_file id="fl-d">
         <path>.\src\</path>
         <kind>object</kind>
         <file>keypad.obj</file>
         <name>keypad.obj</name>
      </input_file>
      <input_file id="fl-e">
         <path>.\src\</path>
         <kind>object</kind>
         <file>lcd.obj</file>
         <name>lcd.obj</name>
      </input_file>
      <input_file id="fl-f">
         <path>.\src\</path>
         <kind>object</kind>
         <file>led.obj</file>
         <name>led.obj</name>
      </input_file>
      <input_file id="fl-10">
         <path>.\src\</path>
         <kind>object</kind>
         <file>logger.obj</file>
         <name>logger.obj</name>
      </input_file>
      <input_file id="fl-11">
         <path>.\src\</path>
         <kind>object</kind>
         <file>msg_queue.obj</file>
         <name>msg_queue.obj</name>
      </input_file>
      <input_file id="fl-12">
         <path>.\src\</path>
         <kind>object</kind>
         <file>myuart.obj</file>
         <name>myuart.obj</name>
      </input_file>
      <input_file id="fl-13">
         <path>.\src\</path>
         <kind>object</kind>
         <file>nrf_driver.obj</file>
         <name>nrf_driver.obj</name>
      </input_file>
      <input_file id="fl-14">
         <path>.\src\</path>
         <kind>object</kind>
         <file>packet.obj</file>
         <name>packet.obj</name>
      </input_file>
      <input_file id="fl-15">
         <path>.\src\</path>
         <kind>object</kind>
         <file>spi.obj</file>
         <name>spi.obj</name>
      </input_file>
      <input_file id="fl-16">
         <path>.\src\</path>
         <kind>object</kind>
         <file>sync_objects.obj</file>
         <name>sync_objects.obj</name>
      </input_file>
      <input_file id="fl-17">
         <path>.\src\</path>
         <kind>object</kind>
         <file>temp.obj</file>
         <name>temp.obj</name>
      </input_file>
      <input_file id="fl-18">
         <path>.\src\</path>
         <kind>object</kind>
         <file>timer.obj</file>
         <name>timer.obj</name>
      </input_file>
      <input_file id="fl-19">
         <path>.\src\</path>
         <kind>object</kind>
         <file>uart_comm_bbg.obj</file>
         <name>uart_comm_bbg.obj</name>
      </input_file>
      <input_file id="fl-1a">
         <path>.\third_party\FreeRTOS\Source\</path>
         <kind>object</kind>
         <file>list.obj</file>
         <name>list.obj</name>
      </input_file>
      <input_file id="fl-1b">
         <path>.\third_party\FreeRTOS\Source\</path>
         <kind>object</kind>
         <file>queue.obj</file>
         <name>queue.obj</name>
      </input_file>
      <input_file id="fl-1c">
         <path>.\third_party\FreeRTOS\Source\</path>
         <kind>object</kind>
         <file>tasks.obj</file>
         <name>tasks.obj</name>
      </input_file>
      <input_file id="fl-1d">
         <path>.\third_party\FreeRTOS\Source\</path>
         <kind>object</kind>
         <file>timers.obj</file>
         <name>timers.obj</name>
      </input_file>
      <input_file id="fl-1e">
         <path>.\third_party\FreeRTOS\Source\portable\CCS\ARM_CM4F\</path>
         <kind>object</kind>
         <file>port.obj</file>
         <name>port.obj</name>
      </input_file>
      <input_file id="fl-1f">
         <path>.\third_party\FreeRTOS\Source\portable\CCS\ARM_CM4F\</path>
         <kind>object</kind>
         <file>portasm.obj</file>
         <name>portasm.obj</name>
      </input_file>
      <input_file id="fl-20">
         <path>.\third_party\FreeRTOS\Source\portable\MemMang\</path>
         <kind>object</kind>
         <file>heap_1.obj</file>
         <name>heap_1.obj</name>
      </input_file>
      <input_file id="fl-21">
         <path>.\third_party\exosite\</path>
         <kind>object</kind>
         <file>exosite.obj</file>
         <name>exosite.obj</name>
      </input_file>
      <input_file id="fl-22">
         <path>.\third_party\exosite\</path>
         <kind>object</kind>
         <file>exosite_meta.obj</file>
         <name>exosite_meta.obj</name>
      </input_file>
      <input_file id="fl-23">
         <path>.\utils\</path>
         <kind>object</kind>
         <file>cmdline.obj</file>
         <name>cmdline.obj</name>
      </input_file>
      <input_file id="fl-24">
         <path>.\utils\</path>
         <kind>object</kind>
         <file>flash_pb.obj</file>
         <name>flash_pb.obj</name>
      </input_file>
      <input_file id="fl-25">
         <path>.\utils\</path>
         <kind>object</kind>
         <file>locator.obj</file>
         <name>locator.obj</name>
      </input_file>
      <input_file id="fl-26">
         <path>.\utils\</path>
         <kind>object</kind>
         <file>lwiplib.obj</file>
         <name>lwiplib.obj</name>
      </input_file>
      <input_file id="fl-27">
         <path>.\utils\</path>
         <kind>object</kind>
         <file>ringbuf.obj</file>
         <name>ringbuf.obj</name>
      </input_file>
      <input_file id="fl-28">
         <path>.\utils\</path>
         <kind>object</kind>
         <file>uartstdio.obj</file>
         <name>uartstdio.obj</name>
      </input_file>
      <input_file id="fl-29">
         <path>.\utils\</path>
         <kind>object</kind>
         <file>ustdlib.obj</file>
         <name>ustdlib.obj</name>
      </input_file>
      <input_file id="fl-2f">
         <kind>object</kind>
         <file>&lt;internal&gt;</file>
         <name>&lt;internal&gt;</name>
      </input_file>
      <input_file id="fl-e5">
         <path>C:\ti\ccsv8\tools\compiler\ti-cgt-arm_18.1.4.LTS\lib\</path>
         <kind>archive</kind>
         <file>rtsv7M4_T_le_v4SPD16_eabi.lib</file>
         <name>u_divt2.asm.obj</name>
      </input_file>
      <input_file id="fl-e6">
         <path>C:\ti\ccsv8\tools\compiler\ti-cgt-arm_18.1.4.LTS\lib\</path>
         <kind>archive</kind>
         <file>rtsv7M4_T_le_v4SPD16_eabi.lib</file>
         <name>fd_mul_t2.asm.obj</name>
      </input_file>
      <input_file id="fl-e7">
         <path>C:\ti\ccsv8\tools\compiler\ti-cgt-arm_18.1.4.LTS\lib\</path>
         <kind>archive</kind>
         <file>rtsv7M4_T_le_v4SPD16_eabi.lib</file>
         <name>fd_tos_t2.asm.obj</name>
      </input_file>
      <input_file id="fl-e8">
         <path>C:\ti\ccsv8\tools\compiler\ti-cgt-arm_18.1.4.LTS\lib\</path>
         <kind>archive</kind>
         <file>rtsv7M4_T_le_v4SPD16_eabi.lib</file>
         <name>memcpy_t2.asm.obj</name>
      </input_file>
      <input_file id="fl-e9">
         <path>C:\ti\ccsv8\tools\compiler\ti-cgt-arm_18.1.4.LTS\lib\</path>
         <kind>archive</kind>
         <file>rtsv7M4_T_le_v4SPD16_eabi.lib</file>
         <name>u_tofd_t2.asm.obj</name>
      </input_file>
      <input_file id="fl-ea">
         <path>C:\ti\ccsv8\tools\compiler\ti-cgt-arm_18.1.4.LTS\lib\</path>
         <kind>archive</kind>
         <file>rtsv7M4_T_le_v4SPD16_eabi.lib</file>
         <name>memset_t2.asm.obj</name>
      </input_file>
      <input_file id="fl-eb">
         <path>C:\ti\ccsv8\tools\compiler\ti-cgt-arm_18.1.4.LTS\lib\</path>
         <kind>archive</kind>
         <file>rtsv7M4_T_le_v4SPD16_eabi.lib</file>
         <name>copy_zero_init.c.obj</name>
      </input_file>
      <input_file id="fl-ec">
         <path>C:\ti\ccsv8\tools\compiler\ti-cgt-arm_18.1.4.LTS\lib\</path>
         <kind>archive</kind>
         <file>rtsv7M4_T_le_v4SPD16_eabi.lib</file>
         <name>copy_decompress_none.c.obj</name>
      </input_file>
      <input_file id="fl-ed">
         <path>C:\ti\ccsv8\tools\compiler\ti-cgt-arm_18.1.4.LTS\lib\</path>
         <kind>archive</kind>
         <file>rtsv7M4_T_le_v4SPD16_eabi.lib</file>
         <name>copy_decompress_lzss.c.obj</name>
      </input_file>
      <input_file id="fl-ee">
         <path>C:\ti\ccsv8\tools\compiler\ti-cgt-arm_18.1.4.LTS\lib\</path>
         <kind>archive</kind>
         <file>rtsv7M4_T_le_v4SPD16_eabi.lib</file>
         <name>boot_cortex_m.c.obj</name>
      </input_file>
      <input_file id="fl-ef">
         <path>C:\ti\ccsv8\tools\compiler\ti-cgt-arm_18.1.4.LTS\lib\</path>
         <kind>archive</kind>
         <file>rtsv7M4_T_le_v4SPD16_eabi.lib</file>
         <name>exit.c.obj</name>
      </input_file>
      <input_file id="fl-f0">
         <path>C:\ti\ccsv8\tools\compiler\ti-cgt-arm_18.1.4.LTS\lib\</path>
         <kind>archive</kind>
         <file>rtsv7M4_T_le_v4SPD16_eabi.lib</file>
         <name>_lock.c.obj</name>
      </input_file>
      <input_file id="fl-f1">
         <path>C:\ti\ccsv8\tools\compiler\ti-cgt-arm_18.1.4.LTS\lib\</path>
         <kind>archive</kind>
         <file>rtsv7M4_T_le_v4SPD16_eabi.lib</file>
         <name>args_main.c.obj</name>
      </input_file>
      <input_file id="fl-f2">
         <path>C:\ti\ccsv8\tools\compiler\ti-cgt-arm_18.1.4.LTS\lib\</path>
         <kind>archive</kind>
         <file>rtsv7M4_T_le_v4SPD16_eabi.lib</file>
         <name>memcmp.c.obj</name>
      </input_file>
      <input_file id="fl-f3">
         <path>C:\ti\ccsv8\tools\compiler\ti-cgt-arm_18.1.4.LTS\lib\</path>
         <kind>archive</kind>
         <file>rtsv7M4_T_le_v4SPD16_eabi.lib</file>
         <name>rand.c.obj</name>
      </input_file>
      <input_file id="fl-f4">
         <path>C:\ti\ccsv8\tools\compiler\ti-cgt-arm_18.1.4.LTS\lib\</path>
         <kind>archive</kind>
         <file>rtsv7M4_T_le_v4SPD16_eabi.lib</file>
         <name>strcat.c.obj</name>
      </input_file>
      <input_file id="fl-f5">
         <path>C:\ti\ccsv8\tools\compiler\ti-cgt-arm_18.1.4.LTS\lib\</path>
         <kind>archive</kind>
         <file>rtsv7M4_T_le_v4SPD16_eabi.lib</file>
         <name>strcmp.c.obj</name>
      </input_file>
      <input_file id="fl-f6">
         <path>C:\ti\ccsv8\tools\compiler\ti-cgt-arm_18.1.4.LTS\lib\</path>
         <kind>archive</kind>
         <file>rtsv7M4_T_le_v4SPD16_eabi.lib</file>
         <name>strcpy.c.obj</name>
      </input_file>
      <input_file id="fl-f7">
         <path>C:\ti\ccsv8\tools\compiler\ti-cgt-arm_18.1.4.LTS\lib\</path>
         <kind>archive</kind>
         <file>rtsv7M4_T_le_v4SPD16_eabi.lib</file>
         <name>strlen.c.obj</name>
      </input_file>
      <input_file id="fl-f8">
         <path>C:\ti\ccsv8\tools\compiler\ti-cgt-arm_18.1.4.LTS\lib\</path>
         <kind>archive</kind>
         <file>rtsv7M4_T_le_v4SPD16_eabi.lib</file>
         <name>strncmp.c.obj</name>
      </input_file>
      <input_file id="fl-f9">
         <path>C:\ti\ccsv8\tools\compiler\ti-cgt-arm_18.1.4.LTS\lib\</path>
         <kind>archive</kind>
         <file>rtsv7M4_T_le_v4SPD16_eabi.lib</file>
         <name>strncpy.c.obj</name>
      </input_file>
      <input_file id="fl-fa">
         <path>C:\ti\ccsv8\tools\compiler\ti-cgt-arm_18.1.4.LTS\lib\</path>
         <kind>archive</kind>
         <file>rtsv7M4_T_le_v4SPD16_eabi.lib</file>
         <name>div0.asm.obj</name>
      </input_file>
      <input_file id="fl-fb">
         <path>C:\ti\ccsv8\tools\compiler\ti-cgt-arm_18.1.4.LTS\lib\</path>
         <kind>archive</kind>
         <file>rtsv7M4_T_le_v4SPD16_eabi.lib</file>
         <name>autoinit.c.obj</name>
      </input_file>
      <input_file id="fl-fc">
         <path>C:\ti\ccsv8\tools\compiler\ti-cgt-arm_18.1.4.LTS\lib\</path>
         <kind>archive</kind>
         <file>rtsv7M4_T_le_v4SPD16_eabi.lib</file>
         <name>pre_init.c.obj</name>
      </input_file>
      <input_file id="fl-fd">
         <path>C:\ti\ccsv8\tools\compiler\ti-cgt-arm_18.1.4.LTS\lib\</path>
         <kind>archive</kind>
         <file>rtsv7M4_T_le_v4SPD16_eabi.lib</file>
         <name>cpy_tbl.c.obj</name>
      </input_file>
      <input_file id="fl-fe">
         <path>C:\ti\TivaWare_C_Series-2.1.4.178\driverlib\ccs\Debug\</path>
         <kind>archive</kind>
         <file>driverlib.lib</file>
         <name>eeprom.obj</name>
      </input_file>
      <input_file id="fl-ff">
         <path>C:\ti\TivaWare_C_Series-2.1.4.178\driverlib\ccs\Debug\</path>
         <kind>archive</kind>
         <file>driverlib.lib</file>
         <name>emac.obj</name>
      </input_file>
      <input_file id="fl-100">
         <path>C:\ti\TivaWare_C_Series-2.1.4.178\driverlib\ccs\Debug\</path>
         <kind>archive</kind>
         <file>driverlib.lib</file>
         <name>flash.obj</name>
      </input_file>
      <input_file id="fl-101">
         <path>C:\ti\TivaWare_C_Series-2.1.4.178\driverlib\ccs\Debug\</path>
         <kind>archive</kind>
         <file>driverlib.lib</file>
         <name>gpio.obj</name>
      </input_file>
      <input_file id="fl-102">
         <path>C:\ti\TivaWare_C_Series-2.1.4.178\driverlib\ccs\Debug\</path>
         <kind>archive</kind>
         <file>driverlib.lib</file>
         <name>i2c.obj</name>
      </input_file>
      <input_file id="fl-103">
         <path>C:\ti\TivaWare_C_Series-2.1.4.178\driverlib\ccs\Debug\</path>
         <kind>archive</kind>
         <file>driverlib.lib</file>
         <name>interrupt.obj</name>
      </input_file>
      <input_file id="fl-104">
         <path>C:\ti\TivaWare_C_Series-2.1.4.178\driverlib\ccs\Debug\</path>
         <kind>archive</kind>
         <file>driverlib.lib</file>
         <name>pwm.obj</name>
      </input_file>
      <input_file id="fl-105">
         <path>C:\ti\TivaWare_C_Series-2.1.4.178\driverlib\ccs\Debug\</path>
         <kind>archive</kind>
         <file>driverlib.lib</file>
         <name>ssi.obj</name>
      </input_file>
      <input_file id="fl-106">
         <path>C:\ti\TivaWare_C_Series-2.1.4.178\driverlib\ccs\Debug\</path>
         <kind>archive</kind>
         <file>driverlib.lib</file>
         <name>sw_crc.obj</name>
      </input_file>
      <input_file id="fl-107">
         <path>C:\ti\TivaWare_C_Series-2.1.4.178\driverlib\ccs\Debug\</path>
         <kind>archive</kind>
         <file>driverlib.lib</file>
         <name>sysctl.obj</name>
      </input_file>
      <input_file id="fl-108">
         <path>C:\ti\TivaWare_C_Series-2.1.4.178\driverlib\ccs\Debug\</path>
         <kind>archive</kind>
         <file>driverlib.lib</file>
         <name>uart.obj</name>
      </input_file>
      <input_file id="fl-109">
         <path>C:\ti\TivaWare_C_Series-2.1.4.178\driverlib\ccs\Debug\</path>
         <kind>archive</kind>
         <file>driverlib.lib</file>
         <name>cpu.obj</name>
      </input_file>
      <input_file id="fl-10a">
         <path>C:\ti\TivaWare_C_Series-2.1.4.178\sensorlib\ccs\Debug\</path>
         <kind>archive</kind>
         <file>sensorlib.lib</file>
         <name>i2cm_drv.obj</name>
      </input_file>
   </input_file_list>
   <object_component_list>
      <object_component id="oc-f">
         <name>.intvecs</name>
         <load_address>0x0</load_address>
         <run_address>0x0</run_address>
         <size>0x200</size>
         <input_file_ref idref="fl-3"/>
      </object_component>
      <object_component id="oc-185">
         <name>.text:uart_packet_handler</name>
         <load_address>0x200</load_address>
         <run_address>0x200</run_address>
         <size>0x3dc</size>
         <input_file_ref idref="fl-19"/>
      </object_component>
      <object_component id="oc-209">
         <name>.text:UARTvprintf</name>
         <load_address>0x5dc</load_address>
         <run_address>0x5dc</run_address>
         <size>0x30c</size>
         <input_file_ref idref="fl-28"/>
      </object_component>
      <object_component id="oc-66d">
         <name>.text:column_handler</name>
         <load_address>0x8e8</load_address>
         <run_address>0x8e8</run_address>
         <size>0x238</size>
         <input_file_ref idref="fl-d"/>
      </object_component>
      <object_component id="oc-3a3">
         <name>.text:SysCtlClockFreqSet</name>
         <load_address>0xb20</load_address>
         <run_address>0xb20</run_address>
         <size>0x200</size>
         <input_file_ref idref="fl-107"/>
      </object_component>
      <object_component id="oc-77e">
         <name>.text:fp_access_handle</name>
         <load_address>0xd20</load_address>
         <run_address>0xd20</run_address>
         <size>0x1ec</size>
         <input_file_ref idref="fl-c"/>
      </object_component>
      <object_component id="oc-774">
         <name>.text:keypad_button_detect</name>
         <load_address>0xf0c</load_address>
         <run_address>0xf0c</run_address>
         <size>0x1dc</size>
         <input_file_ref idref="fl-d"/>
      </object_component>
      <object_component id="oc-47">
         <name>.text:UARTStdioIntHandler</name>
         <load_address>0x10e8</load_address>
         <run_address>0x10e8</run_address>
         <size>0x188</size>
         <input_file_ref idref="fl-28"/>
      </object_component>
      <object_component id="oc-8a1">
         <name>.text:xQueueGenericReceive</name>
         <load_address>0x1270</load_address>
         <run_address>0x1270</run_address>
         <size>0x16c</size>
         <input_file_ref idref="fl-1b"/>
      </object_component>
      <object_component id="oc-4c8">
         <name>.text:timer_config</name>
         <load_address>0x13dc</load_address>
         <run_address>0x13dc</run_address>
         <size>0x144</size>
         <input_file_ref idref="fl-18"/>
      </object_component>
      <object_component id="oc-525">
         <name>.text:xTaskGenericCreate</name>
         <load_address>0x1520</load_address>
         <run_address>0x1520</run_address>
         <size>0x138</size>
         <input_file_ref idref="fl-1c"/>
      </object_component>
      <object_component id="oc-bc">
         <name>.text:xTaskIncrementTick</name>
         <load_address>0x1658</load_address>
         <run_address>0x1658</run_address>
         <size>0x134</size>
         <input_file_ref idref="fl-1c"/>
      </object_component>
      <object_component id="oc-65b">
         <name>.text:GPIOPadConfigSet</name>
         <load_address>0x178c</load_address>
         <run_address>0x178c</run_address>
         <size>0x132</size>
         <input_file_ref idref="fl-101"/>
      </object_component>
      <object_component id="oc-30">
         <name>.text:FaultISR</name>
         <load_address>0x18be</load_address>
         <run_address>0x18be</run_address>
         <size>0x2</size>
         <input_file_ref idref="fl-3"/>
      </object_component>
      <object_component id="oc-798">
         <name>.text:xQueueGenericSend</name>
         <load_address>0x18c0</load_address>
         <run_address>0x18c0</run_address>
         <size>0x128</size>
         <input_file_ref idref="fl-1b"/>
      </object_component>
      <object_component id="oc-52b">
         <name>.text:sensorcheck</name>
         <load_address>0x19e8</load_address>
         <run_address>0x19e8</run_address>
         <size>0x124</size>
         <input_file_ref idref="fl-9"/>
      </object_component>
      <object_component id="oc-4fe">
         <name>.text:keypad_config</name>
         <load_address>0x1b0c</load_address>
         <run_address>0x1b0c</run_address>
         <size>0x100</size>
         <input_file_ref idref="fl-d"/>
      </object_component>
      <object_component id="oc-7f4">
         <name>.text:xTaskResumeAll</name>
         <load_address>0x1c0c</load_address>
         <run_address>0x1c0c</run_address>
         <size>0xfc</size>
         <input_file_ref idref="fl-1c"/>
      </object_component>
      <object_component id="oc-384">
         <name>.text:add_fingerprint</name>
         <load_address>0x1d08</load_address>
         <run_address>0x1d08</run_address>
         <size>0xf4</size>
         <input_file_ref idref="fl-c"/>
      </object_component>
      <object_component id="oc-b5">
         <name>.text:vTaskSwitchContext</name>
         <load_address>0x1dfc</load_address>
         <run_address>0x1dfc</run_address>
         <size>0xf4</size>
         <input_file_ref idref="fl-1c"/>
      </object_component>
      <object_component id="oc-53">
         <name>.text:timer1handler</name>
         <load_address>0x1ef0</load_address>
         <run_address>0x1ef0</run_address>
         <size>0xf0</size>
         <input_file_ref idref="fl-18"/>
      </object_component>
      <object_component id="oc-7e4">
         <name>.text:prvProcessReceivedCommands</name>
         <load_address>0x1fe0</load_address>
         <run_address>0x1fe0</run_address>
         <size>0xe8</size>
         <input_file_ref idref="fl-1d"/>
      </object_component>
      <object_component id="oc-4d">
         <name>.text:timer0handler</name>
         <load_address>0x20c8</load_address>
         <run_address>0x20c8</run_address>
         <size>0xdc</size>
         <input_file_ref idref="fl-18"/>
      </object_component>
      <object_component id="oc-5dc">
         <name>.text:UARTStdioConfig</name>
         <load_address>0x21a4</load_address>
         <run_address>0x21a4</run_address>
         <size>0xd8</size>
         <input_file_ref idref="fl-28"/>
      </object_component>
      <object_component id="oc-3c">
         <name>.text</name>
         <load_address>0x227c</load_address>
         <run_address>0x227c</run_address>
         <size>0xd2</size>
         <input_file_ref idref="fl-1f"/>
      </object_component>
      <object_component id="oc-36">
         <name>.text:IntDefaultHandler</name>
         <load_address>0x234e</load_address>
         <run_address>0x234e</run_address>
         <size>0x2</size>
         <input_file_ref idref="fl-3"/>
      </object_component>
      <object_component id="oc-497">
         <name>.text:fp_enroll</name>
         <load_address>0x2350</load_address>
         <run_address>0x2350</run_address>
         <size>0xcc</size>
         <input_file_ref idref="fl-c"/>
      </object_component>
      <object_component id="oc-17f">
         <name>.text:packet_rcv_uart</name>
         <load_address>0x241c</load_address>
         <run_address>0x241c</run_address>
         <size>0xcc</size>
         <input_file_ref idref="fl-14"/>
      </object_component>
      <object_component id="oc-906">
         <name>.text:vTaskPriorityInherit</name>
         <load_address>0x24e8</load_address>
         <run_address>0x24e8</run_address>
         <size>0xc8</size>
         <input_file_ref idref="fl-1c"/>
      </object_component>
      <object_component id="oc-cf">
         <name>.text:UARTwrite</name>
         <load_address>0x25b0</load_address>
         <run_address>0x25b0</run_address>
         <size>0xbc</size>
         <input_file_ref idref="fl-28"/>
      </object_component>
      <object_component id="oc-2b2">
         <name>.text:prvCopyDataToQueue</name>
         <load_address>0x266c</load_address>
         <run_address>0x266c</run_address>
         <size>0xbc</size>
         <input_file_ref idref="fl-1b"/>
      </object_component>
      <object_component id="oc-5f">
         <name>.text:lwIPEthernetIntHandler</name>
         <load_address>0x2728</load_address>
         <run_address>0x2728</run_address>
         <size>0xb8</size>
         <input_file_ref idref="fl-26"/>
      </object_component>
      <object_component id="oc-469">
         <name>.text:packet_send_uart</name>
         <load_address>0x27e0</load_address>
         <run_address>0x27e0</run_address>
         <size>0xb8</size>
         <input_file_ref idref="fl-14"/>
      </object_component>
      <object_component id="oc-65">
         <name>.text:uart_commhandler</name>
         <load_address>0x2898</load_address>
         <run_address>0x2898</run_address>
         <size>0xb8</size>
         <input_file_ref idref="fl-19"/>
      </object_component>
      <object_component id="oc-3a9">
         <name>.text:system_init</name>
         <load_address>0x2950</load_address>
         <run_address>0x2950</run_address>
         <size>0xb4</size>
         <input_file_ref idref="fl-9"/>
      </object_component>
      <object_component id="oc-4da">
         <name>.text:configureUART_bbg</name>
         <load_address>0x2a04</load_address>
         <run_address>0x2a04</run_address>
         <size>0xac</size>
         <input_file_ref idref="fl-19"/>
      </object_component>
      <object_component id="oc-491">
         <name>.text:fp_start_enroll</name>
         <load_address>0x2ab0</load_address>
         <run_address>0x2ab0</run_address>
         <size>0xa8</size>
         <input_file_ref idref="fl-c"/>
      </object_component>
      <object_component id="oc-4e6">
         <name>.text:lcd_init</name>
         <load_address>0x2b58</load_address>
         <run_address>0x2b58</run_address>
         <size>0xa8</size>
         <input_file_ref idref="fl-e"/>
      </object_component>
      <object_component id="oc-43f">
         <name>.text:xTaskPriorityDisinherit</name>
         <load_address>0x2c00</load_address>
         <run_address>0x2c00</run_address>
         <size>0xa8</size>
         <input_file_ref idref="fl-1c"/>
      </object_component>
      <object_component id="oc-8de">
         <name>.text:prvSwitchTimerLists</name>
         <load_address>0x2ca8</load_address>
         <run_address>0x2ca8</run_address>
         <size>0xa4</size>
         <input_file_ref idref="fl-1d"/>
      </object_component>
      <object_component id="oc-6a4">
         <name>.text:prvInitialiseTCBVariables</name>
         <load_address>0x2d4c</load_address>
         <run_address>0x2d4c</run_address>
         <size>0xa0</size>
         <input_file_ref idref="fl-1c"/>
      </object_component>
      <object_component id="oc-78b">
         <name>.text:xQueueGenericReset</name>
         <load_address>0x2dec</load_address>
         <run_address>0x2dec</run_address>
         <size>0xa0</size>
         <input_file_ref idref="fl-1b"/>
      </object_component>
      <object_component id="oc-79">
         <name>.text</name>
         <load_address>0x2e8c</load_address>
         <run_address>0x2e8c</run_address>
         <size>0x9c</size>
         <input_file_ref idref="fl-e8"/>
      </object_component>
      <object_component id="oc-c3">
         <name>.text:UARTPrimeTransmit</name>
         <load_address>0x2f28</load_address>
         <run_address>0x2f28</run_address>
         <size>0x94</size>
         <input_file_ref idref="fl-28"/>
      </object_component>
      <object_component id="oc-1b5">
         <name>.text:main</name>
         <load_address>0x2fbc</load_address>
         <run_address>0x2fbc</run_address>
         <size>0x94</size>
         <input_file_ref idref="fl-2"/>
      </object_component>
      <object_component id="oc-510">
         <name>.text:sem_create</name>
         <load_address>0x3050</load_address>
         <run_address>0x3050</run_address>
         <size>0x94</size>
         <input_file_ref idref="fl-16"/>
      </object_component>
      <object_component id="oc-4a4">
         <name>.text:fp_cmdsend</name>
         <load_address>0x30e4</load_address>
         <run_address>0x30e4</run_address>
         <size>0x90</size>
         <input_file_ref idref="fl-c"/>
      </object_component>
      <object_component id="oc-4e0">
         <name>.text:uart_configure</name>
         <load_address>0x3174</load_address>
         <run_address>0x3174</run_address>
         <size>0x90</size>
         <input_file_ref idref="fl-12"/>
      </object_component>
      <object_component id="oc-2b8">
         <name>.text:xTaskRemoveFromEventList</name>
         <load_address>0x3204</load_address>
         <run_address>0x3204</run_address>
         <size>0x90</size>
         <input_file_ref idref="fl-1c"/>
      </object_component>
      <object_component id="oc-4aa">
         <name>.text:fp_responsercv</name>
         <load_address>0x3294</load_address>
         <run_address>0x3294</run_address>
         <size>0x8e</size>
         <input_file_ref idref="fl-c"/>
      </object_component>
      <object_component id="oc-15a">
         <name>.text:xQueueGenericSendFromISR</name>
         <load_address>0x3322</load_address>
         <run_address>0x3322</run_address>
         <size>0x8c</size>
         <input_file_ref idref="fl-1b"/>
      </object_component>
      <object_component id="oc-2a">
         <name>.text:NmiSR</name>
         <load_address>0x33ae</load_address>
         <run_address>0x33ae</run_address>
         <size>0x2</size>
         <input_file_ref idref="fl-3"/>
      </object_component>
      <object_component id="oc-119">
         <name>.text:reset_system</name>
         <load_address>0x33b0</load_address>
         <run_address>0x33b0</run_address>
         <size>0x88</size>
         <input_file_ref idref="fl-19"/>
      </object_component>
      <object_component id="oc-3b5">
         <name>.text:vTaskStartScheduler</name>
         <load_address>0x3438</load_address>
         <run_address>0x3438</run_address>
         <size>0x88</size>
         <input_file_ref idref="fl-1c"/>
      </object_component>
      <object_component id="oc-7de">
         <name>.text:prvProcessTimerOrBlockTask</name>
         <load_address>0x34c0</load_address>
         <run_address>0x34c0</run_address>
         <size>0x84</size>
         <input_file_ref idref="fl-1d"/>
      </object_component>
      <object_component id="oc-852">
         <name>.text:xTaskCheckForTimeOut</name>
         <load_address>0x3544</load_address>
         <run_address>0x3544</run_address>
         <size>0x84</size>
         <input_file_ref idref="fl-1c"/>
      </object_component>
      <object_component id="oc-864">
         <name>.text:prvUnlockQueue</name>
         <load_address>0x35c8</load_address>
         <run_address>0x35c8</run_address>
         <size>0x82</size>
         <input_file_ref idref="fl-1b"/>
      </object_component>
      <object_component id="oc-567">
         <name>.text</name>
         <load_address>0x364a</load_address>
         <run_address>0x364a</run_address>
         <size>0x2</size>
         <input_file_ref idref="fl-fa"/>
      </object_component>
      <object_component id="oc-21e">
         <name>.text:lcd_write_cmd</name>
         <load_address>0x364c</load_address>
         <run_address>0x364c</run_address>
         <size>0x80</size>
         <input_file_ref idref="fl-e"/>
      </object_component>
      <object_component id="oc-224">
         <name>.text:lcd_write_data</name>
         <load_address>0x36cc</load_address>
         <run_address>0x36cc</run_address>
         <size>0x80</size>
         <input_file_ref idref="fl-e"/>
      </object_component>
      <object_component id="oc-4ce">
         <name>.text:checksum_init</name>
         <load_address>0x374c</load_address>
         <run_address>0x374c</run_address>
         <size>0x7c</size>
         <input_file_ref idref="fl-b"/>
      </object_component>
      <object_component id="oc-516">
         <name>.text:mutex_create</name>
         <load_address>0x37c8</load_address>
         <run_address>0x37c8</run_address>
         <size>0x7c</size>
         <input_file_ref idref="fl-16"/>
      </object_component>
      <object_component id="oc-785">
         <name>.text:pvPortMalloc</name>
         <load_address>0x3844</load_address>
         <run_address>0x3844</run_address>
         <size>0x7c</size>
         <input_file_ref idref="fl-20"/>
      </object_component>
      <object_component id="oc-107">
         <name>.text</name>
         <load_address>0x38c0</load_address>
         <run_address>0x38c0</run_address>
         <size>0x7a</size>
         <input_file_ref idref="fl-ea"/>
      </object_component>
      <object_component id="oc-463">
         <name>.text:packet_make</name>
         <load_address>0x393a</load_address>
         <run_address>0x393a</run_address>
         <size>0x78</size>
         <input_file_ref idref="fl-14"/>
      </object_component>
      <object_component id="oc-895">
         <name>.text:prvInsertTimerInActiveList</name>
         <load_address>0x39b4</load_address>
         <run_address>0x39b4</run_address>
         <size>0x78</size>
         <input_file_ref idref="fl-1d"/>
      </object_component>
      <object_component id="oc-693">
         <name>.text:xQueueCreateMutex</name>
         <load_address>0x3a2c</load_address>
         <run_address>0x3a2c</run_address>
         <size>0x76</size>
         <input_file_ref idref="fl-1b"/>
      </object_component>
      <object_component id="oc-4d4">
         <name>.text:ConfigureUART</name>
         <load_address>0x3aa4</load_address>
         <run_address>0x3aa4</run_address>
         <size>0x74</size>
         <input_file_ref idref="fl-2"/>
      </object_component>
      <object_component id="oc-6b6">
         <name>.text:prvInitialiseTaskLists</name>
         <load_address>0x3b18</load_address>
         <run_address>0x3b18</run_address>
         <size>0x74</size>
         <input_file_ref idref="fl-1c"/>
      </object_component>
      <object_component id="oc-3af">
         <name>.text:sensortask_init</name>
         <load_address>0x3b8c</load_address>
         <run_address>0x3b8c</run_address>
         <size>0x70</size>
         <input_file_ref idref="fl-9"/>
      </object_component>
      <object_component id="oc-8e5">
         <name>.text:vTaskPlaceOnEventListRestricted</name>
         <load_address>0x3bfc</load_address>
         <run_address>0x3bfc</run_address>
         <size>0x70</size>
         <input_file_ref idref="fl-1c"/>
      </object_component>
      <object_component id="oc-68a">
         <name>.text:xQueueGenericCreate</name>
         <load_address>0x3c6c</load_address>
         <run_address>0x3c6c</run_address>
         <size>0x70</size>
         <input_file_ref idref="fl-1b"/>
      </object_component>
      <object_component id="oc-89b">
         <name>.text:xTimerGenericCommand</name>
         <load_address>0x3cdc</load_address>
         <run_address>0x3cdc</run_address>
         <size>0x70</size>
         <input_file_ref idref="fl-1d"/>
      </object_component>
      <object_component id="oc-74d">
         <name>.text:IntEnable</name>
         <load_address>0x3d4c</load_address>
         <run_address>0x3d4c</run_address>
         <size>0x68</size>
         <input_file_ref idref="fl-103"/>
      </object_component>
      <object_component id="oc-12">
         <name>.text:decompress:lzss:__TI_decompress_lzss</name>
         <load_address>0x3db4</load_address>
         <run_address>0x3db4</run_address>
         <size>0x68</size>
         <input_file_ref idref="fl-ed"/>
      </object_component>
      <object_component id="oc-6c4">
         <name>.text:prvCheckForValidListAndQueue</name>
         <load_address>0x3e1c</load_address>
         <run_address>0x3e1c</run_address>
         <size>0x68</size>
         <input_file_ref idref="fl-1d"/>
      </object_component>
      <object_component id="oc-6e1">
         <name>.text:prvCheckTasksWaitingTermination</name>
         <load_address>0x3e84</load_address>
         <run_address>0x3e84</run_address>
         <size>0x68</size>
         <input_file_ref idref="fl-1c"/>
      </object_component>
      <object_component id="oc-85e">
         <name>.text:vTaskPlaceOnEventList</name>
         <load_address>0x3eec</load_address>
         <run_address>0x3eec</run_address>
         <size>0x68</size>
         <input_file_ref idref="fl-1c"/>
      </object_component>
      <object_component id="oc-8c4">
         <name>.text:vListInsert</name>
         <load_address>0x3f54</load_address>
         <run_address>0x3f54</run_address>
         <size>0x66</size>
         <input_file_ref idref="fl-1a"/>
      </object_component>
      <object_component id="oc-888">
         <name>.text:prvProcessExpiredTimer</name>
         <load_address>0x3fbc</load_address>
         <run_address>0x3fbc</run_address>
         <size>0x60</size>
         <input_file_ref idref="fl-1d"/>
      </object_component>
      <object_component id="oc-69e">
         <name>.text:prvAllocateTCBAndStack</name>
         <load_address>0x401c</load_address>
         <run_address>0x401c</run_address>
         <size>0x5e</size>
         <input_file_ref idref="fl-1c"/>
      </object_component>
      <object_component id="oc-35d">
         <name>.text:checksum_calc</name>
         <load_address>0x407c</load_address>
         <run_address>0x407c</run_address>
         <size>0x5c</size>
         <input_file_ref idref="fl-b"/>
      </object_component>
      <object_component id="oc-8ca">
         <name>.text:prvAddCurrentTaskToDelayedList</name>
         <load_address>0x40d8</load_address>
         <run_address>0x40d8</run_address>
         <size>0x5c</size>
         <input_file_ref idref="fl-1c"/>
      </object_component>
      <object_component id="oc-6aa">
         <name>.text:pxPortInitialiseStack</name>
         <load_address>0x4134</load_address>
         <run_address>0x4134</run_address>
         <size>0x5c</size>
         <input_file_ref idref="fl-1e"/>
      </object_component>
      <object_component id="oc-674">
         <name>.text:fp_irqhandler</name>
         <load_address>0x4190</load_address>
         <run_address>0x4190</run_address>
         <size>0x58</size>
         <input_file_ref idref="fl-c"/>
      </object_component>
      <object_component id="oc-661">
         <name>.text:GPIOIntTypeSet</name>
         <load_address>0x41e8</load_address>
         <run_address>0x41e8</run_address>
         <size>0x56</size>
         <input_file_ref idref="fl-101"/>
      </object_component>
      <object_component id="oc-4f2">
         <name>.text:buzzer_config</name>
         <load_address>0x4240</load_address>
         <run_address>0x4240</run_address>
         <size>0x54</size>
         <input_file_ref idref="fl-a"/>
      </object_component>
      <object_component id="oc-4ec">
         <name>.text:led_init</name>
         <load_address>0x4294</load_address>
         <run_address>0x4294</run_address>
         <size>0x54</size>
         <input_file_ref idref="fl-f"/>
      </object_component>
      <object_component id="oc-88e">
         <name>.text:vQueueWaitForMessageRestricted</name>
         <load_address>0x42e8</load_address>
         <run_address>0x42e8</run_address>
         <size>0x54</size>
         <input_file_ref idref="fl-1b"/>
      </object_component>
      <object_component id="oc-10c">
         <name>.text:LCD_write</name>
         <load_address>0x433c</load_address>
         <run_address>0x433c</run_address>
         <size>0x50</size>
         <input_file_ref idref="fl-e"/>
      </object_component>
      <object_component id="oc-72a">
         <name>.text:UARTFlushTx</name>
         <load_address>0x438c</load_address>
         <run_address>0x438c</run_address>
         <size>0x4c</size>
         <input_file_ref idref="fl-28"/>
      </object_component>
      <object_component id="oc-363">
         <name>.text:ack_send_uart</name>
         <load_address>0x43d8</load_address>
         <run_address>0x43d8</run_address>
         <size>0x4c</size>
         <input_file_ref idref="fl-2"/>
      </object_component>
      <object_component id="oc-504">
         <name>.text:fp_interrupt_config</name>
         <load_address>0x4424</load_address>
         <run_address>0x4424</run_address>
         <size>0x4c</size>
         <input_file_ref idref="fl-c"/>
      </object_component>
      <object_component id="oc-7c3">
         <name>.text:vQueueAddToRegistry</name>
         <load_address>0x4470</load_address>
         <run_address>0x4470</run_address>
         <size>0x4c</size>
         <input_file_ref idref="fl-1b"/>
      </object_component>
      <object_component id="oc-532">
         <name>.text:xTimerCreateTimerTask</name>
         <load_address>0x44bc</load_address>
         <run_address>0x44bc</run_address>
         <size>0x4c</size>
         <input_file_ref idref="fl-1d"/>
      </object_component>
      <object_component id="oc-378">
         <name>.text:packet_msglog_uart</name>
         <load_address>0x4508</load_address>
         <run_address>0x4508</run_address>
         <size>0x4a</size>
         <input_file_ref idref="fl-14"/>
      </object_component>
      <object_component id="oc-62f">
         <name>.text:GPIOPinConfigure</name>
         <load_address>0x4554</load_address>
         <run_address>0x4554</run_address>
         <size>0x48</size>
         <input_file_ref idref="fl-101"/>
      </object_component>
      <object_component id="oc-4b7">
         <name>.text:_SysCtlFrequencyGet</name>
         <load_address>0x459c</load_address>
         <run_address>0x459c</run_address>
         <size>0x48</size>
         <input_file_ref idref="fl-107"/>
      </object_component>
      <object_component id="oc-51c">
         <name>.text:queue_create</name>
         <load_address>0x45e4</load_address>
         <run_address>0x45e4</run_address>
         <size>0x48</size>
         <input_file_ref idref="fl-11"/>
      </object_component>
      <object_component id="oc-1e3">
         <name>.text:uxListRemove</name>
         <load_address>0x462c</load_address>
         <run_address>0x462c</run_address>
         <size>0x48</size>
         <input_file_ref idref="fl-1a"/>
      </object_component>
      <object_component id="oc-5e3">
         <name>.text:UARTConfigSetExpClk</name>
         <load_address>0x4674</load_address>
         <run_address>0x4674</run_address>
         <size>0x46</size>
         <input_file_ref idref="fl-108"/>
      </object_component>
      <object_component id="oc-590">
         <name>.text:fp_checksum_calc</name>
         <load_address>0x46ba</load_address>
         <run_address>0x46ba</run_address>
         <size>0x46</size>
         <input_file_ref idref="fl-c"/>
      </object_component>
      <object_component id="oc-76d">
         <name>.text:_GPIOIntNumberGet</name>
         <load_address>0x4700</load_address>
         <run_address>0x4700</run_address>
         <size>0x44</size>
         <input_file_ref idref="fl-101"/>
      </object_component>
      <object_component id="oc-3c8">
         <name>.text:__TI_auto_init_nobinit_nopinit:__TI_auto_init_nobinit_nopinit</name>
         <load_address>0x4744</load_address>
         <run_address>0x4744</run_address>
         <size>0x44</size>
         <input_file_ref idref="fl-fb"/>
      </object_component>
      <object_component id="oc-538">
         <name>.text:xPortStartScheduler</name>
         <load_address>0x4788</load_address>
         <run_address>0x4788</run_address>
         <size>0x44</size>
         <input_file_ref idref="fl-1e"/>
      </object_component>
      <object_component id="oc-741">
         <name>.text:_UARTIntNumberGet</name>
         <load_address>0x47cc</load_address>
         <run_address>0x47cc</run_address>
         <size>0x40</size>
         <input_file_ref idref="fl-108"/>
      </object_component>
      <object_component id="oc-4f8">
         <name>.text:buzzer_dutycycle</name>
         <load_address>0x480c</load_address>
         <run_address>0x480c</run_address>
         <size>0x40</size>
         <input_file_ref idref="fl-a"/>
      </object_component>
      <object_component id="oc-48a">
         <name>.text:fp_get_enrollcount</name>
         <load_address>0x484c</load_address>
         <run_address>0x484c</run_address>
         <size>0x40</size>
         <input_file_ref idref="fl-2"/>
      </object_component>
      <object_component id="oc-417">
         <name>.text</name>
         <load_address>0x488c</load_address>
         <run_address>0x488c</run_address>
         <size>0x40</size>
         <input_file_ref idref="fl-e5"/>
      </object_component>
      <object_component id="oc-d5">
         <name>.text:IsBufferFull</name>
         <load_address>0x48cc</load_address>
         <run_address>0x48cc</run_address>
         <size>0x3c</size>
         <input_file_ref idref="fl-28"/>
      </object_component>
      <object_component id="oc-8f4">
         <name>.text:prvCopyDataFromQueue</name>
         <load_address>0x4908</load_address>
         <run_address>0x4908</run_address>
         <size>0x3c</size>
         <input_file_ref idref="fl-1b"/>
      </object_component>
      <object_component id="oc-1dd">
         <name>.text:prvResetNextTaskUnblockTime</name>
         <load_address>0x4944</load_address>
         <run_address>0x4944</run_address>
         <size>0x3c</size>
         <input_file_ref idref="fl-1c"/>
      </object_component>
      <object_component id="oc-1e9">
         <name>.text:vListInsertEnd</name>
         <load_address>0x4980</load_address>
         <run_address>0x4980</run_address>
         <size>0x3c</size>
         <input_file_ref idref="fl-1a"/>
      </object_component>
      <object_component id="oc-61c">
         <name>.text:SysCtlPeripheralReady</name>
         <load_address>0x49bc</load_address>
         <run_address>0x49bc</run_address>
         <size>0x38</size>
         <input_file_ref idref="fl-107"/>
      </object_component>
      <object_component id="oc-97">
         <name>.text:_c_int00_noargs:_c_int00_noargs</name>
         <load_address>0x49f4</load_address>
         <run_address>0x49f4</run_address>
         <size>0x38</size>
         <input_file_ref idref="fl-ee"/>
      </object_component>
      <object_component id="oc-7d8">
         <name>.text:prvGetNextExpireTime</name>
         <load_address>0x4a2c</load_address>
         <run_address>0x4a2c</run_address>
         <size>0x38</size>
         <input_file_ref idref="fl-1d"/>
      </object_component>
      <object_component id="oc-747">
         <name>.text:IntRegister</name>
         <load_address>0x4a64</load_address>
         <run_address>0x4a64</run_address>
         <size>0x34</size>
         <input_file_ref idref="fl-103"/>
      </object_component>
      <object_component id="oc-60f">
         <name>.text:SysCtlPeripheralEnable</name>
         <load_address>0x4a98</load_address>
         <run_address>0x4a98</run_address>
         <size>0x34</size>
         <input_file_ref idref="fl-107"/>
      </object_component>
      <object_component id="oc-724">
         <name>.text:UARTFlushRx</name>
         <load_address>0x4acc</load_address>
         <run_address>0x4acc</run_address>
         <size>0x34</size>
         <input_file_ref idref="fl-28"/>
      </object_component>
      <object_component id="oc-886">
         <name>.text:prvSampleTimeNow</name>
         <load_address>0x4b00</load_address>
         <run_address>0x4b00</run_address>
         <size>0x34</size>
         <input_file_ref idref="fl-1d"/>
      </object_component>
      <object_component id="oc-fc">
         <name>.text:reset_timer</name>
         <load_address>0x4b34</load_address>
         <run_address>0x4b34</run_address>
         <size>0x30</size>
         <input_file_ref idref="fl-18"/>
      </object_component>
      <object_component id="oc-792">
         <name>.text:vListInitialise</name>
         <load_address>0x4b64</load_address>
         <run_address>0x4b64</run_address>
         <size>0x30</size>
         <input_file_ref idref="fl-1a"/>
      </object_component>
      <object_component id="oc-8ed">
         <name>.text:xTaskGetSchedulerState</name>
         <load_address>0x4b94</load_address>
         <run_address>0x4b94</run_address>
         <size>0x30</size>
         <input_file_ref idref="fl-1c"/>
      </object_component>
      <object_component id="oc-148">
         <name>.text:EMACIntStatus</name>
         <load_address>0x4bc4</load_address>
         <run_address>0x4bc4</run_address>
         <size>0x2c</size>
         <input_file_ref idref="fl-ff"/>
      </object_component>
      <object_component id="oc-c9">
         <name>.text:IsBufferEmpty</name>
         <load_address>0x4bf0</load_address>
         <run_address>0x4bf0</run_address>
         <size>0x2c</size>
         <input_file_ref idref="fl-28"/>
      </object_component>
      <object_component id="oc-41">
         <name>.text:xPortSysTickHandler</name>
         <load_address>0x4c1c</load_address>
         <run_address>0x4c1c</run_address>
         <size>0x2c</size>
         <input_file_ref idref="fl-1e"/>
      </object_component>
      <object_component id="oc-757">
         <name>.text:GPIODirModeSet</name>
         <load_address>0x4c48</load_address>
         <run_address>0x4c48</run_address>
         <size>0x2a</size>
         <input_file_ref idref="fl-101"/>
      </object_component>
      <object_component id="oc-22c">
         <name>.text:keypad_interrupt_enable</name>
         <load_address>0x4c74</load_address>
         <run_address>0x4c74</run_address>
         <size>0x28</size>
         <input_file_ref idref="fl-d"/>
      </object_component>
      <object_component id="oc-858">
         <name>.text:prvIsQueueFull</name>
         <load_address>0x4c9c</load_address>
         <run_address>0x4c9c</run_address>
         <size>0x26</size>
         <input_file_ref idref="fl-1b"/>
      </object_component>
      <object_component id="oc-5ef">
         <name>.text:uart_comm_flushRX</name>
         <load_address>0x4cc2</load_address>
         <run_address>0x4cc2</run_address>
         <size>0x26</size>
         <input_file_ref idref="fl-12"/>
      </object_component>
      <object_component id="oc-ef">
         <name>.text:UARTprintf</name>
         <load_address>0x4ce8</load_address>
         <run_address>0x4ce8</run_address>
         <size>0x24</size>
         <input_file_ref idref="fl-28"/>
      </object_component>
      <object_component id="oc-37e">
         <name>.text:buzzer_onoff</name>
         <load_address>0x4d0c</load_address>
         <run_address>0x4d0c</run_address>
         <size>0x24</size>
         <input_file_ref idref="fl-a"/>
      </object_component>
      <object_component id="oc-372">
         <name>.text:enable_timer_int</name>
         <load_address>0x4d30</load_address>
         <run_address>0x4d30</run_address>
         <size>0x24</size>
         <input_file_ref idref="fl-18"/>
      </object_component>
      <object_component id="oc-6b0">
         <name>.text:vPortEnterCritical</name>
         <load_address>0x4d54</load_address>
         <run_address>0x4d54</run_address>
         <size>0x24</size>
         <input_file_ref idref="fl-1e"/>
      </object_component>
      <object_component id="oc-84c">
         <name>.text:vTaskSetTimeOutState</name>
         <load_address>0x4d78</load_address>
         <run_address>0x4d78</run_address>
         <size>0x24</size>
         <input_file_ref idref="fl-1c"/>
      </object_component>
      <object_component id="oc-629">
         <name>.text:PWMGenConfigure</name>
         <load_address>0x4d9c</load_address>
         <run_address>0x4d9c</run_address>
         <size>0x22</size>
         <input_file_ref idref="fl-104"/>
      </object_component>
      <object_component id="oc-737">
         <name>.text:UARTDisable</name>
         <load_address>0x4dc0</load_address>
         <run_address>0x4dc0</run_address>
         <size>0x20</size>
         <input_file_ref idref="fl-108"/>
      </object_component>
      <object_component id="oc-4b1">
         <name>.text:_SysCtlMemTimingGet</name>
         <load_address>0x4de0</load_address>
         <run_address>0x4de0</run_address>
         <size>0x20</size>
         <input_file_ref idref="fl-107"/>
      </object_component>
      <object_component id="oc-112">
         <name>.text:delay_ms</name>
         <load_address>0x4e00</load_address>
         <run_address>0x4e00</run_address>
         <size>0x20</size>
         <input_file_ref idref="fl-2"/>
      </object_component>
      <object_component id="oc-682">
         <name>.text:fp_led_status</name>
         <load_address>0x4e20</load_address>
         <run_address>0x4e20</run_address>
         <size>0x20</size>
         <input_file_ref idref="fl-2"/>
      </object_component>
      <object_component id="oc-900">
         <name>.text:prvIsQueueEmpty</name>
         <load_address>0x4e40</load_address>
         <run_address>0x4e40</run_address>
         <size>0x20</size>
         <input_file_ref idref="fl-1b"/>
      </object_component>
      <object_component id="oc-648">
         <name>.text:PWMPulseWidthSet</name>
         <load_address>0x4e60</load_address>
         <run_address>0x4e60</run_address>
         <size>0x1e</size>
         <input_file_ref idref="fl-104"/>
      </object_component>
      <object_component id="oc-5ae">
         <name>.text:fp_capture</name>
         <load_address>0x4e7e</load_address>
         <run_address>0x4e7e</run_address>
         <size>0x1c</size>
         <input_file_ref idref="fl-2"/>
      </object_component>
      <object_component id="oc-8fa">
         <name>.text:pvTaskIncrementMutexHeldCount</name>
         <load_address>0x4e9c</load_address>
         <run_address>0x4e9c</run_address>
         <size>0x1c</size>
         <input_file_ref idref="fl-1c"/>
      </object_component>
      <object_component id="oc-6bc">
         <name>.text:vPortExitCritical</name>
         <load_address>0x4eb8</load_address>
         <run_address>0x4eb8</run_address>
         <size>0x1c</size>
         <input_file_ref idref="fl-1e"/>
      </object_component>
      <object_component id="oc-6d7">
         <name>.text:vPortSetupTimerInterrupt</name>
         <load_address>0x4ed4</load_address>
         <run_address>0x4ed4</run_address>
         <size>0x1c</size>
         <input_file_ref idref="fl-1e"/>
      </object_component>
      <object_component id="oc-6d0">
         <name>.text:prvTimerTask</name>
         <load_address>0x4ef0</load_address>
         <run_address>0x4ef0</run_address>
         <size>0x1a</size>
         <input_file_ref idref="fl-1d"/>
      </object_component>
      <object_component id="oc-583">
         <name>.text:uart_send</name>
         <load_address>0x4f0a</load_address>
         <run_address>0x4f0a</run_address>
         <size>0x1a</size>
         <input_file_ref idref="fl-12"/>
      </object_component>
      <object_component id="oc-667">
         <name>.text:GPIOIntRegister</name>
         <load_address>0x4f24</load_address>
         <run_address>0x4f24</run_address>
         <size>0x18</size>
         <input_file_ref idref="fl-101"/>
      </object_component>
      <object_component id="oc-615">
         <name>.text:GPIOPinTypeGPIOOutput</name>
         <load_address>0x4f3c</load_address>
         <run_address>0x4f3c</run_address>
         <size>0x18</size>
         <input_file_ref idref="fl-101"/>
      </object_component>
      <object_component id="oc-5fb">
         <name>.text:UARTIntRegister</name>
         <load_address>0x4f54</load_address>
         <run_address>0x4f54</run_address>
         <size>0x18</size>
         <input_file_ref idref="fl-108"/>
      </object_component>
      <object_component id="oc-f5">
         <name>.text:disable_timer</name>
         <load_address>0x4f6c</load_address>
         <run_address>0x4f6c</run_address>
         <size>0x18</size>
         <input_file_ref idref="fl-18"/>
      </object_component>
      <object_component id="oc-50a">
         <name>.text:fp_init</name>
         <load_address>0x4f84</load_address>
         <run_address>0x4f84</run_address>
         <size>0x18</size>
         <input_file_ref idref="fl-c"/>
      </object_component>
      <object_component id="oc-59">
         <name>.text:timer2handler</name>
         <load_address>0x4f9c</load_address>
         <run_address>0x4f9c</run_address>
         <size>0x18</size>
         <input_file_ref idref="fl-18"/>
      </object_component>
      <object_component id="oc-38a">
         <name>.text:fp_deleteall</name>
         <load_address>0x4fb4</load_address>
         <run_address>0x4fb4</run_address>
         <size>0x16</size>
         <input_file_ref idref="fl-2"/>
      </object_component>
      <object_component id="oc-83b">
         <name>.text:fp_identify</name>
         <load_address>0x4fca</load_address>
         <run_address>0x4fca</run_address>
         <size>0x16</size>
         <input_file_ref idref="fl-c"/>
      </object_component>
      <object_component id="oc-5a7">
         <name>.text:fp_isfingerpress</name>
         <load_address>0x4fe0</load_address>
         <run_address>0x4fe0</run_address>
         <size>0x16</size>
         <input_file_ref idref="fl-2"/>
      </object_component>
      <object_component id="oc-67b">
         <name>.text:fp_open</name>
         <load_address>0x4ff6</load_address>
         <run_address>0x4ff6</run_address>
         <size>0x16</size>
         <input_file_ref idref="fl-2"/>
      </object_component>
      <object_component id="oc-623">
         <name>.text:SysCtlPWMClockSet</name>
         <load_address>0x500c</load_address>
         <run_address>0x500c</run_address>
         <size>0x14</size>
         <input_file_ref idref="fl-107"/>
      </object_component>
      <object_component id="oc-607">
         <name>.text:UARTEnable</name>
         <load_address>0x5020</load_address>
         <run_address>0x5020</run_address>
         <size>0x14</size>
         <input_file_ref idref="fl-108"/>
      </object_component>
      <object_component id="oc-7fa">
         <name>.text:prvDeleteTCB</name>
         <load_address>0x5034</load_address>
         <run_address>0x5034</run_address>
         <size>0x14</size>
         <input_file_ref idref="fl-1c"/>
      </object_component>
      <object_component id="oc-476">
         <name>.text:strlen</name>
         <load_address>0x5048</load_address>
         <run_address>0x5048</run_address>
         <size>0x14</size>
         <input_file_ref idref="fl-f7"/>
      </object_component>
      <object_component id="oc-8d8">
         <name>.text:xTaskGetTickCount</name>
         <load_address>0x505c</load_address>
         <run_address>0x505c</run_address>
         <size>0x14</size>
         <input_file_ref idref="fl-1c"/>
      </object_component>
      <object_component id="oc-655">
         <name>.text:GPIOPinTypeGPIOInput</name>
         <load_address>0x5070</load_address>
         <run_address>0x5070</run_address>
         <size>0x12</size>
         <input_file_ref idref="fl-101"/>
      </object_component>
      <object_component id="oc-635">
         <name>.text:GPIOPinTypePWM</name>
         <load_address>0x5082</load_address>
         <run_address>0x5082</run_address>
         <size>0x12</size>
         <input_file_ref idref="fl-101"/>
      </object_component>
      <object_component id="oc-642">
         <name>.text:PWMGenPeriodGet</name>
         <load_address>0x5094</load_address>
         <run_address>0x5094</run_address>
         <size>0x12</size>
         <input_file_ref idref="fl-104"/>
      </object_component>
      <object_component id="oc-64e">
         <name>.text:PWMOutputState</name>
         <load_address>0x50a6</load_address>
         <run_address>0x50a6</run_address>
         <size>0x12</size>
         <input_file_ref idref="fl-104"/>
      </object_component>
      <object_component id="oc-167">
         <name>.text:IntMasterDisable</name>
         <load_address>0x50b8</load_address>
         <run_address>0x50b8</run_address>
         <size>0x10</size>
         <input_file_ref idref="fl-103"/>
      </object_component>
      <object_component id="oc-18b">
         <name>.text:IntMasterEnable</name>
         <load_address>0x50c8</load_address>
         <run_address>0x50c8</run_address>
         <size>0x10</size>
         <input_file_ref idref="fl-103"/>
      </object_component>
      <object_component id="oc-63c">
         <name>.text:PWMGenPeriodSet</name>
         <load_address>0x50d8</load_address>
         <run_address>0x50d8</run_address>
         <size>0x10</size>
         <input_file_ref idref="fl-104"/>
      </object_component>
      <object_component id="oc-36b">
         <name>.text:fp_interrupt_disable</name>
         <load_address>0x50e8</load_address>
         <run_address>0x50e8</run_address>
         <size>0x10</size>
         <input_file_ref idref="fl-2"/>
      </object_component>
      <object_component id="oc-238">
         <name>.text:fp_interrupt_enable</name>
         <load_address>0x50f8</load_address>
         <run_address>0x50f8</run_address>
         <size>0x10</size>
         <input_file_ref idref="fl-2"/>
      </object_component>
      <object_component id="oc-7ad">
         <name>.text:prvTaskExitError</name>
         <load_address>0x5108</load_address>
         <run_address>0x5108</run_address>
         <size>0x10</size>
         <input_file_ref idref="fl-1e"/>
      </object_component>
      <object_component id="oc-59c">
         <name>.text:uart_busy</name>
         <load_address>0x5118</load_address>
         <run_address>0x5118</run_address>
         <size>0x10</size>
         <input_file_ref idref="fl-2"/>
      </object_component>
      <object_component id="oc-7a6">
         <name>.text:vListInitialiseItem</name>
         <load_address>0x5128</load_address>
         <run_address>0x5128</run_address>
         <size>0x10</size>
         <input_file_ref idref="fl-1a"/>
      </object_component>
      <object_component id="oc-7ee">
         <name>.text:vTaskSuspendAll</name>
         <load_address>0x5138</load_address>
         <run_address>0x5138</run_address>
         <size>0x10</size>
         <input_file_ref idref="fl-1c"/>
      </object_component>
      <object_component id="oc-46f">
         <name>.text:GPIOIntDisable</name>
         <load_address>0x5148</load_address>
         <run_address>0x5148</run_address>
         <size>0xe</size>
         <input_file_ref idref="fl-101"/>
      </object_component>
      <object_component id="oc-49d">
         <name>.text:GPIOIntStatus</name>
         <load_address>0x5156</load_address>
         <run_address>0x5156</run_address>
         <size>0xe</size>
         <input_file_ref idref="fl-101"/>
      </object_component>
      <object_component id="oc-357">
         <name>.text:UARTCharGetNonBlocking</name>
         <load_address>0x5164</load_address>
         <run_address>0x5164</run_address>
         <size>0xe</size>
         <input_file_ref idref="fl-108"/>
      </object_component>
      <object_component id="oc-179">
         <name>.text:UARTCharsAvail</name>
         <load_address>0x5172</load_address>
         <run_address>0x5172</run_address>
         <size>0xe</size>
         <input_file_ref idref="fl-108"/>
      </object_component>
      <object_component id="oc-18">
         <name>.text:decompress:none:__TI_decompress_none</name>
         <load_address>0x5180</load_address>
         <run_address>0x5180</run_address>
         <size>0xe</size>
         <input_file_ref idref="fl-ec"/>
      </object_component>
      <object_component id="oc-34c">
         <name>.text:CPUcpsid</name>
         <load_address>0x518e</load_address>
         <run_address>0x518e</run_address>
         <size>0xc</size>
         <input_file_ref idref="fl-109"/>
      </object_component>
      <object_component id="oc-392">
         <name>.text:CPUcpsie</name>
         <load_address>0x519a</load_address>
         <run_address>0x519a</run_address>
         <size>0xc</size>
         <input_file_ref idref="fl-109"/>
      </object_component>
      <object_component id="oc-428">
         <name>.text:GPIOIntEnable</name>
         <load_address>0x51a6</load_address>
         <run_address>0x51a6</run_address>
         <size>0xc</size>
         <input_file_ref idref="fl-101"/>
      </object_component>
      <object_component id="oc-483">
         <name>.text:PWMGenDisable</name>
         <load_address>0x51b2</load_address>
         <run_address>0x51b2</run_address>
         <size>0xc</size>
         <input_file_ref idref="fl-104"/>
      </object_component>
      <object_component id="oc-47d">
         <name>.text:PWMGenEnable</name>
         <load_address>0x51be</load_address>
         <run_address>0x51be</run_address>
         <size>0xc</size>
         <input_file_ref idref="fl-104"/>
      </object_component>
      <object_component id="oc-5e9">
         <name>.text:UARTTxIntModeSet</name>
         <load_address>0x51ca</load_address>
         <run_address>0x51ca</run_address>
         <size>0xc</size>
         <input_file_ref idref="fl-108"/>
      </object_component>
      <object_component id="oc-8b">
         <name>.text:decompress:ZI:__TI_zero_init</name>
         <load_address>0x51d6</load_address>
         <run_address>0x51d6</run_address>
         <size>0xc</size>
         <input_file_ref idref="fl-eb"/>
      </object_component>
      <object_component id="oc-5f5">
         <name>.text:uart_comm_flushTX</name>
         <load_address>0x51e2</load_address>
         <run_address>0x51e2</run_address>
         <size>0xc</size>
         <input_file_ref idref="fl-12"/>
      </object_component>
      <object_component id="oc-8d1">
         <name>.text:vTaskMissedYield</name>
         <load_address>0x51f0</load_address>
         <run_address>0x51f0</run_address>
         <size>0xc</size>
         <input_file_ref idref="fl-1c"/>
      </object_component>
      <object_component id="oc-5bb">
         <name>.text:UARTCharGet</name>
         <load_address>0x51fc</load_address>
         <run_address>0x51fc</run_address>
         <size>0xa</size>
         <input_file_ref idref="fl-108"/>
      </object_component>
      <object_component id="oc-596">
         <name>.text:UARTCharPut</name>
         <load_address>0x5206</load_address>
         <run_address>0x5206</run_address>
         <size>0xa</size>
         <input_file_ref idref="fl-108"/>
      </object_component>
      <object_component id="oc-16d">
         <name>.text:UARTIntStatus</name>
         <load_address>0x5210</load_address>
         <run_address>0x5210</run_address>
         <size>0xa</size>
         <input_file_ref idref="fl-108"/>
      </object_component>
      <object_component id="oc-53e">
         <name>.text:prvIdleTask</name>
         <load_address>0x521a</load_address>
         <run_address>0x521a</run_address>
         <size>0xa</size>
         <input_file_ref idref="fl-1c"/>
      </object_component>
      <object_component id="oc-1d2">
         <name>.text:vApplicationStackOverflowHook</name>
         <load_address>0x5224</load_address>
         <run_address>0x5224</run_address>
         <size>0xa</size>
         <input_file_ref idref="fl-2"/>
      </object_component>
      <object_component id="oc-79f">
         <name>.text:vPortFree</name>
         <load_address>0x522e</load_address>
         <run_address>0x522e</run_address>
         <size>0xa</size>
         <input_file_ref idref="fl-20"/>
      </object_component>
      <object_component id="oc-14e">
         <name>.text:EMACPowerManagementStatusGet</name>
         <load_address>0x5238</load_address>
         <run_address>0x5238</run_address>
         <size>0x8</size>
         <input_file_ref idref="fl-ff"/>
      </object_component>
      <object_component id="oc-716">
         <name>.text:UARTBusy</name>
         <load_address>0x5240</load_address>
         <run_address>0x5240</run_address>
         <size>0x8</size>
         <input_file_ref idref="fl-108"/>
      </object_component>
      <object_component id="oc-601">
         <name>.text:UARTIntEnable</name>
         <load_address>0x5248</load_address>
         <run_address>0x5248</run_address>
         <size>0x8</size>
         <input_file_ref idref="fl-108"/>
      </object_component>
      <object_component id="oc-154">
         <name>.text:EMACTimestampIntStatus</name>
         <load_address>0x5250</load_address>
         <run_address>0x5250</run_address>
         <size>0x6</size>
         <input_file_ref idref="fl-ff"/>
      </object_component>
      <object_component id="oc-232">
         <name>.text:GPIOIntClear</name>
         <load_address>0x5256</load_address>
         <run_address>0x5256</run_address>
         <size>0x6</size>
         <input_file_ref idref="fl-101"/>
      </object_component>
      <object_component id="oc-832">
         <name>.text:GPIOPinRead</name>
         <load_address>0x525c</load_address>
         <run_address>0x525c</run_address>
         <size>0x6</size>
         <input_file_ref idref="fl-101"/>
      </object_component>
      <object_component id="oc-420">
         <name>.text:GPIOPinWrite</name>
         <load_address>0x5262</load_address>
         <run_address>0x5262</run_address>
         <size>0x6</size>
         <input_file_ref idref="fl-101"/>
      </object_component>
      <object_component id="oc-24">
         <name>.text:ResetISR</name>
         <load_address>0x5268</load_address>
         <run_address>0x5268</run_address>
         <size>0x6</size>
         <input_file_ref idref="fl-3"/>
      </object_component>
      <object_component id="oc-22b">
         <name>.text:SysCtlDelay</name>
         <load_address>0x526e</load_address>
         <run_address>0x526e</run_address>
         <size>0x6</size>
         <input_file_ref idref="fl-107"/>
      </object_component>
      <object_component id="oc-5d6">
         <name>.text:UARTClockSourceSet</name>
         <load_address>0x5274</load_address>
         <run_address>0x5274</run_address>
         <size>0x6</size>
         <input_file_ref idref="fl-108"/>
      </object_component>
      <object_component id="oc-173">
         <name>.text:UARTIntClear</name>
         <load_address>0x527a</load_address>
         <run_address>0x527a</run_address>
         <size>0x4</size>
         <input_file_ref idref="fl-108"/>
      </object_component>
      <object_component id="oc-1af">
         <name>.text:_system_pre_init</name>
         <load_address>0x527e</load_address>
         <run_address>0x527e</run_address>
         <size>0x4</size>
         <input_file_ref idref="fl-fc"/>
      </object_component>
      <object_component id="oc-3bc">
         <name>.text:abort:abort</name>
         <load_address>0x5282</load_address>
         <run_address>0x5282</run_address>
         <size>0x4</size>
         <input_file_ref idref="fl-ef"/>
      </object_component>
      <object_component id="oc-4c0">
         <name>.const:g_pppui32XTALtoVCO</name>
         <load_address>0x5288</load_address>
         <run_address>0x5288</run_address>
         <size>0x1b0</size>
         <input_file_ref idref="fl-107"/>
      </object_component>
      <object_component id="oc-82e">
         <name>.const:g_ppui32GPIOIntMapSnowflake</name>
         <load_address>0x5438</load_address>
         <run_address>0x5438</run_address>
         <size>0xd8</size>
         <input_file_ref idref="fl-101"/>
      </object_component>
      <object_component id="oc-82b">
         <name>.const:g_ppui32GPIOIntMapBlizzard</name>
         <load_address>0x5510</load_address>
         <run_address>0x5510</run_address>
         <size>0xc0</size>
         <input_file_ref idref="fl-101"/>
      </object_component>
      <object_component id="oc-761">
         <name>.const:g_pui32GPIOBaseAddrs</name>
         <load_address>0x55d0</load_address>
         <run_address>0x55d0</run_address>
         <size>0x90</size>
         <input_file_ref idref="fl-101"/>
      </object_component>
      <object_component id="oc-824">
         <name>.const</name>
         <load_address>0x5660</load_address>
         <run_address>0x5660</run_address>
         <size>0x70</size>
         <input_file_ref idref="fl-103"/>
      </object_component>
      <object_component id="oc-4bd">
         <name>.const:g_pui32Xtals</name>
         <load_address>0x56d0</load_address>
         <run_address>0x56d0</run_address>
         <size>0x6c</size>
         <input_file_ref idref="fl-107"/>
      </object_component>
      <object_component id="oc-818">
         <name>.const:g_ppui32UARTIntMap</name>
         <load_address>0x573c</load_address>
         <run_address>0x573c</run_address>
         <size>0x40</size>
         <input_file_ref idref="fl-108"/>
      </object_component>
      <object_component id="oc-81b">
         <name>.const:g_ppui32UARTIntMapSnowflake</name>
         <load_address>0x577c</load_address>
         <run_address>0x577c</run_address>
         <size>0x40</size>
         <input_file_ref idref="fl-108"/>
      </object_component>
      <object_component id="oc-5c2">
         <name>.const:g_sXTALtoMEMTIM</name>
         <load_address>0x57bc</load_address>
         <run_address>0x57bc</run_address>
         <size>0x30</size>
         <input_file_ref idref="fl-107"/>
      </object_component>
      <object_component id="oc-56d">
         <name>.const:.string</name>
         <load_address>0x57ec</load_address>
         <run_address>0x57ec</run_address>
         <size>0x12</size>
         <input_file_ref idref="fl-28"/>
      </object_component>
      <object_component id="oc-5b7">
         <name>.const:.string:$P$T0$1</name>
         <load_address>0x57fe</load_address>
         <run_address>0x57fe</run_address>
         <size>0xc</size>
         <input_file_ref idref="fl-c"/>
      </object_component>
      <object_component id="oc-5a3">
         <name>.const:.string:$P$T1$2</name>
         <load_address>0x580a</load_address>
         <run_address>0x580a</run_address>
         <size>0xc</size>
         <input_file_ref idref="fl-c"/>
      </object_component>
      <object_component id="oc-733">
         <name>.const:g_ui32UARTBase</name>
         <load_address>0x5818</load_address>
         <run_address>0x5818</run_address>
         <size>0xc</size>
         <input_file_ref idref="fl-28"/>
      </object_component>
      <object_component id="oc-1f3">
         <name>.const:g_ui32UARTInt</name>
         <load_address>0x5824</load_address>
         <run_address>0x5824</run_address>
         <size>0xc</size>
         <input_file_ref idref="fl-28"/>
      </object_component>
      <object_component id="oc-730">
         <name>.const:g_ui32UARTPeriph</name>
         <load_address>0x5830</load_address>
         <run_address>0x5830</run_address>
         <size>0xc</size>
         <input_file_ref idref="fl-28"/>
      </object_component>
      <object_component id="oc-4c3">
         <name>.const</name>
         <load_address>0x583c</load_address>
         <run_address>0x583c</run_address>
         <size>0x8</size>
         <input_file_ref idref="fl-107"/>
      </object_component>
      <object_component id="oc-b2">
         <name>.const</name>
         <load_address>0x5844</load_address>
         <run_address>0x5844</run_address>
         <size>0x4</size>
         <input_file_ref idref="fl-1e"/>
      </object_component>
      <object_component id="oc-41c">
         <name>.const</name>
         <load_address>0x5848</load_address>
         <run_address>0x5848</run_address>
         <size>0x4</size>
         <input_file_ref idref="fl-28"/>
      </object_component>
      <object_component id="oc-942">
         <name>.cinit..data.load</name>
         <load_address>0x5850</load_address>
         <run_address>0x5850</run_address>
         <size>0x20</size>
      </object_component>
      <object_component id="oc-93f">
         <name>__TI_handler_table</name>
         <load_address>0x5870</load_address>
         <run_address>0x5870</run_address>
         <size>0xc</size>
      </object_component>
      <object_component id="oc-943">
         <name>.cinit..bss.load</name>
         <load_address>0x5880</load_address>
         <run_address>0x5880</run_address>
         <size>0x8</size>
      </object_component>
      <object_component id="oc-941">
         <name>.cinit..vtable.load</name>
         <load_address>0x5888</load_address>
         <run_address>0x5888</run_address>
         <size>0x8</size>
      </object_component>
      <object_component id="oc-940">
         <name>__TI_cinit_table</name>
         <load_address>0x5890</load_address>
         <run_address>0x5890</run_address>
         <size>0x18</size>
      </object_component>
      <object_component id="oc-81f">
         <name>.vtable</name>
         <uninitialized>true</uninitialized>
         <run_address>0x20000000</run_address>
         <size>0x26c</size>
         <input_file_ref idref="fl-103"/>
      </object_component>
      <object_component id="oc-77a">
         <name>.data:keypad_digits</name>
         <load_address>0x20014bfd</load_address>
         <run_address>0x20014bfd</run_address>
         <size>0x10</size>
         <input_file_ref idref="fl-d"/>
      </object_component>
      <object_component id="oc-af">
         <name>.data</name>
         <load_address>0x20014bb0</load_address>
         <run_address>0x20014bb0</run_address>
         <size>0x38</size>
         <input_file_ref idref="fl-1c"/>
      </object_component>
      <object_component id="oc-6ca">
         <name>.data</name>
         <load_address>0x20014c18</load_address>
         <run_address>0x20014c18</run_address>
         <size>0x8</size>
         <input_file_ref idref="fl-1d"/>
      </object_component>
      <object_component id="oc-6dd">
         <name>.data</name>
         <load_address>0x20014c20</load_address>
         <run_address>0x20014c20</run_address>
         <size>0x4</size>
         <input_file_ref idref="fl-1e"/>
      </object_component>
      <object_component id="oc-842">
         <name>.data</name>
         <load_address>0x20014c10</load_address>
         <run_address>0x20014c10</run_address>
         <size>0x8</size>
         <input_file_ref idref="fl-20"/>
      </object_component>
      <object_component id="oc-db">
         <name>.data</name>
         <load_address>0x20014be8</load_address>
         <run_address>0x20014be8</run_address>
         <size>0x15</size>
         <input_file_ref idref="fl-28"/>
      </object_component>
      <object_component id="oc-103">
         <name>.bss</name>
         <uninitialized>true</uninitialized>
         <run_address>0x20010ba8</run_address>
         <size>0x1</size>
         <input_file_ref idref="fl-18"/>
      </object_component>
[...]
      </symbol>
      <symbol id="sm-66f">
         <name>xQueueGenericSend</name>
         <value>0x18c1</value>
         <object_component_ref idref="oc-798"/>
      </symbol>
      <symbol id="sm-670">
         <name>xQueueGenericReset</name>
         <value>0x2ded</value>
         <object_component_ref idref="oc-78b"/>
      </symbol>
      <symbol id="sm-671">
         <name>xQueueGenericReceive</name>
         <value>0x1271</value>
         <object_component_ref idref="oc-8a1"/>
      </symbol>
      <symbol id="sm-672">
         <name>vQueueWaitForMessageRestricted</name>
         <value>0x42e9</value>
         <object_component_ref idref="oc-88e"/>
      </symbol>
      <symbol id="sm-85a">
         <name>vTaskSuspendAll</name>
         <value>0x5139</value>
         <object_component_ref idref="oc-7ee"/>
      </symbol>
      <symbol id="sm-85b">
         <name>vTaskPriorityInherit</name>
         <value>0x24e9</value>
         <object_component_ref idref="oc-906"/>
      </symbol>
      <symbol id="sm-85c">
         <name>vTaskPlaceOnEventList</name>
         <value>0x3eed</value>
         <object_component_ref idref="oc-85e"/>
      </symbol>
      <symbol id="sm-85d">
         <name>xTaskCheckForTimeOut</name>
         <value>0x3545</value>
         <object_component_ref idref="oc-852"/>
      </symbol>
      <symbol id="sm-85e">
         <name>xTaskPriorityDisinherit</name>
         <value>0x2c01</value>
         <object_component_ref idref="oc-43f"/>
      </symbol>
      <symbol id="sm-85f">
         <name>vTaskStartScheduler</name>
         <value>0x3439</value>
         <object_component_ref idref="oc-3b5"/>
      </symbol>
      <symbol id="sm-860">
         <name>pvTaskIncrementMutexHeldCount</name>
         <value>0x4e9d</value>
         <object_component_ref idref="oc-8fa"/>
      </symbol>
      <symbol id="sm-861">
         <name>vTaskMissedYield</name>
         <value>0x51f1</value>
         <object_component_ref idref="oc-8d1"/>
      </symbol>
      <symbol id="sm-862">
         <name>xTaskResumeAll</name>
         <value>0x1c0d</value>
         <object_component_ref idref="oc-7f4"/>
      </symbol>
      <symbol id="sm-863">
         <name>xTaskGetTickCount</name>
         <value>0x505d</value>
         <object_component_ref idref="oc-8d8"/>
      </symbol>
      <symbol id="sm-864">
         <name>xTaskGenericCreate</name>
         <value>0x1521</value>
         <object_component_ref idref="oc-525"/>
      </symbol>
      <symbol id="sm-865">
         <name>pxCurrentTCB</name>
         <value>0x20014bb0</value>
         <object_component_ref idref="oc-af"/>
      </symbol>
      <symbol id="sm-866">
         <name>vTaskPlaceOnEventListRestricted</name>
         <value>0x3bfd</value>
         <object_component_ref idref="oc-8e5"/>
      </symbol>
      <symbol id="sm-867">
         <name>vTaskSetTimeOutState</name>
         <value>0x4d79</value>
         <object_component_ref idref="oc-84c"/>
      </symbol>
      <symbol id="sm-868">
         <name>xTaskIncrementTick</name>
         <value>0x1659</value>
         <object_component_ref idref="oc-bc"/>
      </symbol>
      <symbol id="sm-869">
         <name>vTaskSwitchContext</name>
         <value>0x1dfd</value>
         <object_component_ref idref="oc-b5"/>
      </symbol>
      <symbol id="sm-86a">
         <name>xTaskGetSchedulerState</name>
         <value>0x4b95</value>
         <object_component_ref idref="oc-8ed"/>
      </symbol>
      <symbol id="sm-86b">
         <name>xTaskRemoveFromEventList</name>
         <value>0x3205</value>
         <object_component_ref idref="oc-2b8"/>
      </symbol>
      <symbol id="sm-937">
         <name>xTimerCreateTimerTask</name>
         <value>0x44bd</value>
         <object_component_ref idref="oc-532"/>
      </symbol>
      <symbol id="sm-938">
         <name>xTimerGenericCommand</name>
         <value>0x3cdd</value>
         <object_component_ref idref="oc-89b"/>
      </symbol>
      <symbol id="sm-997">
         <name>ulMaxSyscallInterruptPriority</name>
         <value>0x5844</value>
         <object_component_ref idref="oc-b2"/>
      </symbol>
      <symbol id="sm-998">
         <name>vPortSetupTimerInterrupt</name>
         <value>0x4ed5</value>
         <object_component_ref idref="oc-6d7"/>
      </symbol>
      <symbol id="sm-999">
         <name>xPortSysTickHandler</name>
         <value>0x4c1d</value>
         <object_component_ref idref="oc-41"/>
      </symbol>
      <symbol id="sm-99a">
         <name>pxPortInitialiseStack</name>
         <value>0x4135</value>
         <object_component_ref idref="oc-6aa"/>
      </symbol>
      <symbol id="sm-99b">
         <name>vPortExitCritical</name>
         <value>0x4eb9</value>
         <object_component_ref idref="oc-6bc"/>
      </symbol>
      <symbol id="sm-99c">
         <name>xPortStartScheduler</name>
         <value>0x4789</value>
         <object_component_ref idref="oc-538"/>
      </symbol>
      <symbol id="sm-99d">
         <name>vPortEnterCritical</name>
         <value>0x4d55</value>
         <object_component_ref idref="oc-6b0"/>
      </symbol>
      <symbol id="sm-9ac">
         <name>vPortStartFirstTask</name>
         <value>0x2325</value>
         <object_component_ref idref="oc-3c"/>
      </symbol>
      <symbol id="sm-9ad">
         <name>ulPortGetIPSR</name>
         <value>0x228d</value>
         <object_component_ref idref="oc-3c"/>
      </symbol>
      <symbol id="sm-9ae">
         <name>vPortEnableVFP</name>
         <value>0x2341</value>
         <object_component_ref idref="oc-3c"/>
      </symbol>
      <symbol id="sm-9af">
         <name>xPortPendSVHandler</name>
         <value>0x22a5</value>
         <object_component_ref idref="oc-3c"/>
      </symbol>
      <symbol id="sm-9b0">
         <name>vPortSVCHandler</name>
         <value>0x2305</value>
         <object_component_ref idref="oc-3c"/>
      </symbol>
      <symbol id="sm-9db">
         <name>pvPortMalloc</name>
         <value>0x3845</value>
         <object_component_ref idref="oc-785"/>
      </symbol>
      <symbol id="sm-9dc">
         <name>vPortFree</name>
         <value>0x522f</value>
         <object_component_ref idref="oc-79f"/>
      </symbol>
      <symbol id="sm-a5c">
         <name>g_pfnTimerHandler</name>
         <value>0x20010b88</value>
      </symbol>
      <symbol id="sm-a5d">
         <name>lwIPEthernetIntHandler</name>
         <value>0x2729</value>
         <object_component_ref idref="oc-5f"/>
      </symbol>
      <symbol id="sm-b6c">
         <name>UARTFlushRx</name>
         <value>0x4acd</value>
         <object_component_ref idref="oc-724"/>
      </symbol>
      <symbol id="sm-b6d">
         <name>UARTFlushTx</name>
         <value>0x438d</value>
         <object_component_ref idref="oc-72a"/>
      </symbol>
      <symbol id="sm-b6e">
         <name>UARTStdioConfig</name>
         <value>0x21a5</value>
         <object_component_ref idref="oc-5dc"/>
      </symbol>
      <symbol id="sm-b6f">
         <name>UARTStdioIntHandler</name>
         <value>0x10e9</value>
         <object_component_ref idref="oc-47"/>
      </symbol>
      <symbol id="sm-b70">
         <name>UARTwrite</name>
         <value>0x25b1</value>
         <object_component_ref idref="oc-cf"/>
      </symbol>
      <symbol id="sm-b71">
         <name>UARTprintf</name>
         <value>0x4ce9</value>
         <object_component_ref idref="oc-ef"/>
      </symbol>
      <symbol id="sm-b72">
         <name>UARTvprintf</name>
         <value>0x5dd</value>
         <object_component_ref idref="oc-209"/>
      </symbol>
      <symbol id="sm-b82">
         <name>__aeabi_uidivmod</name>
         <value>0x488d</value>
         <object_component_ref idref="oc-417"/>
      </symbol>
      <symbol id="sm-b83">
         <name>__aeabi_uidiv</name>
         <value>0x488d</value>
         <object_component_ref idref="oc-417"/>
      </symbol>
      <symbol id="sm-ba0">
         <name>memcpy</name>
         <value>0x2e8d</value>
         <object_component_ref idref="oc-79"/>
      </symbol>
      <symbol id="sm-ba1">
         <name>__aeabi_memcpy</name>
         <value>0x2e8d</value>
         <object_component_ref idref="oc-79"/>
      </symbol>
      <symbol id="sm-ba2">
         <name>__aeabi_memcpy8</name>
         <value>0x2e8d</value>
         <object_component_ref idref="oc-79"/>
      </symbol>
      <symbol id="sm-ba3">
         <name>__aeabi_memcpy4</name>
         <value>0x2e8d</value>
         <object_component_ref idref="oc-79"/>
      </symbol>
      <symbol id="sm-bb3">
         <name>__aeabi_memset</name>
         <value>0x38c3</value>
         <object_component_ref idref="oc-107"/>
      </symbol>
      <symbol id="sm-bb4">
         <name>memset</name>
         <value>0x38c9</value>
         <object_component_ref idref="oc-107"/>
      </symbol>
      <symbol id="sm-bb5">
         <name>__aeabi_memset8</name>
         <value>0x38c3</value>
         <object_component_ref idref="oc-107"/>
      </symbol>
      <symbol id="sm-bb6">
         <name>__aeabi_memset4</name>
         <value>0x38c3</value>
         <object_component_ref idref="oc-107"/>
      </symbol>
      <symbol id="sm-bb7">
         <name>__aeabi_memclr8</name>
         <value>0x38c1</value>
         <object_component_ref idref="oc-107"/>
      </symbol>
      <symbol id="sm-bb8">
         <name>__aeabi_memclr4</name>
         <value>0x38c1</value>
         <object_component_ref idref="oc-107"/>
      </symbol>
      <symbol id="sm-bb9">
         <name>__aeabi_memclr</name>
         <value>0x38c1</value>
         <object_component_ref idref="oc-107"/>
      </symbol>
      <symbol id="sm-bcb">
         <name>__TI_zero_init</name>
         <value>0x51d7</value>
         <object_component_ref idref="oc-8b"/>
      </symbol>
      <symbol id="sm-be2">
         <name>__TI_decompress_none</name>
         <value>0x5181</value>
         <object_component_ref idref="oc-18"/>
      </symbol>
      <symbol id="sm-c05">
         <name>__TI_decompress_lzss</name>
         <value>0x3db5</value>
         <object_component_ref idref="oc-12"/>
      </symbol>
      <symbol id="sm-c18">
         <name>__stack</name>
         <value>0x20010bb0</value>
         <object_component_ref idref="oc-21"/>
      </symbol>
      <symbol id="sm-c19">
         <name>_c_int00_noargs</name>
         <value>0x49f5</value>
         <object_component_ref idref="oc-97"/>
      </symbol>
      <symbol id="sm-c24">
         <name>C$$EXIT</name>
         <value>0x5283</value>
         <object_component_ref idref="oc-3bc"/>
      </symbol>
      <symbol id="sm-c25">
         <name>abort</name>
         <value>0x5283</value>
         <object_component_ref idref="oc-3bc"/>
      </symbol>
      <symbol id="sm-c3a">
         <name>strlen</name>
         <value>0x5049</value>
         <object_component_ref idref="oc-476"/>
      </symbol>
      <symbol id="sm-c46">
         <name>__aeabi_idiv0</name>
         <value>0x364b</value>
         <object_component_ref idref="oc-567"/>
      </symbol>
      <symbol id="sm-c47">
         <name>__aeabi_ldiv0</name>
         <value>0x364b</value>
         <object_component_ref idref="oc-567"/>
      </symbol>
      <symbol id="sm-c6f">
         <name>__TI_auto_init_nobinit_nopinit</name>
         <value>0x4745</value>
         <object_component_ref idref="oc-3c8"/>
      </symbol>
      <symbol id="sm-c79">
         <name>_system_pre_init</name>
         <value>0x527f</value>
         <object_component_ref idref="oc-1af"/>
      </symbol>
      <symbol id="sm-ca8">
         <name>EMACTimestampIntStatus</name>
         <value>0x5251</value>
         <object_component_ref idref="oc-154"/>
      </symbol>
      <symbol id="sm-ca9">
         <name>EMACPowerManagementStatusGet</name>
         <value>0x5239</value>
         <object_component_ref idref="oc-14e"/>
      </symbol>
      <symbol id="sm-caa">
         <name>EMACIntStatus</name>
         <value>0x4bc5</value>
         <object_component_ref idref="oc-148"/>
      </symbol>
      <symbol id="sm-d4c">
         <name>GPIOPinTypePWM</name>
         <value>0x5083</value>
         <object_component_ref idref="oc-635"/>
      </symbol>
      <symbol id="sm-d4d">
         <name>GPIOIntRegister</name>
         <value>0x4f25</value>
         <object_component_ref idref="oc-667"/>
      </symbol>
      <symbol id="sm-d4e">
         <name>GPIOPinConfigure</name>
         <value>0x4555</value>
         <object_component_ref idref="oc-62f"/>
      </symbol>
      <symbol id="sm-d4f">
         <name>GPIOIntDisable</name>
         <value>0x5149</value>
         <object_component_ref idref="oc-46f"/>
      </symbol>
      <symbol id="sm-d50">
         <name>GPIOIntEnable</name>
         <value>0x51a7</value>
         <object_component_ref idref="oc-428"/>
      </symbol>
      <symbol id="sm-d51">
         <name>GPIOIntTypeSet</name>
         <value>0x41e9</value>
         <object_component_ref idref="oc-661"/>
      </symbol>
      <symbol id="sm-d52">
         <name>GPIOPinTypeGPIOInput</name>
         <value>0x5071</value>
         <object_component_ref idref="oc-655"/>
      </symbol>
      <symbol id="sm-d53">
         <name>GPIOIntClear</name>
         <value>0x5257</value>
         <object_component_ref idref="oc-232"/>
      </symbol>
      <symbol id="sm-d54">
         <name>GPIOIntStatus</name>
         <value>0x5157</value>
         <object_component_ref idref="oc-49d"/>
      </symbol>
      <symbol id="sm-d55">
         <name>GPIOPinTypeGPIOOutput</name>
         <value>0x4f3d</value>
         <object_component_ref idref="oc-615"/>
      </symbol>
      <symbol id="sm-d56">
         <name>GPIOPinRead</name>
         <value>0x525d</value>
         <object_component_ref idref="oc-832"/>
      </symbol>
      <symbol id="sm-d57">
         <name>GPIODirModeSet</name>
         <value>0x4c49</value>
         <object_component_ref idref="oc-757"/>
      </symbol>
      <symbol id="sm-d58">
         <name>GPIOPinWrite</name>
         <value>0x5263</value>
         <object_component_ref idref="oc-420"/>
      </symbol>
      <symbol id="sm-d59">
         <name>GPIOPadConfigSet</name>
         <value>0x178d</value>
         <object_component_ref idref="oc-65b"/>
      </symbol>
      <symbol id="sm-da5">
         <name>IntEnable</name>
         <value>0x3d4d</value>
         <object_component_ref idref="oc-74d"/>
      </symbol>
      <symbol id="sm-da6">
         <name>IntRegister</name>
         <value>0x4a65</value>
         <object_component_ref idref="oc-747"/>
      </symbol>
      <symbol id="sm-da7">
         <name>IntMasterDisable</name>
         <value>0x50b9</value>
         <object_component_ref idref="oc-167"/>
      </symbol>
      <symbol id="sm-da8">
         <name>g_pfnRAMVectors</name>
         <value>0x20000000</value>
         <object_component_ref idref="oc-81f"/>
      </symbol>
      <symbol id="sm-da9">
         <name>IntMasterEnable</name>
         <value>0x50c9</value>
         <object_component_ref idref="oc-18b"/>
      </symbol>
      <symbol id="sm-de6">
         <name>PWMGenPeriodSet</name>
         <value>0x50d9</value>
         <object_component_ref idref="oc-63c"/>
      </symbol>
      <symbol id="sm-de7">
         <name>PWMGenDisable</name>
         <value>0x51b3</value>
         <object_component_ref idref="oc-483"/>
      </symbol>
      <symbol id="sm-de8">
         <name>PWMPulseWidthSet</name>
         <value>0x4e61</value>
         <object_component_ref idref="oc-648"/>
      </symbol>
      <symbol id="sm-de9">
         <name>PWMGenPeriodGet</name>
         <value>0x5095</value>
         <object_component_ref idref="oc-642"/>
      </symbol>
      <symbol id="sm-dea">
         <name>PWMOutputState</name>
         <value>0x50a7</value>
         <object_component_ref idref="oc-64e"/>
      </symbol>
      <symbol id="sm-deb">
         <name>PWMGenEnable</name>
         <value>0x51bf</value>
         <object_component_ref idref="oc-47d"/>
      </symbol>
      <symbol id="sm-dec">
         <name>PWMGenConfigure</name>
         <value>0x4d9d</value>
         <object_component_ref idref="oc-629"/>
      </symbol>
      <symbol id="sm-e74">
         <name>SysCtlDelay</name>
         <value>0x526f</value>
         <object_component_ref idref="oc-22b"/>
      </symbol>
      <symbol id="sm-e75">
         <name>SysCtlPeripheralEnable</name>
         <value>0x4a99</value>
         <object_component_ref idref="oc-60f"/>
      </symbol>
      <symbol id="sm-e76">
         <name>SysCtlPWMClockSet</name>
         <value>0x500d</value>
         <object_component_ref idref="oc-623"/>
      </symbol>
      <symbol id="sm-e77">
         <name>SysCtlPeripheralReady</name>
         <value>0x49bd</value>
         <object_component_ref idref="oc-61c"/>
      </symbol>
      <symbol id="sm-e78">
         <name>SysCtlClockFreqSet</name>
         <value>0xb21</value>
         <object_component_ref idref="oc-3a3"/>
      </symbol>
      <symbol id="sm-f12">
         <name>UARTTxIntModeSet</name>
         <value>0x51cb</value>
         <object_component_ref idref="oc-5e9"/>
      </symbol>
      <symbol id="sm-f13">
         <name>UARTConfigSetExpClk</name>
         <value>0x4675</value>
         <object_component_ref idref="oc-5e3"/>
      </symbol>
      <symbol id="sm-f14">
         <name>UARTDisable</name>
         <value>0x4dc1</value>
         <object_component_ref idref="oc-737"/>
      </symbol>
      <symbol id="sm-f15">
         <name>UARTBusy</name>
         <value>0x5241</value>
         <object_component_ref idref="oc-716"/>
      </symbol>
      <symbol id="sm-f16">
         <name>UARTIntEnable</name>
         <value>0x5249</value>
         <object_component_ref idref="oc-601"/>
      </symbol>
      <symbol id="sm-f17">
         <name>UARTCharsAvail</name>
         <value>0x5173</value>
         <object_component_ref idref="oc-179"/>
      </symbol>
      <symbol id="sm-f18">
         <name>UARTCharGetNonBlocking</name>
         <value>0x5165</value>
         <object_component_ref idref="oc-357"/>
      </symbol>
      <symbol id="sm-f19">
         <name>UARTClockSourceSet</name>
         <value>0x5275</value>
         <object_component_ref idref="oc-5d6"/>
      </symbol>
      <symbol id="sm-f1a">
         <name>UARTCharPut</name>
         <value>0x5207</value>
         <object_component_ref idref="oc-596"/>
      </symbol>
      <symbol id="sm-f1b">
         <name>UARTEnable</name>
         <value>0x5021</value>
         <object_component_ref idref="oc-607"/>
      </symbol>
      <symbol id="sm-f1c">
         <name>UARTIntClear</name>
         <value>0x527b</value>
         <object_component_ref idref="oc-173"/>
      </symbol>
      <symbol id="sm-f1d">
         <name>UARTIntStatus</name>
         <value>0x5211</value>
         <object_component_ref idref="oc-16d"/>
      </symbol>
      <symbol id="sm-f1e">
         <name>UARTCharGet</name>
         <value>0x51fd</value>
         <object_component_ref idref="oc-5bb"/>
      </symbol>
      <symbol id="sm-f1f">
         <name>UARTIntRegister</name>
         <value>0x4f55</value>
         <object_component_ref idref="oc-5fb"/>
      </symbol>
      <symbol id="sm-f31">
         <name>CPUcpsie</name>
         <value>0x519b</value>
         <object_component_ref idref="oc-392"/>
      </symbol>
      <symbol id="sm-f32">
         <name>CPUcpsid</name>
         <value>0x518f</value>
         <object_component_ref idref="oc-34c"/>
      </symbol>
      <symbol id="sm-f34">
         <name>__TI_static_base__</name>
         <value>0x0</value>
      </symbol>
      <symbol id="sm-f37">
         <name>__mpu_init</name>
         <value>0x0</value>
      </symbol>
      <symbol id="sm-f38">
         <name>_system_post_cinit</name>
         <value>0x0</value>
      </symbol>
   </symbol_table>
   <title>Link successful</title>
</link_info>
