<?xml version="1.0" encoding="ISO-8859-1" ?>
<link_info>
   <banner>TI ARM Linker PC v18.1.4.LTS</banner>
   <copyright>Copyright (c) 1996-2018 Texas Instruments Incorporated</copyright>
   <link_time>0x5cbee715</link_time>
   <link_errors>0x0</link_errors>
   <output_file>remote_node.out</output_file>
   <entry_point>
      <name>_c_int00_noargs</name>
      <address>0x326d</address>
   </entry_point>
   <input_file_list>
      <input_file id="fl-2">
         <path>.\</path>
         <kind>object</kind>
         <file>main.obj</file>
         <name>main.obj</name>
      </input_file>
      <input_file id="fl-3">
         <path>.\</path>
         <kind>object</kind>
         <file>startup_ccs.obj</file>
         <name>startup_ccs.obj</name>
      </input_file>
      <input_file id="fl-4">
         <path>.\drivers\</path>
         <kind>object</kind>
         <file>buttons.obj</file>
         <name>buttons.obj</name>
      </input_file>
      <input_file id="fl-5">
         <path>.\drivers\</path>
         <kind>object</kind>
         <file>eth_client_lwip.obj</file>
         <name>eth_client_lwip.obj</name>
      </input_file>
      <input_file id="fl-6">
         <path>.\drivers\</path>
         <kind>object</kind>
         <file>exosite_hal_lwip.obj</file>
         <name>exosite_hal_lwip.obj</name>
      </input_file>
      <input_file id="fl-7">
         <path>.\drivers\</path>
         <kind>object</kind>
         <file>http.obj</file>
         <name>http.obj</name>
      </input_file>
      <input_file id="fl-8">
         <path>.\drivers\</path>
         <kind>object</kind>
         <file>pinout.obj</file>
         <name>pinout.obj</name>
      </input_file>
      <input_file id="fl-9">
         <path>.\src\</path>
         <kind>object</kind>
         <file>buzzer.obj</file>
         <name>buzzer.obj</name>
      </input_file>
      <input_file id="fl-a">
         <path>.\src\</path>
         <kind>object</kind>
         <file>checksum.obj</file>
         <name>checksum.obj</name>
      </input_file>
      <input_file id="fl-b">
         <path>.\src\</path>
         <kind>object</kind>
         <file>fingerprint.obj</file>
         <name>fingerprint.obj</name>
      </input_file>
      <input_file id="fl-c">
         <path>.\src\</path>
         <kind>object</kind>
         <file>keypad.obj</file>
         <name>keypad.obj</name>
      </input_file>
      <input_file id="fl-d">
         <path>.\src\</path>
         <kind>object</kind>
         <file>led.obj</file>
         <name>led.obj</name>
      </input_file>
      <input_file id="fl-e">
         <path>.\src\</path>
         <kind>object</kind>
         <file>logger.obj</file>
         <name>logger.obj</name>
      </input_file>
      <input_file id="fl-f">
         <path>.\src\</path>
         <kind>object</kind>
         <file>msg_queue.obj</file>
         <name>msg_queue.obj</name>
      </input_file>
      <input_file id="fl-10">
         <path>.\src\</path>
         <kind>object</kind>
         <file>myuart.obj</file>
         <name>myuart.obj</name>
      </input_file>
      <input_file id="fl-11">
         <path>.\src\</path>
         <kind>object</kind>
         <file>nrf_driver.obj</file>
         <name>nrf_driver.obj</name>
      </input_file>
      <input_file id="fl-12">
         <path>.\src\</path>
         <kind>object</kind>
         <file>spi.obj</file>
         <name>spi.obj</name>
      </input_file>
      <input_file id="fl-13">
         <path>.\src\</path>
         <kind>object</kind>
         <file>sync_objects.obj</file>
         <name>sync_objects.obj</name>
      </input_file>
      <input_file id="fl-14">
         <path>.\src\</path>
         <kind>object</kind>
         <file>temp.obj</file>
         <name>temp.obj</name>
      </input_file>
      <input_file id="fl-15">
         <path>.\src\</path>
         <kind>object</kind>
         <file>timer.obj</file>
         <name>timer.obj</name>
      </input_file>
      <input_file id="fl-16">
         <path>.\src\</path>
         <kind>object</kind>
         <file>uart_comm_bbg.obj</file>
         <name>uart_comm_bbg.obj</name>
      </input_file>
      <input_file id="fl-17">
         <path>.\third_party\FreeRTOS\Source\</path>
         <kind>object</kind>
         <file>list.obj</file>
         <name>list.obj</name>
      </input_file>
      <input_file id="fl-18">
         <path>.\third_party\FreeRTOS\Source\</path>
         <kind>object</kind>
         <file>queue.obj</file>
         <name>queue.obj</name>
      </input_file>
      <input_file id="fl-19">
         <path>.\third_party\FreeRTOS\Source\</path>
         <kind>object</kind>
         <file>tasks.obj</file>
         <name>tasks.obj</name>
      </input_file>
      <input_file id="fl-1a">
         <path>.\third_party\FreeRTOS\Source\</path>
         <kind>object</kind>
         <file>timers.obj</file>
         <name>timers.obj</name>
      </input_file>
      <input_file id="fl-1b">
         <path>.\third_party\FreeRTOS\Source\portable\CCS\ARM_CM4F\</path>
         <kind>object</kind>
         <file>port.obj</file>
         <name>port.obj</name>
      </input_file>
      <input_file id="fl-1c">
         <path>.\third_party\FreeRTOS\Source\portable\CCS\ARM_CM4F\</path>
         <kind>object</kind>
         <file>portasm.obj</file>
         <name>portasm.obj</name>
      </input_file>
      <input_file id="fl-1d">
         <path>.\third_party\FreeRTOS\Source\portable\MemMang\</path>
         <kind>object</kind>
         <file>heap_1.obj</file>
         <name>heap_1.obj</name>
      </input_file>
      <input_file id="fl-1e">
         <path>.\third_party\exosite\</path>
         <kind>object</kind>
         <file>exosite.obj</file>
         <name>exosite.obj</name>
      </input_file>
      <input_file id="fl-1f">
         <path>.\third_party\exosite\</path>
         <kind>object</kind>
         <file>exosite_meta.obj</file>
         <name>exosite_meta.obj</name>
      </input_file>
      <input_file id="fl-20">
         <path>.\utils\</path>
         <kind>object</kind>
         <file>cmdline.obj</file>
         <name>cmdline.obj</name>
      </input_file>
      <input_file id="fl-21">
         <path>.\utils\</path>
         <kind>object</kind>
         <file>flash_pb.obj</file>
         <name>flash_pb.obj</name>
      </input_file>
      <input_file id="fl-22">
         <path>.\utils\</path>
         <kind>object</kind>
         <file>locator.obj</file>
         <name>locator.obj</name>
      </input_file>
      <input_file id="fl-23">
         <path>.\utils\</path>
         <kind>object</kind>
         <file>lwiplib.obj</file>
         <name>lwiplib.obj</name>
      </input_file>
      <input_file id="fl-24">
         <path>.\utils\</path>
         <kind>object</kind>
         <file>ringbuf.obj</file>
         <name>ringbuf.obj</name>
      </input_file>
      <input_file id="fl-25">
         <path>.\utils\</path>
         <kind>object</kind>
         <file>uartstdio.obj</file>
         <name>uartstdio.obj</name>
      </input_file>
      <input_file id="fl-26">
         <path>.\utils\</path>
         <kind>object</kind>
         <file>ustdlib.obj</file>
         <name>ustdlib.obj</name>
      </input_file>
      <input_file id="fl-2c">
         <kind>object</kind>
         <file>&lt;internal&gt;</file>
         <name>&lt;internal&gt;</name>
      </input_file>
      <input_file id="fl-e2">
         <path>C:\ti\ccsv8\tools\compiler\ti-cgt-arm_18.1.4.LTS\lib\</path>
         <kind>archive</kind>
         <file>rtsv7M4_T_le_v4SPD16_eabi.lib</file>
         <name>u_divt2.asm.obj</name>
      </input_file>
      <input_file id="fl-e3">
         <path>C:\ti\ccsv8\tools\compiler\ti-cgt-arm_18.1.4.LTS\lib\</path>
         <kind>archive</kind>
         <file>rtsv7M4_T_le_v4SPD16_eabi.lib</file>
         <name>fd_mul_t2.asm.obj</name>
      </input_file>
      <input_file id="fl-e4">
         <path>C:\ti\ccsv8\tools\compiler\ti-cgt-arm_18.1.4.LTS\lib\</path>
         <kind>archive</kind>
         <file>rtsv7M4_T_le_v4SPD16_eabi.lib</file>
         <name>fd_tos_t2.asm.obj</name>
      </input_file>
      <input_file id="fl-e5">
         <path>C:\ti\ccsv8\tools\compiler\ti-cgt-arm_18.1.4.LTS\lib\</path>
         <kind>archive</kind>
         <file>rtsv7M4_T_le_v4SPD16_eabi.lib</file>
         <name>memcpy_t2.asm.obj</name>
      </input_file>
      <input_file id="fl-e6">
         <path>C:\ti\ccsv8\tools\compiler\ti-cgt-arm_18.1.4.LTS\lib\</path>
         <kind>archive</kind>
         <file>rtsv7M4_T_le_v4SPD16_eabi.lib</file>
         <name>u_tofd_t2.asm.obj</name>
      </input_file>
      <input_file id="fl-e7">
         <path>C:\ti\ccsv8\tools\compiler\ti-cgt-arm_18.1.4.LTS\lib\</path>
         <kind>archive</kind>
         <file>rtsv7M4_T_le_v4SPD16_eabi.lib</file>
         <name>memset_t2.asm.obj</name>
      </input_file>
      <input_file id="fl-e8">
         <path>C:\ti\ccsv8\tools\compiler\ti-cgt-arm_18.1.4.LTS\lib\</path>
         <kind>archive</kind>
         <file>rtsv7M4_T_le_v4SPD16_eabi.lib</file>
         <name>copy_zero_init.c.obj</name>
      </input_file>
      <input_file id="fl-e9">
         <path>C:\ti\ccsv8\tools\compiler\ti-cgt-arm_18.1.4.LTS\lib\</path>
         <kind>archive</kind>
         <file>rtsv7M4_T_le_v4SPD16_eabi.lib</file>
         <name>copy_decompress_none.c.obj</name>
      </input_file>
      <input_file id="fl-ea">
         <path>C:\ti\ccsv8\tools\compiler\ti-cgt-arm_18.1.4.LTS\lib\</path>
         <kind>archive</kind>
         <file>rtsv7M4_T_le_v4SPD16_eabi.lib</file>
         <name>copy_decompress_lzss.c.obj</name>
      </input_file>
      <input_file id="fl-eb">
         <path>C:\ti\ccsv8\tools\compiler\ti-cgt-arm_18.1.4.LTS\lib\</path>
         <kind>archive</kind>
         <file>rtsv7M4_T_le_v4SPD16_eabi.lib</file>
         <name>boot_cortex_m.c.obj</name>
      </input_file>
      <input_file id="fl-ec">
         <path>C:\ti\ccsv8\tools\compiler\ti-cgt-arm_18.1.4.LTS\lib\</path>
         <kind>archive</kind>
         <file>rtsv7M4_T_le_v4SPD16_eabi.lib</file>
         <name>exit.c.obj</name>
      </input_file>
      <input_file id="fl-ed">
         <path>C:\ti\ccsv8\tools\compiler\ti-cgt-arm_18.1.4.LTS\lib\</path>
         <kind>archive</kind>
         <file>rtsv7M4_T_le_v4SPD16_eabi.lib</file>
         <name>_lock.c.obj</name>
      </input_file>
      <input_file id="fl-ee">
         <path>C:\ti\ccsv8\tools\compiler\ti-cgt-arm_18.1.4.LTS\lib\</path>
         <kind>archive</kind>
         <file>rtsv7M4_T_le_v4SPD16_eabi.lib</file>
         <name>args_main.c.obj</name>
      </input_file>
      <input_file id="fl-ef">
         <path>C:\ti\ccsv8\tools\compiler\ti-cgt-arm_18.1.4.LTS\lib\</path>
         <kind>archive</kind>
         <file>rtsv7M4_T_le_v4SPD16_eabi.lib</file>
         <name>memcmp.c.obj</name>
      </input_file>
      <input_file id="fl-f0">
         <path>C:\ti\ccsv8\tools\compiler\ti-cgt-arm_18.1.4.LTS\lib\</path>
         <kind>archive</kind>
         <file>rtsv7M4_T_le_v4SPD16_eabi.lib</file>
         <name>rand.c.obj</name>
      </input_file>
      <input_file id="fl-f1">
         <path>C:\ti\ccsv8\tools\compiler\ti-cgt-arm_18.1.4.LTS\lib\</path>
         <kind>archive</kind>
         <file>rtsv7M4_T_le_v4SPD16_eabi.lib</file>
         <name>strcat.c.obj</name>
      </input_file>
      <input_file id="fl-f2">
         <path>C:\ti\ccsv8\tools\compiler\ti-cgt-arm_18.1.4.LTS\lib\</path>
         <kind>archive</kind>
         <file>rtsv7M4_T_le_v4SPD16_eabi.lib</file>
         <name>strcmp.c.obj</name>
      </input_file>
      <input_file id="fl-f3">
         <path>C:\ti\ccsv8\tools\compiler\ti-cgt-arm_18.1.4.LTS\lib\</path>
         <kind>archive</kind>
         <file>rtsv7M4_T_le_v4SPD16_eabi.lib</file>
         <name>strcpy.c.obj</name>
      </input_file>
      <input_file id="fl-f4">
         <path>C:\ti\ccsv8\tools\compiler\ti-cgt-arm_18.1.4.LTS\lib\</path>
         <kind>archive</kind>
         <file>rtsv7M4_T_le_v4SPD16_eabi.lib</file>
         <name>strlen.c.obj</name>
      </input_file>
      <input_file id="fl-f5">
         <path>C:\ti\ccsv8\tools\compiler\ti-cgt-arm_18.1.4.LTS\lib\</path>
         <kind>archive</kind>
         <file>rtsv7M4_T_le_v4SPD16_eabi.lib</file>
         <name>strncmp.c.obj</name>
      </input_file>
      <input_file id="fl-f6">
         <path>C:\ti\ccsv8\tools\compiler\ti-cgt-arm_18.1.4.LTS\lib\</path>
         <kind>archive</kind>
         <file>rtsv7M4_T_le_v4SPD16_eabi.lib</file>
         <name>strncpy.c.obj</name>
      </input_file>
      <input_file id="fl-f7">
         <path>C:\ti\ccsv8\tools\compiler\ti-cgt-arm_18.1.4.LTS\lib\</path>
         <kind>archive</kind>
         <file>rtsv7M4_T_le_v4SPD16_eabi.lib</file>
         <name>div0.asm.obj</name>
      </input_file>
      <input_file id="fl-f8">
         <path>C:\ti\ccsv8\tools\compiler\ti-cgt-arm_18.1.4.LTS\lib\</path>
         <kind>archive</kind>
         <file>rtsv7M4_T_le_v4SPD16_eabi.lib</file>
         <name>autoinit.c.obj</name>
      </input_file>
      <input_file id="fl-f9">
         <path>C:\ti\ccsv8\tools\compiler\ti-cgt-arm_18.1.4.LTS\lib\</path>
         <kind>archive</kind>
         <file>rtsv7M4_T_le_v4SPD16_eabi.lib</file>
         <name>pre_init.c.obj</name>
      </input_file>
      <input_file id="fl-fa">
         <path>C:\ti\ccsv8\tools\compiler\ti-cgt-arm_18.1.4.LTS\lib\</path>
         <kind>archive</kind>
         <file>rtsv7M4_T_le_v4SPD16_eabi.lib</file>
         <name>cpy_tbl.c.obj</name>
      </input_file>
      <input_file id="fl-fb">
         <path>C:\ti\TivaWare_C_Series-2.1.4.178\driverlib\ccs\Debug\</path>
         <kind>archive</kind>
         <file>driverlib.lib</file>
         <name>eeprom.obj</name>
      </input_file>
      <input_file id="fl-fc">
         <path>C:\ti\TivaWare_C_Series-2.1.4.178\driverlib\ccs\Debug\</path>
         <kind>archive</kind>
         <file>driverlib.lib</file>
         <name>emac.obj</name>
      </input_file>
      <input_file id="fl-fd">
         <path>C:\ti\TivaWare_C_Series-2.1.4.178\driverlib\ccs\Debug\</path>
         <kind>archive</kind>
         <file>driverlib.lib</file>
         <name>flash.obj</name>
      </input_file>
      <input_file id="fl-fe">
         <path>C:\ti\TivaWare_C_Series-2.1.4.178\driverlib\ccs\Debug\</path>
         <kind>archive</kind>
         <file>driverlib.lib</file>
         <name>gpio.obj</name>
      </input_file>
      <input_file id="fl-ff">
         <path>C:\ti\TivaWare_C_Series-2.1.4.178\driverlib\ccs\Debug\</path>
         <kind>archive</kind>
         <file>driverlib.lib</file>
         <name>i2c.obj</name>
      </input_file>
      <input_file id="fl-100">
         <path>C:\ti\TivaWare_C_Series-2.1.4.178\driverlib\ccs\Debug\</path>
         <kind>archive</kind>
         <file>driverlib.lib</file>
         <name>interrupt.obj</name>
      </input_file>
      <input_file id="fl-101">
         <path>C:\ti\TivaWare_C_Series-2.1.4.178\driverlib\ccs\Debug\</path>
         <kind>archive</kind>
         <file>driverlib.lib</file>
         <name>pwm.obj</name>
      </input_file>
      <input_file id="fl-102">
         <path>C:\ti\TivaWare_C_Series-2.1.4.178\driverlib\ccs\Debug\</path>
         <kind>archive</kind>
         <file>driverlib.lib</file>
         <name>ssi.obj</name>
      </input_file>
      <input_file id="fl-103">
         <path>C:\ti\TivaWare_C_Series-2.1.4.178\driverlib\ccs\Debug\</path>
         <kind>archive</kind>
         <file>driverlib.lib</file>
         <name>sw_crc.obj</name>
      </input_file>
      <input_file id="fl-104">
         <path>C:\ti\TivaWare_C_Series-2.1.4.178\driverlib\ccs\Debug\</path>
         <kind>archive</kind>
         <file>driverlib.lib</file>
         <name>sysctl.obj</name>
      </input_file>
      <input_file id="fl-105">
         <path>C:\ti\TivaWare_C_Series-2.1.4.178\driverlib\ccs\Debug\</path>
         <kind>archive</kind>
         <file>driverlib.lib</file>
         <name>uart.obj</name>
      </input_file>
      <input_file id="fl-106">
         <path>C:\ti\TivaWare_C_Series-2.1.4.178\driverlib\ccs\Debug\</path>
         <kind>archive</kind>
         <file>driverlib.lib</file>
         <name>cpu.obj</name>
      </input_file>
      <input_file id="fl-107">
         <path>C:\ti\TivaWare_C_Series-2.1.4.178\sensorlib\ccs\Debug\</path>
         <kind>archive</kind>
         <file>sensorlib.lib</file>
         <name>i2cm_drv.obj</name>
      </input_file>
   </input_file_list>
   <object_component_list>
      <object_component id="oc-f">
         <name>.intvecs</name>
         <load_address>0x0</load_address>
         <run_address>0x0</run_address>
         <size>0x200</size>
         <input_file_ref idref="fl-3"/>
      </object_component>
      <object_component id="oc-2e1">
         <name>.text:UARTvprintf</name>
         <load_address>0x200</load_address>
         <run_address>0x200</run_address>
         <size>0x208</size>
         <input_file_ref idref="fl-25"/>
      </object_component>
      <object_component id="oc-307">
         <name>.text:SysCtlClockFreqSet</name>
         <load_address>0x408</load_address>
         <run_address>0x408</run_address>
         <size>0x200</size>
         <input_file_ref idref="fl-104"/>
      </object_component>
      <object_component id="oc-32b">
         <name>.text:spi_config</name>
         <load_address>0x608</load_address>
         <run_address>0x608</run_address>
         <size>0x1c4</size>
         <input_file_ref idref="fl-12"/>
      </object_component>
      <object_component id="oc-600">
         <name>.text:nrf_log</name>
         <load_address>0x7cc</load_address>
         <run_address>0x7cc</run_address>
         <size>0x178</size>
         <input_file_ref idref="fl-e"/>
      </object_component>
      <object_component id="oc-47">
         <name>.text:UARTStdioIntHandler</name>
         <load_address>0x944</load_address>
         <run_address>0x944</run_address>
         <size>0x170</size>
         <input_file_ref idref="fl-25"/>
      </object_component>
      <object_component id="oc-5ba">
         <name>.text:nrf_irqhandler</name>
         <load_address>0xab4</load_address>
         <run_address>0xab4</run_address>
         <size>0x168</size>
         <input_file_ref idref="fl-11"/>
      </object_component>
      <object_component id="oc-4bf">
         <name>.text:GPIOPadConfigSet</name>
         <load_address>0xc1c</load_address>
         <run_address>0xc1c</run_address>
         <size>0x132</size>
         <input_file_ref idref="fl-fe"/>
      </object_component>
      <object_component id="oc-30">
         <name>.text:FaultISR</name>
         <load_address>0xd4e</load_address>
         <run_address>0xd4e</run_address>
         <size>0x2</size>
         <input_file_ref idref="fl-3"/>
      </object_component>
      <object_component id="oc-62b">
         <name>.text:keypad_button_detect</name>
         <load_address>0xd50</load_address>
         <run_address>0xd50</run_address>
         <size>0x128</size>
         <input_file_ref idref="fl-c"/>
      </object_component>
      <object_component id="oc-343">
         <name>.text:keypad_config</name>
         <load_address>0xe78</load_address>
         <run_address>0xe78</run_address>
         <size>0x128</size>
         <input_file_ref idref="fl-c"/>
      </object_component>
      <object_component id="oc-5e2">
         <name>.text:xQueueGenericReceive</name>
         <load_address>0xfa0</load_address>
         <run_address>0xfa0</run_address>
         <size>0x128</size>
         <input_file_ref idref="fl-18"/>
      </object_component>
      <object_component id="oc-35b">
         <name>.text:fp_responsercv</name>
         <load_address>0x10c8</load_address>
         <run_address>0x10c8</run_address>
         <size>0x11d</size>
         <input_file_ref idref="fl-b"/>
      </object_component>
      <object_component id="oc-36">
         <name>.text:IntDefaultHandler</name>
         <load_address>0x11e6</load_address>
         <run_address>0x11e6</run_address>
         <size>0x2</size>
         <input_file_ref idref="fl-3"/>
      </object_component>
      <object_component id="oc-b6">
         <name>.text:xTaskIncrementTick</name>
         <load_address>0x11e8</load_address>
         <run_address>0x11e8</run_address>
         <size>0x108</size>
         <input_file_ref idref="fl-19"/>
      </object_component>
      <object_component id="oc-4a5">
         <name>.text:temp</name>
         <load_address>0x12f0</load_address>
         <run_address>0x12f0</run_address>
         <size>0x104</size>
         <input_file_ref idref="fl-14"/>
      </object_component>
      <object_component id="oc-e9">
         <name>.text:xQueueGenericSend</name>
         <load_address>0x13f4</load_address>
         <run_address>0x13f4</run_address>
         <size>0xfc</size>
         <input_file_ref idref="fl-18"/>
      </object_component>
      <object_component id="oc-49f">
         <name>.text:xTaskGenericCreate</name>
         <load_address>0x14f0</load_address>
         <run_address>0x14f0</run_address>
         <size>0xfc</size>
         <input_file_ref idref="fl-19"/>
      </object_component>
      <object_component id="oc-1e6">
         <name>.text:xTaskResumeAll</name>
         <load_address>0x15ec</load_address>
         <run_address>0x15ec</run_address>
         <size>0xec</size>
         <input_file_ref idref="fl-19"/>
      </object_component>
      <object_component id="oc-16e">
         <name>.text:main</name>
         <load_address>0x16d8</load_address>
         <run_address>0x16d8</run_address>
         <size>0xd4</size>
         <input_file_ref idref="fl-2"/>
      </object_component>
      <object_component id="oc-3c">
         <name>.text</name>
         <load_address>0x17ac</load_address>
         <run_address>0x17ac</run_address>
         <size>0xd2</size>
         <input_file_ref idref="fl-1c"/>
      </object_component>
      <object_component id="oc-2a">
         <name>.text:NmiSR</name>
         <load_address>0x187e</load_address>
         <run_address>0x187e</run_address>
         <size>0x2</size>
         <input_file_ref idref="fl-3"/>
      </object_component>
      <object_component id="oc-af">
         <name>.text:vTaskSwitchContext</name>
         <load_address>0x1880</load_address>
         <run_address>0x1880</run_address>
         <size>0xc8</size>
         <input_file_ref idref="fl-19"/>
      </object_component>
      <object_component id="oc-5f">
         <name>.text:uart_commhandler</name>
         <load_address>0x1948</load_address>
         <run_address>0x1948</run_address>
         <size>0xbc</size>
         <input_file_ref idref="fl-16"/>
      </object_component>
      <object_component id="oc-452">
         <name>.text:UARTStdioConfig</name>
         <load_address>0x1a04</load_address>
         <run_address>0x1a04</run_address>
         <size>0xb8</size>
         <input_file_ref idref="fl-25"/>
      </object_component>
      <object_component id="oc-59">
         <name>.text:lwIPEthernetIntHandler</name>
         <load_address>0x1abc</load_address>
         <run_address>0x1abc</run_address>
         <size>0xac</size>
         <input_file_ref idref="fl-23"/>
      </object_component>
      <object_component id="oc-c9">
         <name>.text:UARTwrite</name>
         <load_address>0x1b68</load_address>
         <run_address>0x1b68</run_address>
         <size>0xa8</size>
         <input_file_ref idref="fl-25"/>
      </object_component>
      <object_component id="oc-74a">
         <name>.text:prvProcessReceivedCommands</name>
         <load_address>0x1c10</load_address>
         <run_address>0x1c10</run_address>
         <size>0xa4</size>
         <input_file_ref idref="fl-1a"/>
      </object_component>
      <object_component id="oc-bd">
         <name>.text:UARTPrimeTransmit</name>
         <load_address>0x1cb4</load_address>
         <run_address>0x1cb4</run_address>
         <size>0x9c</size>
         <input_file_ref idref="fl-25"/>
      </object_component>
      <object_component id="oc-73">
         <name>.text</name>
         <load_address>0x1d50</load_address>
         <run_address>0x1d50</run_address>
         <size>0x9c</size>
         <input_file_ref idref="fl-e5"/>
      </object_component>
      <object_component id="oc-6ea">
         <name>.text:vTaskPriorityInherit</name>
         <load_address>0x1dec</load_address>
         <run_address>0x1dec</run_address>
         <size>0x98</size>
         <input_file_ref idref="fl-19"/>
      </object_component>
      <object_component id="oc-4d7">
         <name>.text:column_handler</name>
         <load_address>0x1e84</load_address>
         <run_address>0x1e84</run_address>
         <size>0x8c</size>
         <input_file_ref idref="fl-c"/>
      </object_component>
      <object_component id="oc-313">
         <name>.text:sem_create</name>
         <load_address>0x1f10</load_address>
         <run_address>0x1f10</run_address>
         <size>0x8c</size>
         <input_file_ref idref="fl-13"/>
      </object_component>
      <object_component id="oc-401">
         <name>.text:xTaskPriorityDisinherit</name>
         <load_address>0x1f9c</load_address>
         <run_address>0x1f9c</run_address>
         <size>0x84</size>
         <input_file_ref idref="fl-19"/>
      </object_component>
      <object_component id="oc-349">
         <name>.text:uart_configure</name>
         <load_address>0x2020</load_address>
         <run_address>0x2020</run_address>
         <size>0x7c</size>
         <input_file_ref idref="fl-10"/>
      </object_component>
      <object_component id="oc-162">
         <name>.text</name>
         <load_address>0x209c</load_address>
         <run_address>0x209c</run_address>
         <size>0x7a</size>
         <input_file_ref idref="fl-e7"/>
      </object_component>
      <object_component id="oc-7a5">
         <name>.text:_IntDefaultHandler</name>
         <load_address>0x2116</load_address>
         <run_address>0x2116</run_address>
         <size>0x2</size>
         <input_file_ref idref="fl-100"/>
      </object_component>
      <object_component id="oc-1fe">
         <name>.text:xTaskRemoveFromEventList</name>
         <load_address>0x2118</load_address>
         <run_address>0x2118</run_address>
         <size>0x78</size>
         <input_file_ref idref="fl-19"/>
      </object_component>
      <object_component id="oc-1f8">
         <name>.text:prvCopyDataToQueue</name>
         <load_address>0x2190</load_address>
         <run_address>0x2190</run_address>
         <size>0x76</size>
         <input_file_ref idref="fl-18"/>
      </object_component>
      <object_component id="oc-66e">
         <name>.text:_nop</name>
         <load_address>0x2206</load_address>
         <run_address>0x2206</run_address>
         <size>0x2</size>
         <input_file_ref idref="fl-ed"/>
      </object_component>
      <object_component id="oc-319">
         <name>.text:mutex_create</name>
         <load_address>0x2208</load_address>
         <run_address>0x2208</run_address>
         <size>0x74</size>
         <input_file_ref idref="fl-13"/>
      </object_component>
      <object_component id="oc-7de">
         <name>.text:prvSwitchTimerLists</name>
         <load_address>0x227c</load_address>
         <run_address>0x227c</run_address>
         <size>0x74</size>
         <input_file_ref idref="fl-1a"/>
      </object_component>
      <object_component id="oc-5a2">
         <name>.text:xQueueGenericReset</name>
         <load_address>0x22f0</load_address>
         <run_address>0x22f0</run_address>
         <size>0x74</size>
         <input_file_ref idref="fl-18"/>
      </object_component>
      <object_component id="oc-744">
         <name>.text:prvProcessTimerOrBlockTask</name>
         <load_address>0x2364</load_address>
         <run_address>0x2364</run_address>
         <size>0x70</size>
         <input_file_ref idref="fl-1a"/>
      </object_component>
      <object_component id="oc-361">
         <name>.text:vTaskStartScheduler</name>
         <load_address>0x23d4</load_address>
         <run_address>0x23d4</run_address>
         <size>0x70</size>
         <input_file_ref idref="fl-19"/>
      </object_component>
      <object_component id="oc-30d">
         <name>.text:ConfigureUART</name>
         <load_address>0x2444</load_address>
         <run_address>0x2444</run_address>
         <size>0x6c</size>
         <input_file_ref idref="fl-2"/>
      </object_component>
      <object_component id="oc-715">
         <name>.text:IntDisable</name>
         <load_address>0x24b0</load_address>
         <run_address>0x24b0</run_address>
         <size>0x68</size>
         <input_file_ref idref="fl-100"/>
      </object_component>
      <object_component id="oc-616">
         <name>.text:IntEnable</name>
         <load_address>0x2518</load_address>
         <run_address>0x2518</run_address>
         <size>0x68</size>
         <input_file_ref idref="fl-100"/>
      </object_component>
      <object_component id="oc-12">
         <name>.text:decompress:lzss:__TI_decompress_lzss</name>
         <load_address>0x2580</load_address>
         <run_address>0x2580</run_address>
         <size>0x68</size>
         <input_file_ref idref="fl-ea"/>
      </object_component>
      <object_component id="oc-5db">
         <name>.text:prvInitialiseTaskLists</name>
         <load_address>0x25e8</load_address>
         <run_address>0x25e8</run_address>
         <size>0x68</size>
         <input_file_ref idref="fl-19"/>
      </object_component>
      <object_component id="oc-665">
         <name>.text:prvCheckTasksWaitingTermination</name>
         <load_address>0x2650</load_address>
         <run_address>0x2650</run_address>
         <size>0x64</size>
         <input_file_ref idref="fl-19"/>
      </object_component>
      <object_component id="oc-337">
         <name>.text:temptask_init</name>
         <load_address>0x26b4</load_address>
         <run_address>0x26b4</run_address>
         <size>0x64</size>
         <input_file_ref idref="fl-14"/>
      </object_component>
      <object_component id="oc-1e0">
         <name>.text:prvUnlockQueue</name>
         <load_address>0x2718</load_address>
         <run_address>0x2718</run_address>
         <size>0x62</size>
         <input_file_ref idref="fl-18"/>
      </object_component>
      <object_component id="oc-53">
         <name>.text:led_timer0handler</name>
         <load_address>0x277a</load_address>
         <run_address>0x277a</run_address>
         <size>0x2</size>
         <input_file_ref idref="fl-15"/>
      </object_component>
      <object_component id="oc-33d">
         <name>.text:nrf_loggertask_init</name>
         <load_address>0x277c</load_address>
         <run_address>0x277c</run_address>
         <size>0x60</size>
         <input_file_ref idref="fl-e"/>
      </object_component>
      <object_component id="oc-1da">
         <name>.text:xTaskCheckForTimeOut</name>
         <load_address>0x27dc</load_address>
         <run_address>0x27dc</run_address>
         <size>0x60</size>
         <input_file_ref idref="fl-19"/>
      </object_component>
      <object_component id="oc-331">
         <name>.text:led_init</name>
         <load_address>0x283c</load_address>
         <run_address>0x283c</run_address>
         <size>0x5c</size>
         <input_file_ref idref="fl-d"/>
      </object_component>
      <object_component id="oc-64b">
         <name>.text:prvCheckForValidListAndQueue</name>
         <load_address>0x2898</load_address>
         <run_address>0x2898</run_address>
         <size>0x5c</size>
         <input_file_ref idref="fl-1a"/>
      </object_component>
      <object_component id="oc-59c">
         <name>.text:pvPortMalloc</name>
         <load_address>0x28f4</load_address>
         <run_address>0x28f4</run_address>
         <size>0x5c</size>
         <input_file_ref idref="fl-1d"/>
      </object_component>
      <object_component id="oc-10e">
         <name>.text:xQueueGenericSendFromISR</name>
         <load_address>0x2950</load_address>
         <run_address>0x2950</run_address>
         <size>0x5c</size>
         <input_file_ref idref="fl-18"/>
      </object_component>
      <object_component id="oc-1f2">
         <name>.text:vTaskPlaceOnEventList</name>
         <load_address>0x29ac</load_address>
         <run_address>0x29ac</run_address>
         <size>0x58</size>
         <input_file_ref idref="fl-19"/>
      </object_component>
      <object_component id="oc-7e4">
         <name>.text:vTaskPlaceOnEventListRestricted</name>
         <load_address>0x2a04</load_address>
         <run_address>0x2a04</run_address>
         <size>0x58</size>
         <input_file_ref idref="fl-19"/>
      </object_component>
      <object_component id="oc-4cb">
         <name>.text:GPIOIntTypeSet</name>
         <load_address>0x2a5c</load_address>
         <run_address>0x2a5c</run_address>
         <size>0x56</size>
         <input_file_ref idref="fl-fe"/>
      </object_component>
      <object_component id="oc-56d">
         <name>.text</name>
         <load_address>0x2ab2</load_address>
         <run_address>0x2ab2</run_address>
         <size>0x2</size>
         <input_file_ref idref="fl-f7"/>
      </object_component>
      <object_component id="oc-355">
         <name>.text:fp_cmdsend</name>
         <load_address>0x2ab4</load_address>
         <run_address>0x2ab4</run_address>
         <size>0x54</size>
         <input_file_ref idref="fl-b"/>
      </object_component>
      <object_component id="oc-34f">
         <name>.text:fp_interrupt_enable</name>
         <load_address>0x2b08</load_address>
         <run_address>0x2b08</run_address>
         <size>0x54</size>
         <input_file_ref idref="fl-b"/>
      </object_component>
      <object_component id="oc-47e">
         <name>.text:nrf_interrupt_enable</name>
         <load_address>0x2b5c</load_address>
         <run_address>0x2b5c</run_address>
         <size>0x54</size>
         <input_file_ref idref="fl-11"/>
      </object_component>
      <object_component id="oc-7cb">
         <name>.text:xTimerGenericCommand</name>
         <load_address>0x2bb0</load_address>
         <run_address>0x2bb0</run_address>
         <size>0x54</size>
         <input_file_ref idref="fl-1a"/>
      </object_component>
      <object_component id="oc-5cf">
         <name>.text:prvInitialiseTCBVariables</name>
         <load_address>0x2c04</load_address>
         <run_address>0x2c04</run_address>
         <size>0x52</size>
         <input_file_ref idref="fl-19"/>
      </object_component>
      <object_component id="oc-18b">
         <name>.text:vApplicationStackOverflowHook</name>
         <load_address>0x2c56</load_address>
         <run_address>0x2c56</run_address>
         <size>0x2</size>
         <input_file_ref idref="fl-2"/>
      </object_component>
      <object_component id="oc-4eb">
         <name>.text:fp_irqhandler</name>
         <load_address>0x2c58</load_address>
         <run_address>0x2c58</run_address>
         <size>0x50</size>
         <input_file_ref idref="fl-b"/>
      </object_component>
      <object_component id="oc-3f7">
         <name>.text:prvAddCurrentTaskToDelayedList</name>
         <load_address>0x2ca8</load_address>
         <run_address>0x2ca8</run_address>
         <size>0x4c</size>
         <input_file_ref idref="fl-19"/>
      </object_component>
      <object_component id="oc-7c5">
         <name>.text:prvInsertTimerInActiveList</name>
         <load_address>0x2cf4</load_address>
         <run_address>0x2cf4</run_address>
         <size>0x4c</size>
         <input_file_ref idref="fl-1a"/>
      </object_component>
      <object_component id="oc-461">
         <name>.text:xQueueCreateMutex</name>
         <load_address>0x2d40</load_address>
         <run_address>0x2d40</run_address>
         <size>0x4c</size>
         <input_file_ref idref="fl-18"/>
      </object_component>
      <object_component id="oc-485">
         <name>.text:GPIOPinConfigure</name>
         <load_address>0x2d8c</load_address>
         <run_address>0x2d8c</run_address>
         <size>0x48</size>
         <input_file_ref idref="fl-fe"/>
      </object_component>
      <object_component id="oc-43b">
         <name>.text:_SysCtlFrequencyGet</name>
         <load_address>0x2dd4</load_address>
         <run_address>0x2dd4</run_address>
         <size>0x48</size>
         <input_file_ref idref="fl-104"/>
      </object_component>
      <object_component id="oc-7be">
         <name>.text:prvProcessExpiredTimer</name>
         <load_address>0x2e1c</load_address>
         <run_address>0x2e1c</run_address>
         <size>0x48</size>
         <input_file_ref idref="fl-1a"/>
      </object_component>
      <object_component id="oc-4de">
         <name>.text:UARTConfigSetExpClk</name>
         <load_address>0x2e64</load_address>
         <run_address>0x2e64</run_address>
         <size>0x46</size>
         <input_file_ref idref="fl-105"/>
      </object_component>
      <object_component id="oc-6c5">
         <name>.text:vPortFree</name>
         <load_address>0x2eaa</load_address>
         <run_address>0x2eaa</run_address>
         <size>0x2</size>
         <input_file_ref idref="fl-1d"/>
      </object_component>
      <object_component id="oc-60a">
         <name>.text:_GPIOIntNumberGet</name>
         <load_address>0x2eac</load_address>
         <run_address>0x2eac</run_address>
         <size>0x44</size>
         <input_file_ref idref="fl-fe"/>
      </object_component>
      <object_component id="oc-389">
         <name>.text:__TI_auto_init_nobinit_nopinit:__TI_auto_init_nobinit_nopinit</name>
         <load_address>0x2ef0</load_address>
         <run_address>0x2ef0</run_address>
         <size>0x44</size>
         <input_file_ref idref="fl-f8"/>
      </object_component>
      <object_component id="oc-31f">
         <name>.text:queue_create</name>
         <load_address>0x2f34</load_address>
         <run_address>0x2f34</run_address>
         <size>0x44</size>
         <input_file_ref idref="fl-f"/>
      </object_component>
      <object_component id="oc-459">
         <name>.text:xQueueGenericCreate</name>
         <load_address>0x2f78</load_address>
         <run_address>0x2f78</run_address>
         <size>0x42</size>
         <input_file_ref idref="fl-18"/>
      </object_component>
      <object_component id="oc-6a8">
         <name>.text:nrf_read_reg</name>
         <load_address>0x2fbc</load_address>
         <run_address>0x2fbc</run_address>
         <size>0x40</size>
         <input_file_ref idref="fl-11"/>
      </object_component>
      <object_component id="oc-6ae">
         <name>.text:nrf_write_reg</name>
         <load_address>0x2ffc</load_address>
         <run_address>0x2ffc</run_address>
         <size>0x40</size>
         <input_file_ref idref="fl-11"/>
      </object_component>
      <object_component id="oc-42b">
         <name>.text</name>
         <load_address>0x303c</load_address>
         <run_address>0x303c</run_address>
         <size>0x40</size>
         <input_file_ref idref="fl-e2"/>
      </object_component>
      <object_component id="oc-4d">
         <name>.text:temp_timer0handler</name>
         <load_address>0x307c</load_address>
         <run_address>0x307c</run_address>
         <size>0x40</size>
         <input_file_ref idref="fl-15"/>
      </object_component>
      <object_component id="oc-7b8">
         <name>.text:vQueueWaitForMessageRestricted</name>
         <load_address>0x30bc</load_address>
         <run_address>0x30bc</run_address>
         <size>0x40</size>
         <input_file_ref idref="fl-18"/>
      </object_component>
      <object_component id="oc-515">
         <name>.text:xPortStartScheduler</name>
         <load_address>0x30fc</load_address>
         <run_address>0x30fc</run_address>
         <size>0x40</size>
         <input_file_ref idref="fl-1b"/>
      </object_component>
      <object_component id="oc-50f">
         <name>.text:xTimerCreateTimerTask</name>
         <load_address>0x313c</load_address>
         <run_address>0x313c</run_address>
         <size>0x40</size>
         <input_file_ref idref="fl-1a"/>
      </object_component>
      <object_component id="oc-5c9">
         <name>.text:prvAllocateTCBAndStack</name>
         <load_address>0x317c</load_address>
         <run_address>0x317c</run_address>
         <size>0x3e</size>
         <input_file_ref idref="fl-19"/>
      </object_component>
      <object_component id="oc-491">
         <name>.text:SSIConfigSetExpClk</name>
         <load_address>0x31ba</load_address>
         <run_address>0x31ba</run_address>
         <size>0x3c</size>
         <input_file_ref idref="fl-102"/>
      </object_component>
      <object_component id="oc-58f">
         <name>.text:UARTFlushTx</name>
         <load_address>0x31f8</load_address>
         <run_address>0x31f8</run_address>
         <size>0x3c</size>
         <input_file_ref idref="fl-25"/>
      </object_component>
      <object_component id="oc-472">
         <name>.text:SysCtlPeripheralReady</name>
         <load_address>0x3234</load_address>
         <run_address>0x3234</run_address>
         <size>0x38</size>
         <input_file_ref idref="fl-104"/>
      </object_component>
      <object_component id="oc-91">
         <name>.text:_c_int00_noargs:_c_int00_noargs</name>
         <load_address>0x326c</load_address>
         <run_address>0x326c</run_address>
         <size>0x38</size>
         <input_file_ref idref="fl-eb"/>
      </object_component>
      <object_component id="oc-610">
         <name>.text:IntRegister</name>
         <load_address>0x32a4</load_address>
         <run_address>0x32a4</run_address>
         <size>0x34</size>
         <input_file_ref idref="fl-100"/>
      </object_component>
      <object_component id="oc-46c">
         <name>.text:SysCtlPeripheralEnable</name>
         <load_address>0x32d8</load_address>
         <run_address>0x32d8</run_address>
         <size>0x34</size>
         <input_file_ref idref="fl-104"/>
      </object_component>
      <object_component id="oc-325">
         <name>.text:nrf_gpio_init</name>
         <load_address>0x330c</load_address>
         <run_address>0x330c</run_address>
         <size>0x34</size>
         <input_file_ref idref="fl-11"/>
      </object_component>
      <object_component id="oc-5ee">
         <name>.text:rand</name>
         <load_address>0x3340</load_address>
         <run_address>0x3340</run_address>
         <size>0x34</size>
         <input_file_ref idref="fl-f0"/>
      </object_component>
      <object_component id="oc-3f1">
         <name>.text:vListInsert</name>
         <load_address>0x3374</load_address>
         <run_address>0x3374</run_address>
         <size>0x32</size>
         <input_file_ref idref="fl-17"/>
      </object_component>
      <object_component id="oc-72e">
         <name>.text:vQueueAddToRegistry</name>
         <load_address>0x33a8</load_address>
         <run_address>0x33a8</run_address>
         <size>0x30</size>
         <input_file_ref idref="fl-18"/>
      </object_component>
      <object_component id="oc-fc">
         <name>.text:EMACIntStatus</name>
         <load_address>0x33d8</load_address>
         <run_address>0x33d8</run_address>
         <size>0x2c</size>
         <input_file_ref idref="fl-fc"/>
      </object_component>
      <object_component id="oc-589">
         <name>.text:UARTFlushRx</name>
         <load_address>0x3404</load_address>
         <run_address>0x3404</run_address>
         <size>0x2c</size>
         <input_file_ref idref="fl-25"/>
      </object_component>
      <object_component id="oc-196">
         <name>.text:prvResetNextTaskUnblockTime</name>
         <load_address>0x3430</load_address>
         <run_address>0x3430</run_address>
         <size>0x2c</size>
         <input_file_ref idref="fl-19"/>
      </object_component>
      <object_component id="oc-7b6">
         <name>.text:prvSampleTimeNow</name>
         <load_address>0x345c</load_address>
         <run_address>0x345c</run_address>
         <size>0x2c</size>
         <input_file_ref idref="fl-1a"/>
      </object_component>
      <object_component id="oc-41">
         <name>.text:xPortSysTickHandler</name>
         <load_address>0x3488</load_address>
         <run_address>0x3488</run_address>
         <size>0x2c</size>
         <input_file_ref idref="fl-1b"/>
      </object_component>
      <object_component id="oc-5b2">
         <name>.text:GPIODirModeSet</name>
         <load_address>0x34b4</load_address>
         <run_address>0x34b4</run_address>
         <size>0x2a</size>
         <input_file_ref idref="fl-fe"/>
      </object_component>
      <object_component id="oc-6f0">
         <name>.text:prvCopyDataFromQueue</name>
         <load_address>0x34de</load_address>
         <run_address>0x34de</run_address>
         <size>0x28</size>
         <input_file_ref idref="fl-18"/>
      </object_component>
      <object_component id="oc-5d5">
         <name>.text:pxPortInitialiseStack</name>
         <load_address>0x3508</load_address>
         <run_address>0x3508</run_address>
         <size>0x28</size>
         <input_file_ref idref="fl-1b"/>
      </object_component>
      <object_component id="oc-6b4">
         <name>.text:spi_transfer</name>
         <load_address>0x3530</load_address>
         <run_address>0x3530</run_address>
         <size>0x28</size>
         <input_file_ref idref="fl-12"/>
      </object_component>
      <object_component id="oc-19c">
         <name>.text:uxListRemove</name>
         <load_address>0x3558</load_address>
         <run_address>0x3558</run_address>
         <size>0x26</size>
         <input_file_ref idref="fl-17"/>
      </object_component>
      <object_component id="oc-73e">
         <name>.text:prvGetNextExpireTime</name>
         <load_address>0x3580</load_address>
         <run_address>0x3580</run_address>
         <size>0x24</size>
         <input_file_ref idref="fl-1a"/>
      </object_component>
      <object_component id="oc-63c">
         <name>.text:UARTDisable</name>
         <load_address>0x35a4</load_address>
         <run_address>0x35a4</run_address>
         <size>0x20</size>
         <input_file_ref idref="fl-105"/>
      </object_component>
      <object_component id="oc-435">
         <name>.text:_SysCtlMemTimingGet</name>
         <load_address>0x35c4</load_address>
         <run_address>0x35c4</run_address>
         <size>0x20</size>
         <input_file_ref idref="fl-104"/>
      </object_component>
      <object_component id="oc-7ed">
         <name>.text:xTaskGetSchedulerState</name>
         <load_address>0x35e4</load_address>
         <run_address>0x35e4</run_address>
         <size>0x20</size>
         <input_file_ref idref="fl-19"/>
      </object_component>
      <object_component id="oc-1ec">
         <name>.text:prvIsQueueFull</name>
         <load_address>0x3604</load_address>
         <run_address>0x3604</run_address>
         <size>0x1e</size>
         <input_file_ref idref="fl-18"/>
      </object_component>
      <object_component id="oc-5a9">
         <name>.text:vListInitialise</name>
         <load_address>0x3622</load_address>
         <run_address>0x3622</run_address>
         <size>0x1e</size>
         <input_file_ref idref="fl-17"/>
      </object_component>
      <object_component id="oc-1d4">
         <name>.text:vPortEnterCritical</name>
         <load_address>0x3640</load_address>
         <run_address>0x3640</run_address>
         <size>0x1c</size>
         <input_file_ref idref="fl-1b"/>
      </object_component>
      <object_component id="oc-cf">
         <name>.text:IsBufferFull</name>
         <load_address>0x365c</load_address>
         <run_address>0x365c</run_address>
         <size>0x1a</size>
         <input_file_ref idref="fl-25"/>
      </object_component>
      <object_component id="oc-127">
         <name>.text:UARTprintf</name>
         <load_address>0x3676</load_address>
         <run_address>0x3676</run_address>
         <size>0x1a</size>
         <input_file_ref idref="fl-25"/>
      </object_component>
      <object_component id="oc-4f2">
         <name>.text:fp_checksum_calc</name>
         <load_address>0x3690</load_address>
         <run_address>0x3690</run_address>
         <size>0x1a</size>
         <input_file_ref idref="fl-b"/>
      </object_component>
      <object_component id="oc-6e4">
         <name>.text:prvIsQueueEmpty</name>
         <load_address>0x36aa</load_address>
         <run_address>0x36aa</run_address>
         <size>0x1a</size>
         <input_file_ref idref="fl-18"/>
      </object_component>
      <object_component id="oc-4c5">
         <name>.text:GPIOIntRegister</name>
         <load_address>0x36c4</load_address>
         <run_address>0x36c4</run_address>
         <size>0x18</size>
         <input_file_ref idref="fl-fe"/>
      </object_component>
      <object_component id="oc-478">
         <name>.text:GPIOPinTypeGPIOOutput</name>
         <load_address>0x36dc</load_address>
         <run_address>0x36dc</run_address>
         <size>0x18</size>
         <input_file_ref idref="fl-fe"/>
      </object_component>
      <object_component id="oc-6f6">
         <name>.text:pvTaskIncrementMutexHeldCount</name>
         <load_address>0x36f4</load_address>
         <run_address>0x36f4</run_address>
         <size>0x18</size>
         <input_file_ref idref="fl-19"/>
      </object_component>
      <object_component id="oc-1a2">
         <name>.text:vListInsertEnd</name>
         <load_address>0x370c</load_address>
         <run_address>0x370c</run_address>
         <size>0x18</size>
         <input_file_ref idref="fl-17"/>
      </object_component>
      <object_component id="oc-1c2">
         <name>.text:vPortExitCritical</name>
         <load_address>0x3724</load_address>
         <run_address>0x3724</run_address>
         <size>0x18</size>
         <input_file_ref idref="fl-1b"/>
      </object_component>
      <object_component id="oc-65e">
         <name>.text:vPortSetupTimerInterrupt</name>
         <load_address>0x373c</load_address>
         <run_address>0x373c</run_address>
         <size>0x18</size>
         <input_file_ref idref="fl-1b"/>
      </object_component>
      <object_component id="oc-1c8">
         <name>.text:vTaskSetTimeOutState</name>
         <load_address>0x3754</load_address>
         <run_address>0x3754</run_address>
         <size>0x18</size>
         <input_file_ref idref="fl-19"/>
      </object_component>
      <object_component id="oc-61f">
         <name>.text:GPIOIntUnregister</name>
         <load_address>0x376c</load_address>
         <run_address>0x376c</run_address>
         <size>0x14</size>
         <input_file_ref idref="fl-fe"/>
      </object_component>
      <object_component id="oc-71b">
         <name>.text:IntUnregister</name>
         <load_address>0x3780</load_address>
         <run_address>0x3780</run_address>
         <size>0x14</size>
         <input_file_ref idref="fl-100"/>
      </object_component>
      <object_component id="oc-4e4">
         <name>.text:UARTEnable</name>
         <load_address>0x3794</load_address>
         <run_address>0x3794</run_address>
         <size>0x14</size>
         <input_file_ref idref="fl-105"/>
      </object_component>
      <object_component id="oc-651">
         <name>.text:prvTimerTask</name>
         <load_address>0x37a8</load_address>
         <run_address>0x37a8</run_address>
         <size>0x14</size>
         <input_file_ref idref="fl-1a"/>
      </object_component>
      <object_component id="oc-5f4">
         <name>.text:strcpy</name>
         <load_address>0x37bc</load_address>
         <run_address>0x37bc</run_address>
         <size>0x14</size>
         <input_file_ref idref="fl-f3"/>
      </object_component>
      <object_component id="oc-4b9">
         <name>.text:GPIOPinTypeGPIOInput</name>
         <load_address>0x37d0</load_address>
         <run_address>0x37d0</run_address>
         <size>0x12</size>
         <input_file_ref idref="fl-fe"/>
      </object_component>
      <object_component id="oc-48b">
         <name>.text:GPIOPinTypeSSI</name>
         <load_address>0x37e2</load_address>
         <run_address>0x37e2</run_address>
         <size>0x12</size>
         <input_file_ref idref="fl-fe"/>
      </object_component>
      <object_component id="oc-757">
         <name>.text:prvDeleteTCB</name>
         <load_address>0x37f4</load_address>
         <run_address>0x37f4</run_address>
         <size>0x12</size>
         <input_file_ref idref="fl-19"/>
      </object_component>
      <object_component id="oc-11b">
         <name>.text:IntMasterDisable</name>
         <load_address>0x3806</load_address>
         <run_address>0x3806</run_address>
         <size>0x10</size>
         <input_file_ref idref="fl-100"/>
      </object_component>
      <object_component id="oc-13f">
         <name>.text:IntMasterEnable</name>
         <load_address>0x3816</load_address>
         <run_address>0x3816</run_address>
         <size>0x10</size>
         <input_file_ref idref="fl-100"/>
      </object_component>
      <object_component id="oc-6d3">
         <name>.text:prvTaskExitError</name>
         <load_address>0x3826</load_address>
         <run_address>0x3826</run_address>
         <size>0x10</size>
         <input_file_ref idref="fl-1b"/>
      </object_component>
      <object_component id="oc-1ce">
         <name>.text:vTaskSuspendAll</name>
         <load_address>0x3838</load_address>
         <run_address>0x3838</run_address>
         <size>0x10</size>
         <input_file_ref idref="fl-19"/>
      </object_component>
      <object_component id="oc-625">
         <name>.text:GPIOIntStatus</name>
         <load_address>0x3848</load_address>
         <run_address>0x3848</run_address>
         <size>0xe</size>
         <input_file_ref idref="fl-fe"/>
      </object_component>
      <object_component id="oc-c3">
         <name>.text:IsBufferEmpty</name>
         <load_address>0x3856</load_address>
         <run_address>0x3856</run_address>
         <size>0xe</size>
         <input_file_ref idref="fl-25"/>
      </object_component>
      <object_component id="oc-139">
         <name>.text:UARTCharGetNonBlocking</name>
         <load_address>0x3864</load_address>
         <run_address>0x3864</run_address>
         <size>0xe</size>
         <input_file_ref idref="fl-105"/>
      </object_component>
      <object_component id="oc-12d">
         <name>.text:UARTCharsAvail</name>
         <load_address>0x3872</load_address>
         <run_address>0x3872</run_address>
         <size>0xe</size>
         <input_file_ref idref="fl-105"/>
      </object_component>
      <object_component id="oc-18">
         <name>.text:decompress:none:__TI_decompress_none</name>
         <load_address>0x3880</load_address>
         <run_address>0x3880</run_address>
         <size>0xe</size>
         <input_file_ref idref="fl-e9"/>
      </object_component>
      <object_component id="oc-2d8">
         <name>.text:CPUcpsid</name>
         <load_address>0x388e</load_address>
         <run_address>0x388e</run_address>
         <size>0xc</size>
         <input_file_ref idref="fl-106"/>
      </object_component>
      <object_component id="oc-2f0">
         <name>.text:CPUcpsie</name>
         <load_address>0x389a</load_address>
         <run_address>0x389a</run_address>
         <size>0xc</size>
         <input_file_ref idref="fl-106"/>
      </object_component>
      <object_component id="oc-4d1">
         <name>.text:GPIOIntEnable</name>
         <load_address>0x38a6</load_address>
         <run_address>0x38a6</run_address>
         <size>0xc</size>
         <input_file_ref idref="fl-fe"/>
      </object_component>
      <object_component id="oc-781">
         <name>.text:SSIDataGet</name>
         <load_address>0x38b2</load_address>
         <run_address>0x38b2</run_address>
         <size>0xc</size>
         <input_file_ref idref="fl-102"/>
      </object_component>
      <object_component id="oc-85">
         <name>.text:decompress:ZI:__TI_zero_init</name>
         <load_address>0x38be</load_address>
         <run_address>0x38be</run_address>
         <size>0xc</size>
         <input_file_ref idref="fl-e8"/>
      </object_component>
      <object_component id="oc-3e5">
         <name>.text:vTaskMissedYield</name>
         <load_address>0x38cc</load_address>
         <run_address>0x38cc</run_address>
         <size>0xc</size>
         <input_file_ref idref="fl-19"/>
      </object_component>
      <object_component id="oc-5e8">
         <name>.text:xTaskGetTickCount</name>
         <load_address>0x38d8</load_address>
         <run_address>0x38d8</run_address>
         <size>0xc</size>
         <input_file_ref idref="fl-19"/>
      </object_component>
      <object_component id="oc-775">
         <name>.text:SSIDataPut</name>
         <load_address>0x38e4</load_address>
         <run_address>0x38e4</run_address>
         <size>0xa</size>
         <input_file_ref idref="fl-102"/>
      </object_component>
      <object_component id="oc-497">
         <name>.text:SSIEnable</name>
         <load_address>0x38ee</load_address>
         <run_address>0x38ee</run_address>
         <size>0xa</size>
         <input_file_ref idref="fl-102"/>
      </object_component>
      <object_component id="oc-508">
         <name>.text:UARTCharGet</name>
         <load_address>0x38f8</load_address>
         <run_address>0x38f8</run_address>
         <size>0xa</size>
         <input_file_ref idref="fl-105"/>
      </object_component>
      <object_component id="oc-4f8">
         <name>.text:UARTCharPut</name>
         <load_address>0x3902</load_address>
         <run_address>0x3902</run_address>
         <size>0xa</size>
         <input_file_ref idref="fl-105"/>
      </object_component>
      <object_component id="oc-121">
         <name>.text:UARTIntStatus</name>
         <load_address>0x390c</load_address>
         <run_address>0x390c</run_address>
         <size>0xa</size>
         <input_file_ref idref="fl-105"/>
      </object_component>
      <object_component id="oc-102">
         <name>.text:EMACPowerManagementStatusGet</name>
         <load_address>0x3916</load_address>
         <run_address>0x3916</run_address>
         <size>0x8</size>
         <input_file_ref idref="fl-fc"/>
      </object_component>
      <object_component id="oc-77b">
         <name>.text:SSIBusy</name>
         <load_address>0x391e</load_address>
         <run_address>0x391e</run_address>
         <size>0x8</size>
         <input_file_ref idref="fl-102"/>
      </object_component>
      <object_component id="oc-4fe">
         <name>.text:UARTBusy</name>
         <load_address>0x3926</load_address>
         <run_address>0x3926</run_address>
         <size>0x8</size>
         <input_file_ref idref="fl-105"/>
      </object_component>
      <object_component id="oc-4ac">
         <name>.text:nrf_logger</name>
         <load_address>0x392e</load_address>
         <run_address>0x392e</run_address>
         <size>0x8</size>
         <input_file_ref idref="fl-e"/>
      </object_component>
      <object_component id="oc-51b">
         <name>.text:prvIdleTask</name>
         <load_address>0x3936</load_address>
         <run_address>0x3936</run_address>
         <size>0x8</size>
         <input_file_ref idref="fl-19"/>
      </object_component>
      <object_component id="oc-108">
         <name>.text:EMACTimestampIntStatus</name>
         <load_address>0x393e</load_address>
         <run_address>0x393e</run_address>
         <size>0x6</size>
         <input_file_ref idref="fl-fc"/>
      </object_component>
      <object_component id="oc-632">
         <name>.text:GPIOIntClear</name>
         <load_address>0x3944</load_address>
         <run_address>0x3944</run_address>
         <size>0x6</size>
         <input_file_ref idref="fl-fe"/>
      </object_component>
      <object_component id="oc-723">
         <name>.text:GPIOPinRead</name>
         <load_address>0x394a</load_address>
         <run_address>0x394a</run_address>
         <size>0x6</size>
         <input_file_ref idref="fl-fe"/>
      </object_component>
      <object_component id="oc-4b3">
         <name>.text:GPIOPinWrite</name>
         <load_address>0x3950</load_address>
         <run_address>0x3950</run_address>
         <size>0x6</size>
         <input_file_ref idref="fl-fe"/>
      </object_component>
      <object_component id="oc-24">
         <name>.text:ResetISR</name>
         <load_address>0x3956</load_address>
         <run_address>0x3956</run_address>
         <size>0x6</size>
         <input_file_ref idref="fl-3"/>
      </object_component>
      <object_component id="oc-631">
         <name>.text:SysCtlDelay</name>
         <load_address>0x395c</load_address>
         <run_address>0x395c</run_address>
         <size>0x6</size>
         <input_file_ref idref="fl-104"/>
      </object_component>
      <object_component id="oc-44c">
         <name>.text:UARTClockSourceSet</name>
         <load_address>0x3962</load_address>
         <run_address>0x3962</run_address>
         <size>0x6</size>
         <input_file_ref idref="fl-105"/>
      </object_component>
      <object_component id="oc-6ba">
         <name>.text:spi_dummy_transfer</name>
         <load_address>0x3968</load_address>
         <run_address>0x3968</run_address>
         <size>0x6</size>
         <input_file_ref idref="fl-12"/>
      </object_component>
      <object_component id="oc-6cc">
         <name>.text:vListInitialiseItem</name>
         <load_address>0x396e</load_address>
         <run_address>0x396e</run_address>
         <size>0x6</size>
         <input_file_ref idref="fl-17"/>
      </object_component>
      <object_component id="oc-133">
         <name>.text:UARTIntClear</name>
         <load_address>0x3974</load_address>
         <run_address>0x3974</run_address>
         <size>0x4</size>
         <input_file_ref idref="fl-105"/>
      </object_component>
      <object_component id="oc-168">
         <name>.text:_system_pre_init</name>
         <load_address>0x3978</load_address>
         <run_address>0x3978</run_address>
         <size>0x4</size>
         <input_file_ref idref="fl-f9"/>
      </object_component>
      <object_component id="oc-37d">
         <name>.text:abort:abort</name>
         <load_address>0x397c</load_address>
         <run_address>0x397c</run_address>
         <size>0x4</size>
         <input_file_ref idref="fl-ec"/>
      </object_component>
      <object_component id="oc-444">
         <name>.const:g_pppui32XTALtoVCO</name>
         <load_address>0x3980</load_address>
         <run_address>0x3980</run_address>
         <size>0x1b0</size>
         <input_file_ref idref="fl-104"/>
      </object_component>
      <object_component id="oc-708">
         <name>.const:g_ppui32GPIOIntMapSnowflake</name>
         <load_address>0x3b30</load_address>
         <run_address>0x3b30</run_address>
         <size>0xd8</size>
         <input_file_ref idref="fl-fe"/>
      </object_component>
      <object_component id="oc-705">
         <name>.const:g_ppui32GPIOIntMapBlizzard</name>
         <load_address>0x3c08</load_address>
         <run_address>0x3c08</run_address>
         <size>0xc0</size>
         <input_file_ref idref="fl-fe"/>
      </object_component>
      <object_component id="oc-5c1">
         <name>.const:g_pui32GPIOBaseAddrs</name>
         <load_address>0x3cc8</load_address>
         <run_address>0x3cc8</run_address>
         <size>0x90</size>
         <input_file_ref idref="fl-fe"/>
      </object_component>
      <object_component id="oc-711">
         <name>.const</name>
         <load_address>0x3d58</load_address>
         <run_address>0x3d58</run_address>
         <size>0x70</size>
         <input_file_ref idref="fl-100"/>
      </object_component>
      <object_component id="oc-441">
         <name>.const:g_pui32Xtals</name>
         <load_address>0x3dc8</load_address>
         <run_address>0x3dc8</run_address>
         <size>0x6c</size>
         <input_file_ref idref="fl-104"/>
      </object_component>
      <object_component id="oc-576">
         <name>.const:g_sXTALtoMEMTIM</name>
         <load_address>0x3e34</load_address>
         <run_address>0x3e34</run_address>
         <size>0x30</size>
         <input_file_ref idref="fl-104"/>
      </object_component>
      <object_component id="oc-573">
         <name>.const:.string</name>
         <load_address>0x3e64</load_address>
         <run_address>0x3e64</run_address>
         <size>0x12</size>
         <input_file_ref idref="fl-25"/>
      </object_component>
      <object_component id="oc-504">
         <name>.const:.string:$P$T0$1</name>
         <load_address>0x3e76</load_address>
         <run_address>0x3e76</run_address>
         <size>0xc</size>
         <input_file_ref idref="fl-b"/>
      </object_component>
      <object_component id="oc-598">
         <name>.const:g_ui32UARTBase</name>
         <load_address>0x3e84</load_address>
         <run_address>0x3e84</run_address>
         <size>0xc</size>
         <input_file_ref idref="fl-25"/>
      </object_component>
      <object_component id="oc-1ac">
         <name>.const:g_ui32UARTInt</name>
         <load_address>0x3e90</load_address>
         <run_address>0x3e90</run_address>
         <size>0xc</size>
         <input_file_ref idref="fl-25"/>
      </object_component>
      <object_component id="oc-595">
         <name>.const:g_ui32UARTPeriph</name>
         <load_address>0x3e9c</load_address>
         <run_address>0x3e9c</run_address>
         <size>0xc</size>
         <input_file_ref idref="fl-25"/>
      </object_component>
      <object_component id="oc-447">
         <name>.const</name>
         <load_address>0x3ea8</load_address>
         <run_address>0x3ea8</run_address>
         <size>0x8</size>
         <input_file_ref idref="fl-104"/>
      </object_component>
      <object_component id="oc-ac">
         <name>.const</name>
         <load_address>0x3eb0</load_address>
         <run_address>0x3eb0</run_address>
         <size>0x4</size>
         <input_file_ref idref="fl-1b"/>
      </object_component>
      <object_component id="oc-430">
         <name>.const</name>
         <load_address>0x3eb4</load_address>
         <run_address>0x3eb4</run_address>
         <size>0x4</size>
         <input_file_ref idref="fl-25"/>
      </object_component>
      <object_component id="oc-821">
         <name>.cinit..data.load</name>
         <load_address>0x3eb8</load_address>
         <run_address>0x3eb8</run_address>
         <size>0x29</size>
      </object_component>
      <object_component id="oc-81e">
         <name>__TI_handler_table</name>
         <load_address>0x3ee4</load_address>
         <run_address>0x3ee4</run_address>
         <size>0xc</size>
      </object_component>
      <object_component id="oc-822">
         <name>.cinit..bss.load</name>
         <load_address>0x3ef0</load_address>
         <run_address>0x3ef0</run_address>
         <size>0x8</size>
      </object_component>
      <object_component id="oc-820">
         <name>.cinit..vtable.load</name>
         <load_address>0x3ef8</load_address>
         <run_address>0x3ef8</run_address>
         <size>0x8</size>
      </object_component>
      <object_component id="oc-81f">
         <name>__TI_cinit_table</name>
         <load_address>0x3f00</load_address>
         <run_address>0x3f00</run_address>
         <size>0x18</size>
      </object_component>
      <object_component id="oc-70c">
         <name>.vtable</name>
         <uninitialized>true</uninitialized>
         <run_address>0x20000000</run_address>
         <size>0x26c</size>
         <input_file_ref idref="fl-100"/>
      </object_component>
      <object_component id="oc-638">
         <name>.data:keypad_digits</name>
         <load_address>0x200149f5</load_address>
         <run_address>0x200149f5</run_address>
         <size>0x10</size>
         <input_file_ref idref="fl-c"/>
      </object_component>
      <object_component id="oc-a9">
         <name>.data</name>
         <load_address>0x200149a8</load_address>
         <run_address>0x200149a8</run_address>
         <size>0x38</size>
         <input_file_ref idref="fl-19"/>
      </object_component>
      <object_component id="oc-657">
         <name>.data</name>
         <load_address>0x20014a18</load_address>
         <run_address>0x20014a18</run_address>
         <size>0x8</size>
         <input_file_ref idref="fl-1a"/>
      </object_component>
      <object_component id="oc-3dd">
         <name>.data</name>
         <load_address>0x20014a20</load_address>
         <run_address>0x20014a20</run_address>
         <size>0x4</size>
         <input_file_ref idref="fl-1b"/>
      </object_component>
      <object_component id="oc-69b">
         <name>.data</name>
         <load_address>0x20014a10</load_address>
         <run_address>0x20014a10</run_address>
         <size>0x8</size>
         <input_file_ref idref="fl-1d"/>
      </object_component>
      <object_component id="oc-d5">
         <name>.data</name>
         <load_address>0x200149e0</load_address>
         <run_address>0x200149e0</run_address>
         <size>0x15</size>
         <input_file_ref idref="fl-25"/>
      </object_component>
      <object_component id="oc-53a">
         <name>.data:$O1$$</name>
         <load_address>0x20014a08</load_address>
         <run_address>0x20014a08</run_address>
         <size>0x8</size>
         <input_file_ref idref="fl-ed"/>
      </object_component>
      <object_component id="oc-6fe">
         <name>.data</name>
         <load_address>0x20014a24</load_address>
         <run_address>0x20014a24</run_address>
         <size>0x4</size>
         <input_file_ref idref="fl-f0"/>
      </object_component>
      <object_component id="oc-192">
         <name>.bss:pxReadyTasksLists</name>
         <uninitialized>true</uninitialized>
         <run_address>0x2001066c</run_address>
         <size>0x140</size>
         <input_file_ref idref="fl-19"/>
      </object_component>
      <object_component id="oc-6da">
         <name>.bss:xDelayedTaskList1</name>
         <uninitialized>true</uninitialized>
         <run_address>0x20010908</run_address>
         <size>0x14</size>
         <input_file_ref idref="fl-19"/>
      </object_component>
      <object_component id="oc-6dd">
         <name>.bss:xDelayedTaskList2</name>
         <uninitialized>true</uninitialized>
         <run_address>0x2001091c</run_address>
         <size>0x14</size>
         <input_file_ref idref="fl-19"/>
      </object_component>
      <object_component id="oc-1a8">
         <name>.bss</name>
         <uninitialized>true</uninitialized>
         <run_address>0x2001096c</run_address>
         <size>0x8</size>
         <input_file_ref idref="fl-19"/>
      </object_component>
      <object_component id="oc-3ec">
         <name>.bss:xPendingReadyList</name>
         <uninitialized>true</uninitialized>
         <run_address>0x20010930</run_address>
         <size>0x14</size>
         <input_file_ref idref="fl-19"/>
      </object_component>
      <object_component id="oc-6e0">
         <name>.bss:xTasksWaitingTermination</name>
         <uninitialized>true</uninitialized>
         <run_address>0x20010958</run_address>
         <size>0x14</size>
         <input_file_ref idref="fl-19"/>
      </object_component>
      <object_component id="oc-3fd">
         <name>.bss:xSuspendedTaskList</name>
         <uninitialized>true</uninitialized>
         <run_address>0x20010944</run_address>
         <size>0x14</size>
         <input_file_ref idref="fl-19"/>
      </object_component>
      <object_component id="oc-734">
         <name>.bss:xActiveTimerList1</name>
         <uninitialized>true</uninitialized>
         <run_address>0x200108e0</run_address>
         <size>0x14</size>
         <input_file_ref idref="fl-1a"/>
      </object_component>
      <object_component id="oc-737">
         <name>.bss:xActiveTimerList2</name>
         <uninitialized>true</uninitialized>
         <run_address>0x200108f4</run_address>
         <size>0x14</size>
         <input_file_ref idref="fl-1a"/>
      </object_component>
      <object_component id="oc-73a">
         <name>.bss</name>
         <uninitialized>true</uninitialized>
         <run_address>0x20010974</run_address>
         <size>0x8</size>
         <input_file_ref idref="fl-1a"/>
      </object_component>
      <object_component id="oc-69e">
         <name>.bss:ucHeap</name>
         <uninitialized>true</uninitialized>
         <run_address>0x2000026c</run_address>
         <size>0x10000</size>
         <input_file_ref idref="fl-1d"/>
      </object_component>
      <object_component id="oc-117">
         <name>.bss</name>
         <uninitialized>true</uninitialized>
         <run_address>0x2001082c</run_address>
         <size>0x64</size>
         <input_file_ref idref="fl-23"/>
      </object_component>
      <object_component id="oc-d8">
         <name>.bss</name>
         <uninitialized>true</uninitialized>
         <run_address>0x2001097c</run_address>
         <size>0x8</size>
         <input_file_ref idref="fl-25"/>
      </object_component>
      <object_component id="oc-1af">
         <name>.bss:g_pcUARTTxBuffer</name>
         <uninitialized>true</uninitialized>
         <run_address>0x2001026c</run_address>
         <size>0x400</size>
         <input_file_ref idref="fl-25"/>
      </object_component>
      <object_component id="oc-db">
         <name>.bss:g_pcUARTRxBuffer</name>
         <uninitialized>true</uninitialized>
         <run_address>0x200107ac</run_address>
         <size>0x80</size>
         <input_file_ref idref="fl-25"/>
      </object_component>
      <object_component id="oc-367">
         <name>.common:g_ui32SysClock</name>
         <uninitialized>true</uninitialized>
         <run_address>0x20010998</run_address>
         <size>0x4</size>
      </object_component>
      <object_component id="oc-46a">
         <name>.common:nrf_log_mq</name>
         <uninitialized>true</uninitialized>
         <run_address>0x200109a0</run_address>
         <size>0x4</size>
      </object_component>
      <object_component id="oc-467">
         <name>.common:g_uartsem</name>
         <uninitialized>true</uninitialized>
         <run_address>0x20010994</run_address>
         <size>0x4</size>
      </object_component>
      <object_component id="oc-468">
         <name>.common:g_qsem</name>
         <uninitialized>true</uninitialized>
         <run_address>0x2001098c</run_address>
         <size>0x4</size>
      </object_component>
      <object_component id="oc-ef">
         <name>.common:g_temp</name>
         <uninitialized>true</uninitialized>
         <run_address>0x20010990</run_address>
         <size>0x4</size>
      </object_component>
      <object_component id="oc-45f">
         <name>.common:g_led</name>
         <uninitialized>true</uninitialized>
         <run_address>0x20010984</run_address>
         <size>0x4</size>
      </object_component>
      <object_component id="oc-191">
         <name>.common:g_vulRunTimeStatsCountValue</name>
         <uninitialized>true</uninitialized>
         <run_address>0x2001099c</run_address>
         <size>0x4</size>
      </object_component>
      <object_component id="oc-7ad">
         <name>.common:xQueueRegistry</name>
         <uninitialized>true</uninitialized>
         <run_address>0x20010890</run_address>
         <size>0x50</size>
      </object_component>
      <object_component id="oc-114">
         <name>.common:g_pfnTimerHandler</name>
         <uninitialized>true</uninitialized>
         <run_address>0x20010988</run_address>
         <size>0x4</size>
      </object_component>
      <object_component id="oc-21">
         <name>.stack</name>
         <uninitialized>true</uninitialized>
         <run_address>0x200109a8</run_address>
         <size>0x4</size>
         <input_file_ref idref="fl-eb"/>
      </object_component>
      <object_component id="oc-823">
         <name>.stack</name>
         <uninitialized>true</uninitialized>
         <run_address>0x200109a8</run_address>
         <size>0x0</size>
      </object_component>
      <object_component id="oc-f0">
         <name>.debug_info</name>
         <load_address>0x0</load_address>
         <run_address>0x0</run_address>
         <size>0x93b</size>
         <input_file_ref idref="fl-2"/>
      </object_component>
      <object_component id="oc-18d">
         <name>.debug_info</name>
         <load_address>0x93b</load_address>
         <run_address>0x93b</run_address>
         <size>0x14a</size>
         <input_file_ref idref="fl-2"/>
      </object_component>
      <object_component id="oc-30f">
         <name>.debug_info</name>
         <load_address>0xa85</load_address>
         <run_address>0xa85</run_address>
         <size>0x150</size>
         <input_file_ref idref="fl-2"/>
      </object_component>
      <object_component id="oc-170">
         <name>.debug_info</name>
         <load_address>0xbd5</load_address>
         <run_address>0xbd5</run_address>
         <size>0x255</size>
         <input_file_ref idref="fl-2"/>
      </object_component>
      <object_component id="oc-20c">
         <name>.debug_info</name>
         <load_address>0xe2a</load_address>
         <run_address>0xe2a</run_address>
         <size>0x2ef</size>
         <input_file_ref idref="fl-2"/>
      </object_component>
      <object_component id="oc-22c">
         <name>.debug_info</name>
         <load_address>0x1119</load_address>
         <run_address>0x1119</run_address>
         <size>0x5d</size>
         <input_file_ref idref="fl-2"/>
      </object_component>
      <object_component id="oc-227">
         <name>.debug_info</name>
         <load_address>0x1176</load_address>
         <run_address>0x1176</run_address>
         <size>0x9e</size>
         <input_file_ref idref="fl-2"/>
      </object_component>
      <object_component id="oc-213">
         <name>.debug_info</name>
         <load_address>0x1214</load_address>
         <run_address>0x1214</run_address>
         <size>0x4e6</size>
         <input_file_ref idref="fl-2"/>
      </object_component>
      <object_component id="oc-148">
         <name>.debug_info</name>
         <load_address>0x16fa</load_address>
         <run_address>0x16fa</run_address>
         <size>0x26b</size>
         <input_file_ref idref="fl-2"/>
      </object_component>
      <object_component id="oc-3c7">
         <name>.debug_info</name>
         <load_address>0x1965</load_address>
         <run_address>0x1965</run_address>
         <size>0x110</size>
         <input_file_ref idref="fl-2"/>
      </object_component>
      <object_component id="oc-5fb">
         <name>.debug_info</name>
         <load_address>0x1a75</load_address>
         <run_address>0x1a75</run_address>
         <size>0xda</size>
         <input_file_ref idref="fl-2"/>
      </object_component>
      <object_component id="oc-df">
         <name>.debug_info</name>
         <load_address>0x1b4f</load_address>
         <run_address>0x1b4f</run_address>
         <size>0x8b</size>
         <input_file_ref idref="fl-2"/>
      </object_component>
      <object_component id="oc-205">
         <name>.debug_info</name>
         <load_address>0x1bda</load_address>
         <run_address>0x1bda</run_address>
         <size>0x46</size>
         <input_file_ref idref="fl-2"/>
      </object_component>
      <object_component id="oc-231">
         <name>.debug_info</name>
         <load_address>0x1c20</load_address>
         <run_address>0x1c20</run_address>
         <size>0x2c</size>
         <input_file_ref idref="fl-2"/>
      </object_component>
      <object_component id="oc-238">
         <name>.debug_info</name>
[...]
         <value>0x2d41</value>
         <object_component_ref idref="oc-461"/>
      </symbol>
      <symbol id="sm-479">
         <name>xQueueGenericSend</name>
         <value>0x13f5</value>
         <object_component_ref idref="oc-e9"/>
      </symbol>
      <symbol id="sm-47a">
         <name>xQueueGenericReset</name>
         <value>0x22f1</value>
         <object_component_ref idref="oc-5a2"/>
      </symbol>
      <symbol id="sm-47b">
         <name>xQueueGenericReceive</name>
         <value>0xfa1</value>
         <object_component_ref idref="oc-5e2"/>
      </symbol>
      <symbol id="sm-47c">
         <name>vQueueWaitForMessageRestricted</name>
         <value>0x30bd</value>
         <object_component_ref idref="oc-7b8"/>
      </symbol>
      <symbol id="sm-65e">
         <name>vTaskSuspendAll</name>
         <value>0x3839</value>
         <object_component_ref idref="oc-1ce"/>
      </symbol>
      <symbol id="sm-65f">
         <name>vTaskPriorityInherit</name>
         <value>0x1ded</value>
         <object_component_ref idref="oc-6ea"/>
      </symbol>
      <symbol id="sm-660">
         <name>vTaskPlaceOnEventList</name>
         <value>0x29ad</value>
         <object_component_ref idref="oc-1f2"/>
      </symbol>
      <symbol id="sm-661">
         <name>xTaskCheckForTimeOut</name>
         <value>0x27dd</value>
         <object_component_ref idref="oc-1da"/>
      </symbol>
      <symbol id="sm-662">
         <name>xTaskPriorityDisinherit</name>
         <value>0x1f9d</value>
         <object_component_ref idref="oc-401"/>
      </symbol>
      <symbol id="sm-663">
         <name>vTaskStartScheduler</name>
         <value>0x23d5</value>
         <object_component_ref idref="oc-361"/>
      </symbol>
      <symbol id="sm-664">
         <name>pvTaskIncrementMutexHeldCount</name>
         <value>0x36f5</value>
         <object_component_ref idref="oc-6f6"/>
      </symbol>
      <symbol id="sm-665">
         <name>vTaskMissedYield</name>
         <value>0x38cd</value>
         <object_component_ref idref="oc-3e5"/>
      </symbol>
      <symbol id="sm-666">
         <name>xTaskResumeAll</name>
         <value>0x15ed</value>
         <object_component_ref idref="oc-1e6"/>
      </symbol>
      <symbol id="sm-667">
         <name>xTaskGetTickCount</name>
         <value>0x38d9</value>
         <object_component_ref idref="oc-5e8"/>
      </symbol>
      <symbol id="sm-668">
         <name>xTaskGenericCreate</name>
         <value>0x14f1</value>
         <object_component_ref idref="oc-49f"/>
      </symbol>
      <symbol id="sm-669">
         <name>pxCurrentTCB</name>
         <value>0x200149a8</value>
         <object_component_ref idref="oc-a9"/>
      </symbol>
      <symbol id="sm-66a">
         <name>vTaskPlaceOnEventListRestricted</name>
         <value>0x2a05</value>
         <object_component_ref idref="oc-7e4"/>
      </symbol>
      <symbol id="sm-66b">
         <name>vTaskSetTimeOutState</name>
         <value>0x3755</value>
         <object_component_ref idref="oc-1c8"/>
      </symbol>
      <symbol id="sm-66c">
         <name>xTaskIncrementTick</name>
         <value>0x11e9</value>
         <object_component_ref idref="oc-b6"/>
      </symbol>
      <symbol id="sm-66d">
         <name>vTaskSwitchContext</name>
         <value>0x1881</value>
         <object_component_ref idref="oc-af"/>
      </symbol>
      <symbol id="sm-66e">
         <name>xTaskGetSchedulerState</name>
         <value>0x35e5</value>
         <object_component_ref idref="oc-7ed"/>
      </symbol>
      <symbol id="sm-66f">
         <name>xTaskRemoveFromEventList</name>
         <value>0x2119</value>
         <object_component_ref idref="oc-1fe"/>
      </symbol>
      <symbol id="sm-735">
         <name>xTimerCreateTimerTask</name>
         <value>0x313d</value>
         <object_component_ref idref="oc-50f"/>
      </symbol>
      <symbol id="sm-736">
         <name>xTimerGenericCommand</name>
         <value>0x2bb1</value>
         <object_component_ref idref="oc-7cb"/>
      </symbol>
      <symbol id="sm-793">
         <name>ulMaxSyscallInterruptPriority</name>
         <value>0x3eb0</value>
         <object_component_ref idref="oc-ac"/>
      </symbol>
      <symbol id="sm-794">
         <name>vPortSetupTimerInterrupt</name>
         <value>0x373d</value>
         <object_component_ref idref="oc-65e"/>
      </symbol>
      <symbol id="sm-795">
         <name>xPortSysTickHandler</name>
         <value>0x3489</value>
         <object_component_ref idref="oc-41"/>
      </symbol>
      <symbol id="sm-796">
         <name>pxPortInitialiseStack</name>
         <value>0x3509</value>
         <object_component_ref idref="oc-5d5"/>
      </symbol>
      <symbol id="sm-797">
         <name>vPortExitCritical</name>
         <value>0x3725</value>
         <object_component_ref idref="oc-1c2"/>
      </symbol>
      <symbol id="sm-798">
         <name>xPortStartScheduler</name>
         <value>0x30fd</value>
         <object_component_ref idref="oc-515"/>
      </symbol>
      <symbol id="sm-799">
         <name>vPortEnterCritical</name>
         <value>0x3641</value>
         <object_component_ref idref="oc-1d4"/>
      </symbol>
      <symbol id="sm-7a8">
         <name>vPortStartFirstTask</name>
         <value>0x1855</value>
         <object_component_ref idref="oc-3c"/>
      </symbol>
      <symbol id="sm-7a9">
         <name>ulPortGetIPSR</name>
         <value>0x17bd</value>
         <object_component_ref idref="oc-3c"/>
      </symbol>
      <symbol id="sm-7aa">
         <name>vPortEnableVFP</name>
         <value>0x1871</value>
         <object_component_ref idref="oc-3c"/>
      </symbol>
      <symbol id="sm-7ab">
         <name>xPortPendSVHandler</name>
         <value>0x17d5</value>
         <object_component_ref idref="oc-3c"/>
      </symbol>
      <symbol id="sm-7ac">
         <name>vPortSVCHandler</name>
         <value>0x1835</value>
         <object_component_ref idref="oc-3c"/>
      </symbol>
      <symbol id="sm-7d7">
         <name>pvPortMalloc</name>
         <value>0x28f5</value>
         <object_component_ref idref="oc-59c"/>
      </symbol>
      <symbol id="sm-7d8">
         <name>vPortFree</name>
         <value>0x2eab</value>
         <object_component_ref idref="oc-6c5"/>
      </symbol>
      <symbol id="sm-858">
         <name>g_pfnTimerHandler</name>
         <value>0x20010988</value>
      </symbol>
      <symbol id="sm-859">
         <name>lwIPEthernetIntHandler</name>
         <value>0x1abd</value>
         <object_component_ref idref="oc-59"/>
      </symbol>
      <symbol id="sm-95d">
         <name>UARTFlushRx</name>
         <value>0x3405</value>
         <object_component_ref idref="oc-589"/>
      </symbol>
      <symbol id="sm-95e">
         <name>UARTFlushTx</name>
         <value>0x31f9</value>
         <object_component_ref idref="oc-58f"/>
      </symbol>
      <symbol id="sm-95f">
         <name>UARTStdioConfig</name>
         <value>0x1a05</value>
         <object_component_ref idref="oc-452"/>
      </symbol>
      <symbol id="sm-960">
         <name>UARTStdioIntHandler</name>
         <value>0x945</value>
         <object_component_ref idref="oc-47"/>
      </symbol>
      <symbol id="sm-961">
         <name>UARTwrite</name>
         <value>0x1b69</value>
         <object_component_ref idref="oc-c9"/>
      </symbol>
      <symbol id="sm-962">
         <name>UARTprintf</name>
         <value>0x3677</value>
         <object_component_ref idref="oc-127"/>
      </symbol>
      <symbol id="sm-963">
         <name>UARTvprintf</name>
         <value>0x201</value>
         <object_component_ref idref="oc-2e1"/>
      </symbol>
      <symbol id="sm-973">
         <name>__aeabi_uidivmod</name>
         <value>0x303d</value>
         <object_component_ref idref="oc-42b"/>
      </symbol>
      <symbol id="sm-974">
         <name>__aeabi_uidiv</name>
         <value>0x303d</value>
         <object_component_ref idref="oc-42b"/>
      </symbol>
      <symbol id="sm-991">
         <name>memcpy</name>
         <value>0x1d51</value>
         <object_component_ref idref="oc-73"/>
      </symbol>
      <symbol id="sm-992">
         <name>__aeabi_memcpy</name>
         <value>0x1d51</value>
         <object_component_ref idref="oc-73"/>
      </symbol>
      <symbol id="sm-993">
         <name>__aeabi_memcpy8</name>
         <value>0x1d51</value>
         <object_component_ref idref="oc-73"/>
      </symbol>
      <symbol id="sm-994">
         <name>__aeabi_memcpy4</name>
         <value>0x1d51</value>
         <object_component_ref idref="oc-73"/>
      </symbol>
      <symbol id="sm-9a4">
         <name>__aeabi_memset</name>
         <value>0x209f</value>
         <object_component_ref idref="oc-162"/>
      </symbol>
      <symbol id="sm-9a5">
         <name>memset</name>
         <value>0x20a5</value>
         <object_component_ref idref="oc-162"/>
      </symbol>
      <symbol id="sm-9a6">
         <name>__aeabi_memset8</name>
         <value>0x209f</value>
         <object_component_ref idref="oc-162"/>
      </symbol>
      <symbol id="sm-9a7">
         <name>__aeabi_memset4</name>
         <value>0x209f</value>
         <object_component_ref idref="oc-162"/>
      </symbol>
      <symbol id="sm-9a8">
         <name>__aeabi_memclr8</name>
         <value>0x209d</value>
         <object_component_ref idref="oc-162"/>
      </symbol>
      <symbol id="sm-9a9">
         <name>__aeabi_memclr4</name>
         <value>0x209d</value>
         <object_component_ref idref="oc-162"/>
      </symbol>
      <symbol id="sm-9aa">
         <name>__aeabi_memclr</name>
         <value>0x209d</value>
         <object_component_ref idref="oc-162"/>
      </symbol>
      <symbol id="sm-9bc">
         <name>__TI_zero_init</name>
         <value>0x38bf</value>
         <object_component_ref idref="oc-85"/>
      </symbol>
      <symbol id="sm-9d3">
         <name>__TI_decompress_none</name>
         <value>0x3881</value>
         <object_component_ref idref="oc-18"/>
      </symbol>
      <symbol id="sm-9f6">
         <name>__TI_decompress_lzss</name>
         <value>0x2581</value>
         <object_component_ref idref="oc-12"/>
      </symbol>
      <symbol id="sm-a09">
         <name>__stack</name>
         <value>0x200109a8</value>
         <object_component_ref idref="oc-21"/>
      </symbol>
      <symbol id="sm-a0a">
         <name>_c_int00_noargs</name>
         <value>0x326d</value>
         <object_component_ref idref="oc-91"/>
      </symbol>
      <symbol id="sm-a15">
         <name>C$$EXIT</name>
         <value>0x397d</value>
         <object_component_ref idref="oc-37d"/>
      </symbol>
      <symbol id="sm-a16">
         <name>abort</name>
         <value>0x397d</value>
         <object_component_ref idref="oc-37d"/>
      </symbol>
      <symbol id="sm-a2b">
         <name>_nop</name>
         <value>0x2207</value>
         <object_component_ref idref="oc-66e"/>
      </symbol>
      <symbol id="sm-a2c">
         <name>_lock</name>
         <value>0x20014a08</value>
         <object_component_ref idref="oc-53a"/>
      </symbol>
      <symbol id="sm-a2d">
         <name>_unlock</name>
         <value>0x20014a0c</value>
         <object_component_ref idref="oc-53a"/>
      </symbol>
      <symbol id="sm-a45">
         <name>rand</name>
         <value>0x3341</value>
         <object_component_ref idref="oc-5ee"/>
      </symbol>
      <symbol id="sm-a55">
         <name>strcpy</name>
         <value>0x37bd</value>
         <object_component_ref idref="oc-5f4"/>
      </symbol>
      <symbol id="sm-a62">
         <name>__aeabi_idiv0</name>
         <value>0x2ab3</value>
         <object_component_ref idref="oc-56d"/>
      </symbol>
      <symbol id="sm-a63">
         <name>__aeabi_ldiv0</name>
         <value>0x2ab3</value>
         <object_component_ref idref="oc-56d"/>
      </symbol>
      <symbol id="sm-a8b">
         <name>__TI_auto_init_nobinit_nopinit</name>
         <value>0x2ef1</value>
         <object_component_ref idref="oc-389"/>
      </symbol>
      <symbol id="sm-a95">
         <name>_system_pre_init</name>
         <value>0x3979</value>
         <object_component_ref idref="oc-168"/>
      </symbol>
      <symbol id="sm-ac4">
         <name>EMACTimestampIntStatus</name>
         <value>0x393f</value>
         <object_component_ref idref="oc-108"/>
      </symbol>
      <symbol id="sm-ac5">
         <name>EMACPowerManagementStatusGet</name>
         <value>0x3917</value>
         <object_component_ref idref="oc-102"/>
      </symbol>
      <symbol id="sm-ac6">
         <name>EMACIntStatus</name>
         <value>0x33d9</value>
         <object_component_ref idref="oc-fc"/>
      </symbol>
      <symbol id="sm-b68">
         <name>GPIOIntRegister</name>
         <value>0x36c5</value>
         <object_component_ref idref="oc-4c5"/>
      </symbol>
      <symbol id="sm-b69">
         <name>GPIOPinConfigure</name>
         <value>0x2d8d</value>
         <object_component_ref idref="oc-485"/>
      </symbol>
      <symbol id="sm-b6a">
         <name>GPIOIntEnable</name>
         <value>0x38a7</value>
         <object_component_ref idref="oc-4d1"/>
      </symbol>
      <symbol id="sm-b6b">
         <name>GPIOIntTypeSet</name>
         <value>0x2a5d</value>
         <object_component_ref idref="oc-4cb"/>
      </symbol>
      <symbol id="sm-b6c">
         <name>GPIOPinTypeGPIOInput</name>
         <value>0x37d1</value>
         <object_component_ref idref="oc-4b9"/>
      </symbol>
      <symbol id="sm-b6d">
         <name>GPIOIntUnregister</name>
         <value>0x376d</value>
         <object_component_ref idref="oc-61f"/>
      </symbol>
      <symbol id="sm-b6e">
         <name>GPIOIntClear</name>
         <value>0x3945</value>
         <object_component_ref idref="oc-632"/>
      </symbol>
      <symbol id="sm-b6f">
         <name>GPIOIntStatus</name>
         <value>0x3849</value>
         <object_component_ref idref="oc-625"/>
      </symbol>
      <symbol id="sm-b70">
         <name>GPIOPinTypeGPIOOutput</name>
         <value>0x36dd</value>
         <object_component_ref idref="oc-478"/>
      </symbol>
      <symbol id="sm-b71">
         <name>GPIOPinRead</name>
         <value>0x394b</value>
         <object_component_ref idref="oc-723"/>
      </symbol>
      <symbol id="sm-b72">
         <name>GPIODirModeSet</name>
         <value>0x34b5</value>
         <object_component_ref idref="oc-5b2"/>
      </symbol>
      <symbol id="sm-b73">
         <name>GPIOPinWrite</name>
         <value>0x3951</value>
         <object_component_ref idref="oc-4b3"/>
      </symbol>
      <symbol id="sm-b74">
         <name>GPIOPadConfigSet</name>
         <value>0xc1d</value>
         <object_component_ref idref="oc-4bf"/>
      </symbol>
      <symbol id="sm-b75">
         <name>GPIOPinTypeSSI</name>
         <value>0x37e3</value>
         <object_component_ref idref="oc-48b"/>
      </symbol>
      <symbol id="sm-be9">
         <name>IntEnable</name>
         <value>0x2519</value>
         <object_component_ref idref="oc-616"/>
      </symbol>
      <symbol id="sm-bea">
         <name>IntDisable</name>
         <value>0x24b1</value>
         <object_component_ref idref="oc-715"/>
      </symbol>
      <symbol id="sm-beb">
         <name>IntRegister</name>
         <value>0x32a5</value>
         <object_component_ref idref="oc-610"/>
      </symbol>
      <symbol id="sm-bec">
         <name>IntMasterDisable</name>
         <value>0x3807</value>
         <object_component_ref idref="oc-11b"/>
      </symbol>
      <symbol id="sm-bed">
         <name>IntUnregister</name>
         <value>0x3781</value>
         <object_component_ref idref="oc-71b"/>
      </symbol>
      <symbol id="sm-bee">
         <name>g_pfnRAMVectors</name>
         <value>0x20000000</value>
         <object_component_ref idref="oc-70c"/>
      </symbol>
      <symbol id="sm-bef">
         <name>IntMasterEnable</name>
         <value>0x3817</value>
         <object_component_ref idref="oc-13f"/>
      </symbol>
      <symbol id="sm-c20">
         <name>SSIDataPut</name>
         <value>0x38e5</value>
         <object_component_ref idref="oc-775"/>
      </symbol>
      <symbol id="sm-c21">
         <name>SSIDataGet</name>
         <value>0x38b3</value>
         <object_component_ref idref="oc-781"/>
      </symbol>
      <symbol id="sm-c22">
         <name>SSIConfigSetExpClk</name>
         <value>0x31bb</value>
         <object_component_ref idref="oc-491"/>
      </symbol>
      <symbol id="sm-c23">
         <name>SSIEnable</name>
         <value>0x38ef</value>
         <object_component_ref idref="oc-497"/>
      </symbol>
      <symbol id="sm-c24">
         <name>SSIBusy</name>
         <value>0x391f</value>
         <object_component_ref idref="oc-77b"/>
      </symbol>
      <symbol id="sm-ca1">
         <name>SysCtlDelay</name>
         <value>0x395d</value>
         <object_component_ref idref="oc-631"/>
      </symbol>
      <symbol id="sm-ca2">
         <name>SysCtlPeripheralEnable</name>
         <value>0x32d9</value>
         <object_component_ref idref="oc-46c"/>
      </symbol>
      <symbol id="sm-ca3">
         <name>SysCtlPeripheralReady</name>
         <value>0x3235</value>
         <object_component_ref idref="oc-472"/>
      </symbol>
      <symbol id="sm-ca4">
         <name>SysCtlClockFreqSet</name>
         <value>0x409</value>
         <object_component_ref idref="oc-307"/>
      </symbol>
      <symbol id="sm-d07">
         <name>UARTConfigSetExpClk</name>
         <value>0x2e65</value>
         <object_component_ref idref="oc-4de"/>
      </symbol>
      <symbol id="sm-d08">
         <name>UARTDisable</name>
         <value>0x35a5</value>
         <object_component_ref idref="oc-63c"/>
      </symbol>
      <symbol id="sm-d09">
         <name>UARTBusy</name>
         <value>0x3927</value>
         <object_component_ref idref="oc-4fe"/>
      </symbol>
      <symbol id="sm-d0a">
         <name>UARTCharsAvail</name>
         <value>0x3873</value>
         <object_component_ref idref="oc-12d"/>
      </symbol>
      <symbol id="sm-d0b">
         <name>UARTCharGetNonBlocking</name>
         <value>0x3865</value>
         <object_component_ref idref="oc-139"/>
      </symbol>
      <symbol id="sm-d0c">
         <name>UARTClockSourceSet</name>
         <value>0x3963</value>
         <object_component_ref idref="oc-44c"/>
      </symbol>
      <symbol id="sm-d0d">
         <name>UARTCharPut</name>
         <value>0x3903</value>
         <object_component_ref idref="oc-4f8"/>
      </symbol>
      <symbol id="sm-d0e">
         <name>UARTEnable</name>
         <value>0x3795</value>
         <object_component_ref idref="oc-4e4"/>
      </symbol>
      <symbol id="sm-d0f">
         <name>UARTIntClear</name>
         <value>0x3975</value>
         <object_component_ref idref="oc-133"/>
      </symbol>
      <symbol id="sm-d10">
         <name>UARTIntStatus</name>
         <value>0x390d</value>
         <object_component_ref idref="oc-121"/>
      </symbol>
      <symbol id="sm-d11">
         <name>UARTCharGet</name>
         <value>0x38f9</value>
         <object_component_ref idref="oc-508"/>
      </symbol>
      <symbol id="sm-d23">
         <name>CPUcpsie</name>
         <value>0x389b</value>
         <object_component_ref idref="oc-2f0"/>
      </symbol>
      <symbol id="sm-d24">
         <name>CPUcpsid</name>
         <value>0x388f</value>
         <object_component_ref idref="oc-2d8"/>
      </symbol>
      <symbol id="sm-d26">
         <name>__TI_static_base__</name>
         <value>0x0</value>
      </symbol>
      <symbol id="sm-d29">
         <name>__mpu_init</name>
         <value>0x0</value>
      </symbol>
      <symbol id="sm-d2a">
         <name>_system_post_cinit</name>
         <value>0x0</value>
      </symbol>
   </symbol_table>
   <title>Link successful</title>
</link_info>
