******************************************************************************
                  TI ARM Linker PC v18.1.4                     
******************************************************************************
>> Linked Mon Apr 29 03:36:18 2019

OUTPUT FILE NAME:   <remote_node.out>
ENTRY POINT SYMBOL: "_c_int00_noargs"  address: 00004821


MEMORY CONFIGURATION

         name            origin    length      used     unused   attr    fill
----------------------  --------  ---------  --------  --------  ----  --------
  FLASH                 00000000   00100000  00005710  000fa8f0  R  X
  SRAM                  20000000   00040000  00014c2c  0002b3d4  RW X


SEGMENT ALLOCATION MAP

run origin  load origin   length   init length attrs members
----------  ----------- ---------- ----------- ----- -------
00000000    00000000    00005710   00005710    r-x
  00000000    00000000    00000200   00000200    r-- .intvecs
  00000200    00000200    00004eec   00004eec    r-x .text
  000050ec    000050ec    000005c4   000005c4    r-- .const
  000056b0    000056b0    00000060   00000060    r-- .cinit
20000000    20000000    00014c30   00000000    rw-
  20000000    20000000    0000026c   00000000    rw- .vtable
  2000026c    2000026c    00010940   00000000    rw- .bss
  20010bb0    20010bb0    00004000   00000000    rw- .stack
  20014bb0    20014bb0    00000080   00000000    rw- .data


SECTION ALLOCATION MAP

 output                                  attributes/
section   page    origin      length       input sections
--------  ----  ----------  ----------   ----------------
.intvecs   0    00000000    00000200     
                  00000000    00000200     startup_ccs.obj (.intvecs)

.text      0    00000200    00004eec     
                  00000200    0000030c     uartstdio.obj (.text:UARTvprintf)
                  0000050c    00000200     driverlib.lib : sysctl.obj (.text:SysCtlClockFreqSet)
                  0000070c    000001dc     keypad.obj (.text:keypad_button_detect)
                  000008e8    000001d8     uart_comm_bbg.obj (.text:uart_packet_handler)
                  00000ac0    000001a8     fingerprint.obj (.text:fp_access_handle)
                  00000c68    000001a4     packet.obj (.text:packet_rcv_uart)
                  00000e0c    0000018c     keypad.obj (.text:column_handler)
                  00000f98    0000018c     logger.obj (.text:nrf_log)
                  00001124    00000188     uartstdio.obj (.text:UARTStdioIntHandler)
                  000012ac    0000016c     queue.obj (.text:xQueueGenericReceive)
                  00001418    00000138     tasks.obj (.text:xTaskGenericCreate)
                  00001550    00000134     tasks.obj (.text:xTaskIncrementTick)
                  00001684    00000132     driverlib.lib : gpio.obj (.text:GPIOPadConfigSet)
                  000017b6    00000002     startup_ccs.obj (.text:FaultISR)
                  000017b8    00000128     main.obj (.text:main)
                  000018e0    00000128     queue.obj (.text:xQueueGenericSend)
                  00001a08    00000100     keypad.obj (.text:keypad_config)
                  00001b08    000000fc     temp.obj (.text:temp)
                  00001c04    000000fc     tasks.obj (.text:xTaskResumeAll)
                  00001d00    000000f4     tasks.obj (.text:vTaskSwitchContext)
                  00001df4    000000f0     timer.obj (.text:timer1handler)
                  00001ee4    000000e8     timers.obj (.text:prvProcessReceivedCommands)
                  00001fcc    000000e0     timer.obj (.text:timer_config)
                  000020ac    000000dc     timer.obj (.text:timer0handler)
                  00002188    000000d8     uartstdio.obj (.text:UARTStdioConfig)
                  00002260    000000d2     portasm.obj (.text)
                  00002332    00000002     startup_ccs.obj (.text:IntDefaultHandler)
                  00002334    000000c8     tasks.obj (.text:vTaskPriorityInherit)
                  000023fc    000000bc     uartstdio.obj (.text:UARTwrite)
                  000024b8    000000bc     queue.obj (.text:prvCopyDataToQueue)
                  00002574    000000b8     lwiplib.obj (.text:lwIPEthernetIntHandler)
                  0000262c    000000b8     packet.obj (.text:packet_send_uart)
                  000026e4    000000b8     uart_comm_bbg.obj (.text:uart_commhandler)
                  0000279c    000000ac     uart_comm_bbg.obj (.text:configureUART_bbg)
                  00002848    000000aa     packet.obj (.text:packet_make)
                  000028f2    00000002     startup_ccs.obj (.text:NmiSR)
                  000028f4    000000a8     fingerprint.obj (.text:fp_start_enroll)
                  0000299c    000000a8     lcd.obj (.text:lcd_init)
                  00002a44    000000a8     tasks.obj (.text:xTaskPriorityDisinherit)
                  00002aec    000000a4     timers.obj (.text:prvSwitchTimerLists)
                  00002b90    000000a0     tasks.obj (.text:prvInitialiseTCBVariables)
                  00002c30    000000a0     queue.obj (.text:xQueueGenericReset)
                  00002cd0    0000009c     fingerprint.obj (.text:add_fingerprint)
                  00002d6c    0000009c     rtsv7M4_T_le_v4SPD16_eabi.lib : memcpy_t2.asm.obj (.text)
                  00002e08    00000094     uartstdio.obj (.text:UARTPrimeTransmit)
                  00002e9c    00000094     sync_objects.obj (.text:sem_create)
                  00002f30    00000090     fingerprint.obj (.text:fp_cmdsend)
                  00002fc0    00000090     myuart.obj (.text:uart_configure)
                  00003050    00000090     tasks.obj (.text:xTaskRemoveFromEventList)
                  000030e0    0000008e     fingerprint.obj (.text:fp_responsercv)
                  0000316e    0000008c     queue.obj (.text:xQueueGenericSendFromISR)
                  000031fa    00000002     rtsv7M4_T_le_v4SPD16_eabi.lib : _lock.c.obj (.text:_nop)
                  000031fc    00000088     tasks.obj (.text:vTaskStartScheduler)
                  00003284    00000084     timers.obj (.text:prvProcessTimerOrBlockTask)
                  00003308    00000084     tasks.obj (.text:xTaskCheckForTimeOut)
                  0000338c    00000082     queue.obj (.text:prvUnlockQueue)
                  0000340e    00000002     rtsv7M4_T_le_v4SPD16_eabi.lib : div0.asm.obj (.text)
                  00003410    00000080     lcd.obj (.text:lcd_write_cmd)
                  00003490    00000080     lcd.obj (.text:lcd_write_data)
                  00003510    0000007c     checksum.obj (.text:checksum_init)
                  0000358c    0000007c     sync_objects.obj (.text:mutex_create)
                  00003608    0000007c     heap_1.obj (.text:pvPortMalloc)
                  00003684    0000007b     fingerprint.obj (.text:fp_enroll)
                  000036ff    00000001     --HOLE-- [fill = 0]
                  00003700    0000007a     rtsv7M4_T_le_v4SPD16_eabi.lib : memset_t2.asm.obj (.text)
                  0000377a    00000002     --HOLE-- [fill = 0]
                  0000377c    00000078     timers.obj (.text:prvInsertTimerInActiveList)
                  000037f4    00000076     queue.obj (.text:xQueueCreateMutex)
                  0000386a    00000002     --HOLE-- [fill = 0]
                  0000386c    00000074     main.obj (.text:ConfigureUART)
                  000038e0    00000074     tasks.obj (.text:prvInitialiseTaskLists)
                  00003954    00000070     tasks.obj (.text:vTaskPlaceOnEventListRestricted)
                  000039c4    00000070     queue.obj (.text:xQueueGenericCreate)
                  00003a34    00000070     timers.obj (.text:xTimerGenericCommand)
                  00003aa4    0000006c     temp.obj (.text:temptask_init)
                  00003b10    00000068     driverlib.lib : interrupt.obj (.text:IntEnable)
                  00003b78    00000068     rtsv7M4_T_le_v4SPD16_eabi.lib : copy_decompress_lzss.c.obj (.text:decompress:lzss:__TI_decompress_lzss)
                  00003be0    00000068     logger.obj (.text:nrf_loggertask_init)
                  00003c48    00000068     timers.obj (.text:prvCheckForValidListAndQueue)
                  00003cb0    00000068     tasks.obj (.text:prvCheckTasksWaitingTermination)
                  00003d18    00000068     tasks.obj (.text:vTaskPlaceOnEventList)
                  00003d80    00000066     list.obj (.text:vListInsert)
                  00003de6    00000002     --HOLE-- [fill = 0]
                  00003de8    00000060     timers.obj (.text:prvProcessExpiredTimer)
                  00003e48    0000005e     tasks.obj (.text:prvAllocateTCBAndStack)
                  00003ea6    00000002     --HOLE-- [fill = 0]
                  00003ea8    0000005c     checksum.obj (.text:checksum_calc)
                  00003f04    0000005c     tasks.obj (.text:prvAddCurrentTaskToDelayedList)
                  00003f60    0000005c     port.obj (.text:pxPortInitialiseStack)
                  00003fbc    00000058     fingerprint.obj (.text:fp_irqhandler)
                  00004014    00000056     driverlib.lib : gpio.obj (.text:GPIOIntTypeSet)
                  0000406a    00000002     --HOLE-- [fill = 0]
                  0000406c    00000054     buzzer.obj (.text:buzzer_config)
                  000040c0    00000054     led.obj (.text:led_init)
                  00004114    00000054     queue.obj (.text:vQueueWaitForMessageRestricted)
                  00004168    00000050     lcd.obj (.text:LCD_write)
                  000041b8    0000004c     uartstdio.obj (.text:UARTFlushTx)
                  00004204    0000004c     main.obj (.text:ack_send_uart)
                  00004250    0000004c     fingerprint.obj (.text:fp_interrupt_config)
                  0000429c    0000004c     queue.obj (.text:vQueueAddToRegistry)
                  000042e8    0000004c     timers.obj (.text:xTimerCreateTimerTask)
                  00004334    0000004a     packet.obj (.text:packet_msglog_uart)
                  0000437e    00000002     --HOLE-- [fill = 0]
                  00004380    00000048     driverlib.lib : gpio.obj (.text:GPIOPinConfigure)
                  000043c8    00000048                   : sysctl.obj (.text:_SysCtlFrequencyGet)
                  00004410    00000048     msg_queue.obj (.text:queue_create)
                  00004458    00000048     list.obj (.text:uxListRemove)
                  000044a0    00000046     driverlib.lib : uart.obj (.text:UARTConfigSetExpClk)
                  000044e6    00000046     fingerprint.obj (.text:fp_checksum_calc)
                  0000452c    00000044     driverlib.lib : gpio.obj (.text:_GPIOIntNumberGet)
                  00004570    00000044     rtsv7M4_T_le_v4SPD16_eabi.lib : autoinit.c.obj (.text:__TI_auto_init_nobinit_nopinit:__TI_auto_init_nobinit_nopinit)
                  000045b4    00000044     port.obj (.text:xPortStartScheduler)
                  000045f8    00000040     driverlib.lib : uart.obj (.text:_UARTIntNumberGet)
                  00004638    00000040     buzzer.obj (.text:buzzer_dutycycle)
                  00004678    00000040     main.obj (.text:fp_get_enrollcount)
                  000046b8    00000040     rtsv7M4_T_le_v4SPD16_eabi.lib : u_divt2.asm.obj (.text)
                  000046f8    0000003c     uartstdio.obj (.text:IsBufferFull)
                  00004734    0000003c     queue.obj (.text:prvCopyDataFromQueue)
                  00004770    0000003c     tasks.obj (.text:prvResetNextTaskUnblockTime)
                  000047ac    0000003c     list.obj (.text:vListInsertEnd)
                  000047e8    00000038     driverlib.lib : sysctl.obj (.text:SysCtlPeripheralReady)
                  00004820    00000038     rtsv7M4_T_le_v4SPD16_eabi.lib : boot_cortex_m.c.obj (.text:_c_int00_noargs:_c_int00_noargs)
                  00004858    00000038     timers.obj (.text:prvGetNextExpireTime)
                  00004890    00000034     driverlib.lib : interrupt.obj (.text:IntRegister)
                  000048c4    00000034                   : sysctl.obj (.text:SysCtlPeripheralEnable)
                  000048f8    00000034     uartstdio.obj (.text:UARTFlushRx)
                  0000492c    00000034     timers.obj (.text:prvSampleTimeNow)
                  00004960    00000034     rtsv7M4_T_le_v4SPD16_eabi.lib : rand.c.obj (.text:rand)
                  00004994    00000030     timer.obj (.text:reset_timer)
                  000049c4    00000030     list.obj (.text:vListInitialise)
                  000049f4    00000030     tasks.obj (.text:xTaskGetSchedulerState)
                  00004a24    0000002c     driverlib.lib : emac.obj (.text:EMACIntStatus)
                  00004a50    0000002c     uartstdio.obj (.text:IsBufferEmpty)
                  00004a7c    0000002c     port.obj (.text:xPortSysTickHandler)
                  00004aa8    0000002a     driverlib.lib : gpio.obj (.text:GPIODirModeSet)
                  00004ad2    00000002     --HOLE-- [fill = 0]
                  00004ad4    00000028     keypad.obj (.text:keypad_interrupt_enable)
                  00004afc    00000026     queue.obj (.text:prvIsQueueFull)
                  00004b22    00000026     myuart.obj (.text:uart_comm_flushRX)
                  00004b48    00000024     uartstdio.obj (.text:UARTprintf)
                  00004b6c    00000024     buzzer.obj (.text:buzzer_onoff)
                  00004b90    00000024     timer.obj (.text:enable_timer_int)
                  00004bb4    00000024     port.obj (.text:vPortEnterCritical)
                  00004bd8    00000024     tasks.obj (.text:vTaskSetTimeOutState)
                  00004bfc    00000022     driverlib.lib : pwm.obj (.text:PWMGenConfigure)
                  00004c1e    00000002     --HOLE-- [fill = 0]
                  00004c20    00000020                   : uart.obj (.text:UARTDisable)
                  00004c40    00000020                   : sysctl.obj (.text:_SysCtlMemTimingGet)
                  00004c60    00000020     main.obj (.text:delay_ms)
                  00004c80    00000020     main.obj (.text:fp_led_status)
                  00004ca0    00000020     queue.obj (.text:prvIsQueueEmpty)
                  00004cc0    0000001e     driverlib.lib : pwm.obj (.text:PWMPulseWidthSet)
                  00004cde    0000001c     main.obj (.text:fp_capture)
                  00004cfa    00000002     --HOLE-- [fill = 0]
                  00004cfc    0000001c     tasks.obj (.text:pvTaskIncrementMutexHeldCount)
                  00004d18    0000001c     port.obj (.text:vPortExitCritical)
                  00004d34    0000001c     port.obj (.text:vPortSetupTimerInterrupt)
                  00004d50    0000001a     timers.obj (.text:prvTimerTask)
                  00004d6a    0000001a     myuart.obj (.text:uart_send)
                  00004d84    00000018     driverlib.lib : gpio.obj (.text:GPIOIntRegister)
                  00004d9c    00000018                   : gpio.obj (.text:GPIOPinTypeGPIOOutput)
                  00004db4    00000018                   : uart.obj (.text:UARTIntRegister)
                  00004dcc    00000018     timer.obj (.text:disable_timer)
                  00004de4    00000018     main.obj (.text:fp_init)
                  00004dfc    00000016     main.obj (.text:fp_deleteall)
                  00004e12    00000016     fingerprint.obj (.text:fp_identify)
                  00004e28    00000016     main.obj (.text:fp_isfingerpress)
                  00004e3e    00000016     main.obj (.text:fp_open)
                  00004e54    00000014     driverlib.lib : sysctl.obj (.text:SysCtlPWMClockSet)
                  00004e68    00000014                   : uart.obj (.text:UARTEnable)
                  00004e7c    00000014     tasks.obj (.text:prvDeleteTCB)
                  00004e90    00000014     rtsv7M4_T_le_v4SPD16_eabi.lib : strcpy.c.obj (.text:strcpy)
                  00004ea4    00000014                                   : strlen.c.obj (.text:strlen)
                  00004eb8    00000014     tasks.obj (.text:xTaskGetTickCount)
                  00004ecc    00000012     driverlib.lib : gpio.obj (.text:GPIOPinTypeGPIOInput)
                  00004ede    00000012                   : gpio.obj (.text:GPIOPinTypePWM)
                  00004ef0    00000012                   : pwm.obj (.text:PWMGenPeriodGet)
                  00004f02    00000012                   : pwm.obj (.text:PWMOutputState)
                  00004f14    00000010                   : interrupt.obj (.text:IntMasterDisable)
                  00004f24    00000010                   : interrupt.obj (.text:IntMasterEnable)
                  00004f34    00000010                   : pwm.obj (.text:PWMGenPeriodSet)
                  00004f44    00000010     main.obj (.text:fp_interrupt_disable)
                  00004f54    00000010     main.obj (.text:fp_interrupt_enable)
                  00004f64    00000010     port.obj (.text:prvTaskExitError)
                  00004f74    00000010     main.obj (.text:uart_busy)
                  00004f84    00000010     list.obj (.text:vListInitialiseItem)
                  00004f94    00000010     tasks.obj (.text:vTaskSuspendAll)
                  00004fa4    0000000e     driverlib.lib : gpio.obj (.text:GPIOIntDisable)
                  00004fb2    0000000e                   : gpio.obj (.text:GPIOIntStatus)
                  00004fc0    0000000e                   : uart.obj (.text:UARTCharGetNonBlocking)
                  00004fce    0000000e                   : uart.obj (.text:UARTCharsAvail)
                  00004fdc    0000000e     rtsv7M4_T_le_v4SPD16_eabi.lib : copy_decompress_none.c.obj (.text:decompress:none:__TI_decompress_none)
                  00004fea    0000000c     driverlib.lib : cpu.obj (.text:CPUcpsid)
                  00004ff6    0000000c                   : cpu.obj (.text:CPUcpsie)
                  00005002    0000000c                   : gpio.obj (.text:GPIOIntEnable)
                  0000500e    0000000c                   : pwm.obj (.text:PWMGenDisable)
                  0000501a    0000000c                   : pwm.obj (.text:PWMGenEnable)
                  00005026    0000000c                   : uart.obj (.text:UARTTxIntModeSet)
                  00005032    0000000c     rtsv7M4_T_le_v4SPD16_eabi.lib : copy_zero_init.c.obj (.text:decompress:ZI:__TI_zero_init)
                  0000503e    0000000c     myuart.obj (.text:uart_comm_flushTX)
                  0000504a    00000002     --HOLE-- [fill = 0]
                  0000504c    0000000c     tasks.obj (.text:vTaskMissedYield)
                  00005058    0000000a     driverlib.lib : uart.obj (.text:UARTCharGet)
                  00005062    0000000a                   : uart.obj (.text:UARTCharPut)
                  0000506c    0000000a                   : uart.obj (.text:UARTIntStatus)
                  00005076    0000000a     logger.obj (.text:nrf_logger)
                  00005080    0000000a     tasks.obj (.text:prvIdleTask)
                  0000508a    0000000a     main.obj (.text:vApplicationStackOverflowHook)
                  00005094    0000000a     heap_1.obj (.text:vPortFree)
                  0000509e    00000008     driverlib.lib : emac.obj (.text:EMACPowerManagementStatusGet)
                  000050a6    00000008                   : uart.obj (.text:UARTBusy)
                  000050ae    00000008                   : uart.obj (.text:UARTIntEnable)
                  000050b6    00000006                   : emac.obj (.text:EMACTimestampIntStatus)
                  000050bc    00000006                   : gpio.obj (.text:GPIOIntClear)
                  000050c2    00000006                   : gpio.obj (.text:GPIOPinRead)
                  000050c8    00000006                   : gpio.obj (.text:GPIOPinWrite)
                  000050ce    00000006     startup_ccs.obj (.text:ResetISR)
                  000050d4    00000006     driverlib.lib : sysctl.obj (.text:SysCtlDelay)
                  000050da    00000006                   : uart.obj (.text:UARTClockSourceSet)
                  000050e0    00000004                   : uart.obj (.text:UARTIntClear)
                  000050e4    00000004     rtsv7M4_T_le_v4SPD16_eabi.lib : pre_init.c.obj (.text:_system_pre_init)
                  000050e8    00000004                                   : exit.c.obj (.text:abort:abort)

.const     0    000050ec    000005c4     
                  000050ec    000001b0     driverlib.lib : sysctl.obj (.const:g_pppui32XTALtoVCO)
                  0000529c    000000d8                   : gpio.obj (.const:g_ppui32GPIOIntMapSnowflake)
                  00005374    000000c0                   : gpio.obj (.const:g_ppui32GPIOIntMapBlizzard)
                  00005434    00000090                   : gpio.obj (.const:g_pui32GPIOBaseAddrs)
                  000054c4    00000070                   : interrupt.obj (.const)
                  00005534    0000006c                   : sysctl.obj (.const:g_pui32Xtals)
                  000055a0    00000040                   : uart.obj (.const:g_ppui32UARTIntMap)
                  000055e0    00000040                   : uart.obj (.const:g_ppui32UARTIntMapSnowflake)
                  00005620    00000030                   : sysctl.obj (.const:g_sXTALtoMEMTIM)
                  00005650    00000012     uartstdio.obj (.const:.string)
                  00005662    0000000c     fingerprint.obj (.const:.string:$P$T0$1)
                  0000566e    0000000c     fingerprint.obj (.const:.string:$P$T1$2)
                  0000567a    00000002     --HOLE-- [fill = 0]
                  0000567c    0000000c     uartstdio.obj (.const:g_ui32UARTBase)
                  00005688    0000000c     uartstdio.obj (.const:g_ui32UARTInt)
                  00005694    0000000c     uartstdio.obj (.const:g_ui32UARTPeriph)
                  000056a0    00000008     driverlib.lib : sysctl.obj (.const)
                  000056a8    00000004     port.obj (.const)
                  000056ac    00000004     uartstdio.obj (.const)

.cinit     0    000056b0    00000060     
                  000056b0    00000029     (.cinit..data.load) [load image, compression = lzss]
                  000056d9    00000003     --HOLE-- [fill = 0]
                  000056dc    0000000c     (__TI_handler_table)
                  000056e8    00000008     (.cinit..bss.load) [load image, compression = zero_init]
                  000056f0    00000008     (.cinit..vtable.load) [load image, compression = zero_init]
                  000056f8    00000018     (__TI_cinit_table)

.init_array 
*          0    00000000    00000000     UNINITIALIZED

.vtable    0    20000000    0000026c     UNINITIALIZED
                  20000000    0000026c     driverlib.lib : interrupt.obj (.vtable)

.bss       0    2000026c    00010940     UNINITIALIZED
                  2000026c    00010000     heap_1.obj (.bss:ucHeap)
                  2001026c    00000400     uartstdio.obj (.bss:g_pcUARTTxBuffer)
                  2001066c    00000200     (.common:crcTable)
                  2001086c    00000140     tasks.obj (.bss:pxReadyTasksLists)
                  200109ac    00000080     uartstdio.obj (.bss:g_pcUARTRxBuffer)
                  20010a2c    00000064     lwiplib.obj (.bss)
                  20010a90    00000050     (.common:xQueueRegistry)
                  20010ae0    00000014     timers.obj (.bss:xActiveTimerList1)
                  20010af4    00000014     timers.obj (.bss:xActiveTimerList2)
                  20010b08    00000014     tasks.obj (.bss:xDelayedTaskList1)
                  20010b1c    00000014     tasks.obj (.bss:xDelayedTaskList2)
                  20010b30    00000014     tasks.obj (.bss:xPendingReadyList)
                  20010b44    00000014     tasks.obj (.bss:xSuspendedTaskList)
                  20010b58    00000014     tasks.obj (.bss:xTasksWaitingTermination)
                  20010b6c    00000008     tasks.obj (.bss)
                  20010b74    00000008     timers.obj (.bss)
                  20010b7c    00000008     uartstdio.obj (.bss)
                  20010b84    00000004     (.common:g_led)
                  20010b88    00000004     (.common:g_pfnTimerHandler)
                  20010b8c    00000004     (.common:g_qsem)
                  20010b90    00000004     (.common:g_temp)
                  20010b94    00000004     (.common:g_uartsem)
                  20010b98    00000004     (.common:g_ui32SysClock)
                  20010b9c    00000004     (.common:g_vulRunTimeStatsCountValue)
                  20010ba0    00000004     (.common:nrf_log_mq)
                  20010ba4    00000004     (.common:otp_arr)
                  20010ba8    00000001     timer.obj (.bss)
                  20010ba9    00000001     uart_comm_bbg.obj (.bss)
                  20010baa    00000001     (.common:otp_count)
                  20010bab    00000001     (.common:otp_flag)

.data      0    20014bb0    00000080     UNINITIALIZED
                  20014bb0    00000038     tasks.obj (.data)
                  20014be8    00000015     uartstdio.obj (.data)
                  20014bfd    00000010     keypad.obj (.data:keypad_digits)
                  20014c0d    00000003     --HOLE--
                  20014c10    00000008     rtsv7M4_T_le_v4SPD16_eabi.lib : _lock.c.obj (.data:$O1$$)
                  20014c18    00000008     heap_1.obj (.data)
                  20014c20    00000008     timers.obj (.data)
                  20014c28    00000004     port.obj (.data)
                  20014c2c    00000004     rtsv7M4_T_le_v4SPD16_eabi.lib : rand.c.obj (.data)

.stack     0    20010bb0    00004000     UNINITIALIZED
                  20010bb0    00000004     rtsv7M4_T_le_v4SPD16_eabi.lib : boot_cortex_m.c.obj (.stack)
                  20010bb4    00003ffc     --HOLE--

MODULE SUMMARY

       Module                       code    ro data   rw data
       ------                       ----    -------   -------
    .\
       main.obj                     792     0         546    
       startup_ccs.obj              12      512       0      
    +--+----------------------------+-------+---------+---------+
       Total:                       804     512       546    
                                                             
    .\src\
       fingerprint.obj              1413    24        0      
       keypad.obj                   1168    0         16     
       packet.obj                   848     0         0      
       uart_comm_bbg.obj            828     0         1      
       timer.obj                    792     0         1      
       logger.obj                   510     0         0      
       lcd.obj                      504     0         0      
       temp.obj                     360     0         0      
       sync_objects.obj             272     0         0      
       myuart.obj                   220     0         0      
       checksum.obj                 216     0         0      
       buzzer.obj                   184     0         0      
       led.obj                      84      0         0      
       msg_queue.obj                72      0         0      
    +--+----------------------------+-------+---------+---------+
       Total:                       7471    24        18     
                                                             
    .\third_party\FreeRTOS\Source\
       tasks.obj                    2928    0         484    
       queue.obj                    1798    0         80     
       timers.obj                   1170    0         56     
       list.obj                     298     0         0      
    +--+----------------------------+-------+---------+---------+
       Total:                       6194    0         620    
                                                             
    .\third_party\FreeRTOS\Source\portable\CCS\ARM_CM4F\
       port.obj                     312     4         4      
       portasm.obj                  210     0         0      
    +--+----------------------------+-------+---------+---------+
       Total:                       522     4         4      
                                                             
    .\third_party\FreeRTOS\Source\portable\MemMang\
       heap_1.obj                   134     0         65544  
    +--+----------------------------+-------+---------+---------+
       Total:                       134     0         65544  
                                                             
    .\utils\
       uartstdio.obj                1992    58        1181   
       lwiplib.obj                  184     0         104    
    +--+----------------------------+-------+---------+---------+
       Total:                       2176    58        1285   
                                                             
    C:/ti/TivaWare_C_Series-2.1.4.178/driverlib/ccs/Debug/driverlib.lib
       sysctl.obj                   750     596       0      
       gpio.obj                     716     552       0      
       interrupt.obj                188     112       620    
       uart.obj                     306     128       0      
       pwm.obj                      140     0         0      
       emac.obj                     58      0         0      
       cpu.obj                      24      0         0      
    +--+----------------------------+-------+---------+---------+
       Total:                       2182    1388      620    
                                                             
    C:\ti\ccsv8\tools\compiler\ti-cgt-arm_18.1.4.LTS\lib\rtsv7M4_T_le_v4SPD16_eabi.lib
       memcpy_t2.asm.obj            156     0         0      
       memset_t2.asm.obj            122     0         0      
       copy_decompress_lzss.c.obj   104     0         0      
       autoinit.c.obj               68      0         0      
       u_divt2.asm.obj              64      0         0      
       boot_cortex_m.c.obj          56      0         0      
       rand.c.obj                   52      0         4      
       strcpy.c.obj                 20      0         0      
       strlen.c.obj                 20      0         0      
       copy_decompress_none.c.obj   14      0         0      
       copy_zero_init.c.obj         12      0         0      
       _lock.c.obj                  2       0         8      
       exit.c.obj                   4       0         0      
       pre_init.c.obj               4       0         0      
       div0.asm.obj                 2       0         0      
    +--+----------------------------+-------+---------+---------+
       Total:                       700     0         12     
                                                             
       Stack:                       0       0         16384  
       Linker Generated:            0       93        0      
    +--+----------------------------+-------+---------+---------+
       Grand Total:                 20183   2079      85033  


LINKER GENERATED COPY TABLES

__TI_cinit_table @ 000056f8 records: 3, size/record: 8, table size: 24
	.data: load addr=000056b0, load size=00000029 bytes, run addr=20014bb0, run size=00000080 bytes, compression=lzss
	.bss: load addr=000056e8, load size=00000008 bytes, run addr=2000026c, run size=00010940 bytes, compression=zero_init
	.vtable: load addr=000056f0, load size=00000008 bytes, run addr=20000000, run size=0000026c bytes, compression=zero_init


LINKER GENERATED HANDLER TABLE

__TI_handler_table @ 000056dc records: 3, size/record: 4, table size: 12
	index: 0, handler: __TI_zero_init
	index: 1, handler: __TI_decompress_lzss
	index: 2, handler: __TI_decompress_none


GLOBAL SYMBOLS: SORTED ALPHABETICALLY BY Name 

address   name                           
-------   ----                           
000050e9  C$$EXIT                        
00004feb  CPUcpsid                       
00004ff7  CPUcpsie                       
0000386d  ConfigureUART                  
00004a25  EMACIntStatus                  
0000509f  EMACPowerManagementStatusGet   
000050b7  EMACTimestampIntStatus         
00004aa9  GPIODirModeSet                 
000050bd  GPIOIntClear                   
00004fa5  GPIOIntDisable                 
00005003  GPIOIntEnable                  
00004d85  GPIOIntRegister                
00004fb3  GPIOIntStatus                  
00004015  GPIOIntTypeSet                 
00001685  GPIOPadConfigSet               
00004381  GPIOPinConfigure               
000050c3  GPIOPinRead                    
00004ecd  GPIOPinTypeGPIOInput           
00004d9d  GPIOPinTypeGPIOOutput          
00004edf  GPIOPinTypePWM                 
000050c9  GPIOPinWrite                   
00003b11  IntEnable                      
00004f15  IntMasterDisable               
00004f25  IntMasterEnable                
00004891  IntRegister                    
00004169  LCD_write                      
00004bfd  PWMGenConfigure                
0000500f  PWMGenDisable                  
0000501b  PWMGenEnable                   
00004ef1  PWMGenPeriodGet                
00004f35  PWMGenPeriodSet                
00004f03  PWMOutputState                 
00004cc1  PWMPulseWidthSet               
000050cf  ResetISR                       
0000050d  SysCtlClockFreqSet             
000050d5  SysCtlDelay                    
00004e55  SysCtlPWMClockSet              
000048c5  SysCtlPeripheralEnable         
000047e9  SysCtlPeripheralReady          
000050a7  UARTBusy                       
00005059  UARTCharGet                    
00004fc1  UARTCharGetNonBlocking         
00005063  UARTCharPut                    
00004fcf  UARTCharsAvail                 
000050db  UARTClockSourceSet             
000044a1  UARTConfigSetExpClk            
00004c21  UARTDisable                    
00004e69  UARTEnable                     
000048f9  UARTFlushRx                    
000041b9  UARTFlushTx                    
000050e1  UARTIntClear                   
000050af  UARTIntEnable                  
00004db5  UARTIntRegister                
0000506d  UARTIntStatus                  
00002189  UARTStdioConfig                
00001125  UARTStdioIntHandler            
00005027  UARTTxIntModeSet               
00004b49  UARTprintf                     
00000201  UARTvprintf                    
000023fd  UARTwrite                      
20014bb0  __STACK_END                    
00004000  __STACK_SIZE                   
20014bb0  __STACK_TOP                    
000056f8  __TI_CINIT_Base                
00005710  __TI_CINIT_Limit               
000056dc  __TI_Handler_Table_Base        
000056e8  __TI_Handler_Table_Limit       
00004571  __TI_auto_init_nobinit_nopinit 
00003b79  __TI_decompress_lzss           
00004fdd  __TI_decompress_none           
ffffffff  __TI_pprof_out_hndl            
ffffffff  __TI_prof_data_size            
ffffffff  __TI_prof_data_start           
00000000  __TI_static_base__             
00005033  __TI_zero_init                 
0000340f  __aeabi_idiv0                  
0000340f  __aeabi_ldiv0                  
00003701  __aeabi_memclr                 
00003701  __aeabi_memclr4                
00003701  __aeabi_memclr8                
00002d6d  __aeabi_memcpy                 
00002d6d  __aeabi_memcpy4                
00002d6d  __aeabi_memcpy8                
00003703  __aeabi_memset                 
00003703  __aeabi_memset4                
00003703  __aeabi_memset8                
000046b9  __aeabi_uidiv                  
000046b9  __aeabi_uidivmod               
ffffffff  __binit__                      
ffffffff  __c_args__                     
UNDEFED   __mpu_init                     
20010bb0  __stack                        
00004821  _c_int00_noargs                
20014c10  _lock                          
000031fb  _nop                           
UNDEFED   _system_post_cinit             
000050e5  _system_pre_init               
20014c14  _unlock                        
000050e9  abort                          
00004205  ack_send_uart                  
00002cd1  add_fingerprint                
ffffffff  binit                          
0000406d  buzzer_config                  
00004639  buzzer_dutycycle               
00004b6d  buzzer_onoff                   
00003ea9  checksum_calc                  
00003511  checksum_init                  
00000e0d  column_handler                 
0000279d  configureUART_bbg              
2001066c  crcTable                       
00004c61  delay_ms                       
00004dcd  disable_timer                  
00004b91  enable_timer_int               
00000ac1  fp_access_handle               
00004cdf  fp_capture                     
000044e7  fp_checksum_calc               
00002f31  fp_cmdsend                     
00004dfd  fp_deleteall                   
00003685  fp_enroll                      
00004679  fp_get_enrollcount             
00004e13  fp_identify                    
00004de5  fp_init                        
00004251  fp_interrupt_config            
00004f45  fp_interrupt_disable           
00004f55  fp_interrupt_enable            
00003fbd  fp_irqhandler                  
00004e29  fp_isfingerpress               
00004c81  fp_led_status                  
00004e3f  fp_open                        
000030e1  fp_responsercv                 
000028f5  fp_start_enroll                
20010b84  g_led                          
20000000  g_pfnRAMVectors                
20010b88  g_pfnTimerHandler              
00000000  g_pfnVectors                   
20010b8c  g_qsem                         
20010b90  g_temp                         
20010b94  g_uartsem                      
20010b98  g_ui32SysClock                 
20010b9c  g_vulRunTimeStatsCountValue    
0000070d  keypad_button_detect           
00001a09  keypad_config                  
20014bfd  keypad_digits                  
00004ad5  keypad_interrupt_enable        
0000299d  lcd_init                       
00003411  lcd_write_cmd                  
00003491  lcd_write_data                 
000040c1  led_init                       
00002575  lwIPEthernetIntHandler         
000017b9  main                           
00002d6d  memcpy                         
00003709  memset                         
0000358d  mutex_create                   
00000f99  nrf_log                        
20010ba0  nrf_log_mq                     
00003be1  nrf_loggertask_init            
20010ba4  otp_arr                        
20010baa  otp_count                      
20010bab  otp_flag                       
00002849  packet_make                    
00004335  packet_msglog_uart             
00000c69  packet_rcv_uart                
0000262d  packet_send_uart               
00003609  pvPortMalloc                   
00004cfd  pvTaskIncrementMutexHeldCount  
20014bb0  pxCurrentTCB                   
00003f61  pxPortInitialiseStack          
00004411  queue_create                   
00004961  rand                           
00004995  reset_timer                    
00002e9d  sem_create                     
00004e91  strcpy                         
00004ea5  strlen                         
00003aa5  temptask_init                  
000020ad  timer0handler                  
00001df5  timer1handler                  
00001fcd  timer_config                   
00004f75  uart_busy                      
00004b23  uart_comm_flushRX              
0000503f  uart_comm_flushTX              
000026e5  uart_commhandler               
00002fc1  uart_configure                 
000008e9  uart_packet_handler            
00004d6b  uart_send                      
000056a8  ulMaxSyscallInterruptPriority  
00002271  ulPortGetIPSR                  
00004459  uxListRemove                   
0000508b  vApplicationStackOverflowHook  
000049c5  vListInitialise                
00004f85  vListInitialiseItem            
00003d81  vListInsert                    
000047ad  vListInsertEnd                 
00002325  vPortEnableVFP                 
00004bb5  vPortEnterCritical             
00004d19  vPortExitCritical              
00005095  vPortFree                      
000022e9  vPortSVCHandler                
00004d35  vPortSetupTimerInterrupt       
00002309  vPortStartFirstTask            
0000429d  vQueueAddToRegistry            
00004115  vQueueWaitForMessageRestricted 
0000504d  vTaskMissedYield               
00003d19  vTaskPlaceOnEventList          
00003955  vTaskPlaceOnEventListRestricted
00002335  vTaskPriorityInherit           
00004bd9  vTaskSetTimeOutState           
000031fd  vTaskStartScheduler            
00004f95  vTaskSuspendAll                
00001d01  vTaskSwitchContext             
00002289  xPortPendSVHandler             
000045b5  xPortStartScheduler            
00004a7d  xPortSysTickHandler            
000037f5  xQueueCreateMutex              
000039c5  xQueueGenericCreate            
000012ad  xQueueGenericReceive           
00002c31  xQueueGenericReset             
000018e1  xQueueGenericSend              
0000316f  xQueueGenericSendFromISR       
20010a90  xQueueRegistry                 
00003309  xTaskCheckForTimeOut           
00001419  xTaskGenericCreate             
000049f5  xTaskGetSchedulerState         
00004eb9  xTaskGetTickCount              
00001551  xTaskIncrementTick             
00002a45  xTaskPriorityDisinherit        
00003051  xTaskRemoveFromEventList       
00001c05  xTaskResumeAll                 
000042e9  xTimerCreateTimerTask          
00003a35  xTimerGenericCommand           


GLOBAL SYMBOLS: SORTED BY Symbol Address 

address   name                           
-------   ----                           
00000000  __TI_static_base__             
00000000  g_pfnVectors                   
00000201  UARTvprintf                    
0000050d  SysCtlClockFreqSet             
0000070d  keypad_button_detect           
000008e9  uart_packet_handler            
00000ac1  fp_access_handle               
00000c69  packet_rcv_uart                
00000e0d  column_handler                 
00000f99  nrf_log                        
00001125  UARTStdioIntHandler            
000012ad  xQueueGenericReceive           
00001419  xTaskGenericCreate             
00001551  xTaskIncrementTick             
00001685  GPIOPadConfigSet               
000017b9  main                           
000018e1  xQueueGenericSend              
00001a09  keypad_config                  
00001c05  xTaskResumeAll                 
00001d01  vTaskSwitchContext             
00001df5  timer1handler                  
00001fcd  timer_config                   
000020ad  timer0handler                  
00002189  UARTStdioConfig                
00002271  ulPortGetIPSR                  
00002289  xPortPendSVHandler             
000022e9  vPortSVCHandler                
00002309  vPortStartFirstTask            
00002325  vPortEnableVFP                 
00002335  vTaskPriorityInherit           
000023fd  UARTwrite                      
00002575  lwIPEthernetIntHandler         
0000262d  packet_send_uart               
000026e5  uart_commhandler               
0000279d  configureUART_bbg              
00002849  packet_make                    
000028f5  fp_start_enroll                
0000299d  lcd_init                       
00002a45  xTaskPriorityDisinherit        
00002c31  xQueueGenericReset             
00002cd1  add_fingerprint                
00002d6d  __aeabi_memcpy                 
00002d6d  __aeabi_memcpy4                
00002d6d  __aeabi_memcpy8                
00002d6d  memcpy                         
00002e9d  sem_create                     
00002f31  fp_cmdsend                     
00002fc1  uart_configure                 
00003051  xTaskRemoveFromEventList       
000030e1  fp_responsercv                 
0000316f  xQueueGenericSendFromISR       
000031fb  _nop                           
000031fd  vTaskStartScheduler            
00003309  xTaskCheckForTimeOut           
0000340f  __aeabi_idiv0                  
0000340f  __aeabi_ldiv0                  
00003411  lcd_write_cmd                  
00003491  lcd_write_data                 
00003511  checksum_init                  
0000358d  mutex_create                   
00003609  pvPortMalloc                   
00003685  fp_enroll                      
00003701  __aeabi_memclr                 
00003701  __aeabi_memclr4                
00003701  __aeabi_memclr8                
00003703  __aeabi_memset                 
00003703  __aeabi_memset4                
00003703  __aeabi_memset8                
00003709  memset                         
000037f5  xQueueCreateMutex              
0000386d  ConfigureUART                  
00003955  vTaskPlaceOnEventListRestricted
000039c5  xQueueGenericCreate            
00003a35  xTimerGenericCommand           
00003aa5  temptask_init                  
00003b11  IntEnable                      
00003b79  __TI_decompress_lzss           
00003be1  nrf_loggertask_init            
00003d19  vTaskPlaceOnEventList          
00003d81  vListInsert                    
00003ea9  checksum_calc                  
00003f61  pxPortInitialiseStack          
00003fbd  fp_irqhandler                  
00004000  __STACK_SIZE                   
00004015  GPIOIntTypeSet                 
0000406d  buzzer_config                  
000040c1  led_init                       
00004115  vQueueWaitForMessageRestricted 
00004169  LCD_write                      
000041b9  UARTFlushTx                    
00004205  ack_send_uart                  
00004251  fp_interrupt_config            
0000429d  vQueueAddToRegistry            
000042e9  xTimerCreateTimerTask          
00004335  packet_msglog_uart             
00004381  GPIOPinConfigure               
00004411  queue_create                   
00004459  uxListRemove                   
000044a1  UARTConfigSetExpClk            
000044e7  fp_checksum_calc               
00004571  __TI_auto_init_nobinit_nopinit 
000045b5  xPortStartScheduler            
00004639  buzzer_dutycycle               
00004679  fp_get_enrollcount             
000046b9  __aeabi_uidiv                  
000046b9  __aeabi_uidivmod               
000047ad  vListInsertEnd                 
000047e9  SysCtlPeripheralReady          
00004821  _c_int00_noargs                
00004891  IntRegister                    
000048c5  SysCtlPeripheralEnable         
000048f9  UARTFlushRx                    
00004961  rand                           
00004995  reset_timer                    
000049c5  vListInitialise                
000049f5  xTaskGetSchedulerState         
00004a25  EMACIntStatus                  
00004a7d  xPortSysTickHandler            
00004aa9  GPIODirModeSet                 
00004ad5  keypad_interrupt_enable        
00004b23  uart_comm_flushRX              
00004b49  UARTprintf                     
00004b6d  buzzer_onoff                   
00004b91  enable_timer_int               
00004bb5  vPortEnterCritical             
00004bd9  vTaskSetTimeOutState           
00004bfd  PWMGenConfigure                
00004c21  UARTDisable                    
00004c61  delay_ms                       
00004c81  fp_led_status                  
00004cc1  PWMPulseWidthSet               
00004cdf  fp_capture                     
00004cfd  pvTaskIncrementMutexHeldCount  
00004d19  vPortExitCritical              
00004d35  vPortSetupTimerInterrupt       
00004d6b  uart_send                      
00004d85  GPIOIntRegister                
00004d9d  GPIOPinTypeGPIOOutput          
00004db5  UARTIntRegister                
00004dcd  disable_timer                  
00004de5  fp_init                        
00004dfd  fp_deleteall                   
00004e13  fp_identify                    
00004e29  fp_isfingerpress               
00004e3f  fp_open                        
00004e55  SysCtlPWMClockSet              
00004e69  UARTEnable                     
00004e91  strcpy                         
00004ea5  strlen                         
00004eb9  xTaskGetTickCount              
00004ecd  GPIOPinTypeGPIOInput           
00004edf  GPIOPinTypePWM                 
00004ef1  PWMGenPeriodGet                
00004f03  PWMOutputState                 
00004f15  IntMasterDisable               
00004f25  IntMasterEnable                
00004f35  PWMGenPeriodSet                
00004f45  fp_interrupt_disable           
00004f55  fp_interrupt_enable            
00004f75  uart_busy                      
00004f85  vListInitialiseItem            
00004f95  vTaskSuspendAll                
00004fa5  GPIOIntDisable                 
00004fb3  GPIOIntStatus                  
00004fc1  UARTCharGetNonBlocking         
00004fcf  UARTCharsAvail                 
00004fdd  __TI_decompress_none           
00004feb  CPUcpsid                       
00004ff7  CPUcpsie                       
00005003  GPIOIntEnable                  
0000500f  PWMGenDisable                  
0000501b  PWMGenEnable                   
00005027  UARTTxIntModeSet               
00005033  __TI_zero_init                 
0000503f  uart_comm_flushTX              
0000504d  vTaskMissedYield               
00005059  UARTCharGet                    
00005063  UARTCharPut                    
0000506d  UARTIntStatus                  
0000508b  vApplicationStackOverflowHook  
00005095  vPortFree                      
0000509f  EMACPowerManagementStatusGet   
000050a7  UARTBusy                       
000050af  UARTIntEnable                  
000050b7  EMACTimestampIntStatus         
000050bd  GPIOIntClear                   
000050c3  GPIOPinRead                    
000050c9  GPIOPinWrite                   
000050cf  ResetISR                       
000050d5  SysCtlDelay                    
000050db  UARTClockSourceSet             
000050e1  UARTIntClear                   
000050e5  _system_pre_init               
000050e9  C$$EXIT                        
000050e9  abort                          
000056a8  ulMaxSyscallInterruptPriority  
000056dc  __TI_Handler_Table_Base        
000056e8  __TI_Handler_Table_Limit       
000056f8  __TI_CINIT_Base                
00005710  __TI_CINIT_Limit               
20000000  g_pfnRAMVectors                
2001066c  crcTable                       
20010a90  xQueueRegistry                 
20010b84  g_led                          
20010b88  g_pfnTimerHandler              
20010b8c  g_qsem                         
20010b90  g_temp                         
20010b94  g_uartsem                      
20010b98  g_ui32SysClock                 
20010b9c  g_vulRunTimeStatsCountValue    
20010ba0  nrf_log_mq                     
20010ba4  otp_arr                        
20010baa  otp_count                      
20010bab  otp_flag                       
20010bb0  __stack                        
20014bb0  __STACK_END                    
20014bb0  __STACK_TOP                    
20014bb0  pxCurrentTCB                   
20014bfd  keypad_digits                  
20014c10  _lock                          
20014c14  _unlock                        
ffffffff  __TI_pprof_out_hndl            
ffffffff  __TI_prof_data_size            
ffffffff  __TI_prof_data_start           
ffffffff  __binit__                      
ffffffff  __c_args__                     
ffffffff  binit                          
UNDEFED   __mpu_init                     
UNDEFED   _system_post_cinit             

[229 symbols]
