******************************************************************************
                  TI ARM Linker PC v18.1.4                     
******************************************************************************
>> Linked Fri Apr 26 02:33:11 2019

OUTPUT FILE NAME:   <remote_node.out>
ENTRY POINT SYMBOL: "_c_int00_noargs"  address: 00003459


MEMORY CONFIGURATION

         name            origin    length      used     unused   attr    fill
----------------------  --------  ---------  --------  --------  ----  --------
  FLASH                 00000000   00100000  0000411c  000fbee4  R  X
  SRAM                  20000000   00040000  00014a24  0002b5dc  RW X


SEGMENT ALLOCATION MAP

run origin  load origin   length   init length attrs members
----------  ----------- ---------- ----------- ----- -------
00000000    00000000    00004120   00004120    r-x
  00000000    00000000    00000200   00000200    r-- .intvecs
  00000200    00000200    0000396c   0000396c    r-x .text
  00003b6c    00003b6c    00000550   00000550    r-- .const
  000040c0    000040c0    00000060   00000060    r-- .cinit
20000000    20000000    00014a28   00000000    rw-
  20000000    20000000    0000026c   00000000    rw- .vtable
  2000026c    2000026c    00010738   00000000    rw- .bss
  200109a8    200109a8    00004000   00000000    rw- .stack
  200149a8    200149a8    00000080   00000000    rw- .data


SECTION ALLOCATION MAP

 output                                  attributes/
section   page    origin      length       input sections
--------  ----  ----------  ----------   ----------------
.intvecs   0    00000000    00000200     
                  00000000    00000200     startup_ccs.obj (.intvecs)

.text      0    00000200    0000396c     
                  00000200    00000208     uartstdio.obj (.text:UARTvprintf)
                  00000408    00000200     driverlib.lib : sysctl.obj (.text:SysCtlClockFreqSet)
                  00000608    000001c4     spi.obj (.text:spi_config)
                  000007cc    00000178     logger.obj (.text:nrf_log)
                  00000944    00000170     uartstdio.obj (.text:UARTStdioIntHandler)
                  00000ab4    00000168     nrf_driver.obj (.text:nrf_irqhandler)
                  00000c1c    00000132     driverlib.lib : gpio.obj (.text:GPIOPadConfigSet)
                  00000d4e    00000002     startup_ccs.obj (.text:FaultISR)
                  00000d50    00000128     keypad.obj (.text:keypad_button_detect)
                  00000e78    00000128     keypad.obj (.text:keypad_config)
                  00000fa0    00000128     queue.obj (.text:xQueueGenericReceive)
                  000010c8    00000108     tasks.obj (.text:xTaskIncrementTick)
                  000011d0    00000104     temp.obj (.text:temp)
                  000012d4    000000fc     main.obj (.text:main)
                  000013d0    000000fc     queue.obj (.text:xQueueGenericSend)
                  000014cc    000000fc     tasks.obj (.text:xTaskGenericCreate)
                  000015c8    000000ec     tasks.obj (.text:xTaskResumeAll)
                  000016b4    000000d2     portasm.obj (.text)
                  00001786    00000002     startup_ccs.obj (.text:IntDefaultHandler)
                  00001788    000000c8     fingerprint.obj (.text:fp_irqhandler)
                  00001850    000000c8     tasks.obj (.text:vTaskSwitchContext)
                  00001918    000000bc     uart_comm_bbg.obj (.text:uart_commhandler)
                  000019d4    000000b8     uartstdio.obj (.text:UARTStdioConfig)
                  00001a8c    000000ac     lwiplib.obj (.text:lwIPEthernetIntHandler)
                  00001b38    000000a8     uartstdio.obj (.text:UARTwrite)
                  00001be0    000000a4     timers.obj (.text:prvProcessReceivedCommands)
                  00001c84    0000009c     uartstdio.obj (.text:UARTPrimeTransmit)
                  00001d20    0000009c     fingerprint.obj (.text:add_fingerprint)
                  00001dbc    0000009c     rtsv7M4_T_le_v4SPD16_eabi.lib : memcpy_t2.asm.obj (.text)
                  00001e58    00000098     tasks.obj (.text:vTaskPriorityInherit)
                  00001ef0    00000093     fingerprint.obj (.text:fp_enroll)
                  00001f83    00000001     --HOLE-- [fill = 0]
                  00001f84    0000008c     keypad.obj (.text:column_handler)
                  00002010    0000008c     sync_objects.obj (.text:sem_create)
                  0000209c    00000089     fingerprint.obj (.text:fp_responsercv)
                  00002125    00000001     --HOLE-- [fill = 0]
                  00002126    00000002     startup_ccs.obj (.text:NmiSR)
                  00002128    00000084     tasks.obj (.text:xTaskPriorityDisinherit)
                  000021ac    0000007c     myuart.obj (.text:uart_configure)
                  00002228    0000007a     rtsv7M4_T_le_v4SPD16_eabi.lib : memset_t2.asm.obj (.text)
                  000022a2    00000002     driverlib.lib : interrupt.obj (.text:_IntDefaultHandler)
                  000022a4    00000078     tasks.obj (.text:xTaskRemoveFromEventList)
                  0000231c    00000076     queue.obj (.text:prvCopyDataToQueue)
                  00002392    00000002     rtsv7M4_T_le_v4SPD16_eabi.lib : _lock.c.obj (.text:_nop)
                  00002394    00000074     sync_objects.obj (.text:mutex_create)
                  00002408    00000074     timers.obj (.text:prvSwitchTimerLists)
                  0000247c    00000074     queue.obj (.text:xQueueGenericReset)
                  000024f0    00000070     timers.obj (.text:prvProcessTimerOrBlockTask)
                  00002560    00000070     tasks.obj (.text:vTaskStartScheduler)
                  000025d0    0000006c     main.obj (.text:ConfigureUART)
                  0000263c    00000068     driverlib.lib : interrupt.obj (.text:IntDisable)
                  000026a4    00000068                   : interrupt.obj (.text:IntEnable)
                  0000270c    00000068     rtsv7M4_T_le_v4SPD16_eabi.lib : copy_decompress_lzss.c.obj (.text:decompress:lzss:__TI_decompress_lzss)
                  00002774    00000068     tasks.obj (.text:prvInitialiseTaskLists)
                  000027dc    00000064     tasks.obj (.text:prvCheckTasksWaitingTermination)
                  00002840    00000064     temp.obj (.text:temptask_init)
                  000028a4    00000062     queue.obj (.text:prvUnlockQueue)
                  00002906    00000002     timer.obj (.text:led_timer0handler)
                  00002908    00000060     logger.obj (.text:nrf_loggertask_init)
                  00002968    00000060     tasks.obj (.text:xTaskCheckForTimeOut)
                  000029c8    0000005c     led.obj (.text:led_init)
                  00002a24    0000005c     timers.obj (.text:prvCheckForValidListAndQueue)
                  00002a80    0000005c     heap_1.obj (.text:pvPortMalloc)
                  00002adc    0000005c     queue.obj (.text:xQueueGenericSendFromISR)
                  00002b38    00000058     fingerprint.obj (.text:fp_start_enroll)
                  00002b90    00000058     fingerprint.obj (.text:fp_verify)
                  00002be8    00000058     tasks.obj (.text:vTaskPlaceOnEventList)
                  00002c40    00000058     tasks.obj (.text:vTaskPlaceOnEventListRestricted)
                  00002c98    00000056     driverlib.lib : gpio.obj (.text:GPIOIntTypeSet)
                  00002cee    00000002     rtsv7M4_T_le_v4SPD16_eabi.lib : div0.asm.obj (.text)
                  00002cf0    00000054     fingerprint.obj (.text:fp_cmdsend)
                  00002d44    00000054     fingerprint.obj (.text:fp_interrupt_enable)
                  00002d98    00000054     nrf_driver.obj (.text:nrf_interrupt_enable)
                  00002dec    00000054     timers.obj (.text:xTimerGenericCommand)
                  00002e40    00000052     tasks.obj (.text:prvInitialiseTCBVariables)
                  00002e92    00000002     main.obj (.text:vApplicationStackOverflowHook)
                  00002e94    0000004c     tasks.obj (.text:prvAddCurrentTaskToDelayedList)
                  00002ee0    0000004c     timers.obj (.text:prvInsertTimerInActiveList)
                  00002f2c    0000004c     queue.obj (.text:xQueueCreateMutex)
                  00002f78    00000048     driverlib.lib : gpio.obj (.text:GPIOPinConfigure)
                  00002fc0    00000048                   : sysctl.obj (.text:_SysCtlFrequencyGet)
                  00003008    00000048     timers.obj (.text:prvProcessExpiredTimer)
                  00003050    00000046     driverlib.lib : uart.obj (.text:UARTConfigSetExpClk)
                  00003096    00000002     heap_1.obj (.text:vPortFree)
                  00003098    00000044     driverlib.lib : gpio.obj (.text:_GPIOIntNumberGet)
                  000030dc    00000044     rtsv7M4_T_le_v4SPD16_eabi.lib : autoinit.c.obj (.text:__TI_auto_init_nobinit_nopinit:__TI_auto_init_nobinit_nopinit)
                  00003120    00000044     msg_queue.obj (.text:queue_create)
                  00003164    00000042     queue.obj (.text:xQueueGenericCreate)
                  000031a6    00000002     --HOLE-- [fill = 0]
                  000031a8    00000040     nrf_driver.obj (.text:nrf_read_reg)
                  000031e8    00000040     nrf_driver.obj (.text:nrf_write_reg)
                  00003228    00000040     rtsv7M4_T_le_v4SPD16_eabi.lib : u_divt2.asm.obj (.text)
                  00003268    00000040     timer.obj (.text:temp_timer0handler)
                  000032a8    00000040     queue.obj (.text:vQueueWaitForMessageRestricted)
                  000032e8    00000040     port.obj (.text:xPortStartScheduler)
                  00003328    00000040     timers.obj (.text:xTimerCreateTimerTask)
                  00003368    0000003e     tasks.obj (.text:prvAllocateTCBAndStack)
                  000033a6    0000003c     driverlib.lib : ssi.obj (.text:SSIConfigSetExpClk)
                  000033e2    00000002     --HOLE-- [fill = 0]
                  000033e4    0000003c     uartstdio.obj (.text:UARTFlushTx)
                  00003420    00000038     driverlib.lib : sysctl.obj (.text:SysCtlPeripheralReady)
                  00003458    00000038     rtsv7M4_T_le_v4SPD16_eabi.lib : boot_cortex_m.c.obj (.text:_c_int00_noargs:_c_int00_noargs)
                  00003490    00000034     driverlib.lib : interrupt.obj (.text:IntRegister)
                  000034c4    00000034                   : sysctl.obj (.text:SysCtlPeripheralEnable)
                  000034f8    00000034     nrf_driver.obj (.text:nrf_gpio_init)
                  0000352c    00000034     rtsv7M4_T_le_v4SPD16_eabi.lib : rand.c.obj (.text:rand)
                  00003560    00000032     list.obj (.text:vListInsert)
                  00003592    00000002     --HOLE-- [fill = 0]
                  00003594    00000030     queue.obj (.text:vQueueAddToRegistry)
                  000035c4    0000002c     driverlib.lib : emac.obj (.text:EMACIntStatus)
                  000035f0    0000002c     uartstdio.obj (.text:UARTFlushRx)
                  0000361c    0000002c     tasks.obj (.text:prvResetNextTaskUnblockTime)
                  00003648    0000002c     timers.obj (.text:prvSampleTimeNow)
                  00003674    0000002c     port.obj (.text:xPortSysTickHandler)
                  000036a0    0000002a     driverlib.lib : gpio.obj (.text:GPIODirModeSet)
                  000036ca    00000028     queue.obj (.text:prvCopyDataFromQueue)
                  000036f2    00000002     --HOLE-- [fill = 0]
                  000036f4    00000028     port.obj (.text:pxPortInitialiseStack)
                  0000371c    00000028     spi.obj (.text:spi_transfer)
                  00003744    00000026     list.obj (.text:uxListRemove)
                  0000376a    00000002     --HOLE-- [fill = 0]
                  0000376c    00000024     timers.obj (.text:prvGetNextExpireTime)
                  00003790    00000020     driverlib.lib : uart.obj (.text:UARTDisable)
                  000037b0    00000020                   : sysctl.obj (.text:_SysCtlMemTimingGet)
                  000037d0    00000020     tasks.obj (.text:xTaskGetSchedulerState)
                  000037f0    0000001e     queue.obj (.text:prvIsQueueFull)
                  0000380e    0000001e     list.obj (.text:vListInitialise)
                  0000382c    0000001c     port.obj (.text:vPortEnterCritical)
                  00003848    0000001a     uartstdio.obj (.text:IsBufferFull)
                  00003862    0000001a     uartstdio.obj (.text:UARTprintf)
                  0000387c    0000001a     fingerprint.obj (.text:fp_checksum_calc)
                  00003896    0000001a     queue.obj (.text:prvIsQueueEmpty)
                  000038b0    00000018     driverlib.lib : gpio.obj (.text:GPIOIntRegister)
                  000038c8    00000018                   : gpio.obj (.text:GPIOPinTypeGPIOOutput)
                  000038e0    00000018     tasks.obj (.text:pvTaskIncrementMutexHeldCount)
                  000038f8    00000018     list.obj (.text:vListInsertEnd)
                  00003910    00000018     port.obj (.text:vPortExitCritical)
                  00003928    00000018     port.obj (.text:vPortSetupTimerInterrupt)
                  00003940    00000018     tasks.obj (.text:vTaskSetTimeOutState)
                  00003958    00000014     driverlib.lib : gpio.obj (.text:GPIOIntUnregister)
                  0000396c    00000014                   : interrupt.obj (.text:IntUnregister)
                  00003980    00000014                   : uart.obj (.text:UARTEnable)
                  00003994    00000014     timers.obj (.text:prvTimerTask)
                  000039a8    00000014     rtsv7M4_T_le_v4SPD16_eabi.lib : strcpy.c.obj (.text:strcpy)
                  000039bc    00000012     driverlib.lib : gpio.obj (.text:GPIOPinTypeGPIOInput)
                  000039ce    00000012                   : gpio.obj (.text:GPIOPinTypeSSI)
                  000039e0    00000012     tasks.obj (.text:prvDeleteTCB)
                  000039f2    00000010     driverlib.lib : interrupt.obj (.text:IntMasterDisable)
                  00003a02    00000010                   : interrupt.obj (.text:IntMasterEnable)
                  00003a12    00000010     port.obj (.text:prvTaskExitError)
                  00003a22    00000002     --HOLE-- [fill = 0]
                  00003a24    00000010     tasks.obj (.text:vTaskSuspendAll)
                  00003a34    0000000e     driverlib.lib : gpio.obj (.text:GPIOIntStatus)
                  00003a42    0000000e     uartstdio.obj (.text:IsBufferEmpty)
                  00003a50    0000000e     driverlib.lib : uart.obj (.text:UARTCharGetNonBlocking)
                  00003a5e    0000000e                   : uart.obj (.text:UARTCharsAvail)
                  00003a6c    0000000e     rtsv7M4_T_le_v4SPD16_eabi.lib : copy_decompress_none.c.obj (.text:decompress:none:__TI_decompress_none)
                  00003a7a    0000000c     driverlib.lib : cpu.obj (.text:CPUcpsid)
                  00003a86    0000000c                   : cpu.obj (.text:CPUcpsie)
                  00003a92    0000000c                   : gpio.obj (.text:GPIOIntEnable)
                  00003a9e    0000000c                   : ssi.obj (.text:SSIDataGet)
                  00003aaa    0000000c     rtsv7M4_T_le_v4SPD16_eabi.lib : copy_zero_init.c.obj (.text:decompress:ZI:__TI_zero_init)
                  00003ab6    00000002     --HOLE-- [fill = 0]
                  00003ab8    0000000c     tasks.obj (.text:vTaskMissedYield)
                  00003ac4    0000000c     tasks.obj (.text:xTaskGetTickCount)
                  00003ad0    0000000a     driverlib.lib : ssi.obj (.text:SSIDataPut)
                  00003ada    0000000a                   : ssi.obj (.text:SSIEnable)
                  00003ae4    0000000a                   : uart.obj (.text:UARTCharGet)
                  00003aee    0000000a                   : uart.obj (.text:UARTCharPut)
                  00003af8    0000000a                   : uart.obj (.text:UARTIntStatus)
                  00003b02    00000008                   : emac.obj (.text:EMACPowerManagementStatusGet)
                  00003b0a    00000008                   : ssi.obj (.text:SSIBusy)
                  00003b12    00000008                   : uart.obj (.text:UARTBusy)
                  00003b1a    00000008     logger.obj (.text:nrf_logger)
                  00003b22    00000008     tasks.obj (.text:prvIdleTask)
                  00003b2a    00000006     driverlib.lib : emac.obj (.text:EMACTimestampIntStatus)
                  00003b30    00000006                   : gpio.obj (.text:GPIOIntClear)
                  00003b36    00000006                   : gpio.obj (.text:GPIOPinRead)
                  00003b3c    00000006                   : gpio.obj (.text:GPIOPinWrite)
                  00003b42    00000006     startup_ccs.obj (.text:ResetISR)
                  00003b48    00000006     driverlib.lib : sysctl.obj (.text:SysCtlDelay)
                  00003b4e    00000006                   : uart.obj (.text:UARTClockSourceSet)
                  00003b54    00000006     spi.obj (.text:spi_dummy_transfer)
                  00003b5a    00000006     list.obj (.text:vListInitialiseItem)
                  00003b60    00000004     driverlib.lib : uart.obj (.text:UARTIntClear)
                  00003b64    00000004     rtsv7M4_T_le_v4SPD16_eabi.lib : pre_init.c.obj (.text:_system_pre_init)
                  00003b68    00000004                                   : exit.c.obj (.text:abort:abort)

.const     0    00003b6c    00000550     
                  00003b6c    000001b0     driverlib.lib : sysctl.obj (.const:g_pppui32XTALtoVCO)
                  00003d1c    000000d8                   : gpio.obj (.const:g_ppui32GPIOIntMapSnowflake)
                  00003df4    000000c0                   : gpio.obj (.const:g_ppui32GPIOIntMapBlizzard)
                  00003eb4    00000090                   : gpio.obj (.const:g_pui32GPIOBaseAddrs)
                  00003f44    00000070                   : interrupt.obj (.const)
                  00003fb4    0000006c                   : sysctl.obj (.const:g_pui32Xtals)
                  00004020    00000030                   : sysctl.obj (.const:g_sXTALtoMEMTIM)
                  00004050    00000012     uartstdio.obj (.const:.string)
                  00004062    0000000c     fingerprint.obj (.const:.string:$P$T0$1)
                  0000406e    0000000c     fingerprint.obj (.const:.string:$P$T1$2)
                  0000407a    0000000c     fingerprint.obj (.const:.string:$P$T4$5)
                  00004086    00000002     --HOLE-- [fill = 0]
                  00004088    0000000c     uartstdio.obj (.const:g_ui32UARTBase)
                  00004094    0000000c     uartstdio.obj (.const:g_ui32UARTInt)
                  000040a0    0000000c     uartstdio.obj (.const:g_ui32UARTPeriph)
                  000040ac    00000008     driverlib.lib : sysctl.obj (.const)
                  000040b4    00000004     port.obj (.const)
                  000040b8    00000004     uartstdio.obj (.const)

.cinit     0    000040c0    00000060     
                  000040c0    00000029     (.cinit..data.load) [load image, compression = lzss]
                  000040e9    00000003     --HOLE-- [fill = 0]
                  000040ec    0000000c     (__TI_handler_table)
                  000040f8    00000008     (.cinit..bss.load) [load image, compression = zero_init]
                  00004100    00000008     (.cinit..vtable.load) [load image, compression = zero_init]
                  00004108    00000018     (__TI_cinit_table)

.init_array 
*          0    00000000    00000000     UNINITIALIZED

.vtable    0    20000000    0000026c     UNINITIALIZED
                  20000000    0000026c     driverlib.lib : interrupt.obj (.vtable)

.bss       0    2000026c    00010738     UNINITIALIZED
                  2000026c    00010000     heap_1.obj (.bss:ucHeap)
                  2001026c    00000400     uartstdio.obj (.bss:g_pcUARTTxBuffer)
                  2001066c    00000140     tasks.obj (.bss:pxReadyTasksLists)
                  200107ac    00000080     uartstdio.obj (.bss:g_pcUARTRxBuffer)
                  2001082c    00000064     lwiplib.obj (.bss)
                  20010890    00000050     (.common:xQueueRegistry)
                  200108e0    00000014     timers.obj (.bss:xActiveTimerList1)
                  200108f4    00000014     timers.obj (.bss:xActiveTimerList2)
                  20010908    00000014     tasks.obj (.bss:xDelayedTaskList1)
                  2001091c    00000014     tasks.obj (.bss:xDelayedTaskList2)
                  20010930    00000014     tasks.obj (.bss:xPendingReadyList)
                  20010944    00000014     tasks.obj (.bss:xSuspendedTaskList)
                  20010958    00000014     tasks.obj (.bss:xTasksWaitingTermination)
                  2001096c    00000008     tasks.obj (.bss)
                  20010974    00000008     timers.obj (.bss)
                  2001097c    00000008     uartstdio.obj (.bss)
                  20010984    00000004     (.common:g_led)
                  20010988    00000004     (.common:g_pfnTimerHandler)
                  2001098c    00000004     (.common:g_qsem)
                  20010990    00000004     (.common:g_temp)
                  20010994    00000004     (.common:g_uartsem)
                  20010998    00000004     (.common:g_ui32SysClock)
                  2001099c    00000004     (.common:g_vulRunTimeStatsCountValue)
                  200109a0    00000004     (.common:nrf_log_mq)

.data      0    200149a8    00000080     UNINITIALIZED
                  200149a8    00000038     tasks.obj (.data)
                  200149e0    00000015     uartstdio.obj (.data)
                  200149f5    00000010     keypad.obj (.data:keypad_digits)
                  20014a05    00000003     --HOLE--
                  20014a08    00000008     rtsv7M4_T_le_v4SPD16_eabi.lib : _lock.c.obj (.data:$O1$$)
                  20014a10    00000008     heap_1.obj (.data)
                  20014a18    00000008     timers.obj (.data)
                  20014a20    00000004     port.obj (.data)
                  20014a24    00000004     rtsv7M4_T_le_v4SPD16_eabi.lib : rand.c.obj (.data)

.stack     0    200109a8    00004000     UNINITIALIZED
                  200109a8    00000004     rtsv7M4_T_le_v4SPD16_eabi.lib : boot_cortex_m.c.obj (.stack)
                  200109ac    00003ffc     --HOLE--

MODULE SUMMARY

       Module                       code    ro data   rw data
       ------                       ----    -------   -------
    .\
       startup_ccs.obj              12      512       0      
       main.obj                     362     0         28     
    +--+----------------------------+-------+---------+---------+
       Total:                       374     512       28     
                                                             
    .\src\
       fingerprint.obj              1010    36        0      
       keypad.obj                   732     0         16     
       nrf_driver.obj               624     0         0      
       spi.obj                      498     0         0      
       logger.obj                   480     0         0      
       temp.obj                     360     0         0      
       sync_objects.obj             256     0         0      
       uart_comm_bbg.obj            188     0         0      
       myuart.obj                   124     0         0      
       led.obj                      92      0         0      
       msg_queue.obj                68      0         0      
       timer.obj                    66      0         0      
    +--+----------------------------+-------+---------+---------+
       Total:                       4498    36        16     
                                                             
    .\third_party\FreeRTOS\Source\
       tasks.obj                    2354    0         484    
       queue.obj                    1322    0         80     
       timers.obj                   880     0         56     
       list.obj                     148     0         0      
    +--+----------------------------+-------+---------+---------+
       Total:                       4704    0         620    
                                                             
    .\third_party\FreeRTOS\Source\portable\CCS\ARM_CM4F\
       port.obj                     240     4         4      
       portasm.obj                  210     0         0      
    +--+----------------------------+-------+---------+---------+
       Total:                       450     4         4      
                                                             
    .\third_party\FreeRTOS\Source\portable\MemMang\
       heap_1.obj                   94      0         65544  
    +--+----------------------------+-------+---------+---------+
       Total:                       94      0         65544  
                                                             
    .\utils\
       uartstdio.obj                1566    58        1181   
       lwiplib.obj                  172     0         104    
    +--+----------------------------+-------+---------+---------+
       Total:                       1738    58        1285   
                                                             
    C:/ti/TivaWare_C_Series-2.1.4.178/driverlib/ccs/Debug/driverlib.lib
       sysctl.obj                   730     596       0      
       gpio.obj                     722     552       0      
       interrupt.obj                314     112       620    
       uart.obj                     198     0         0      
       ssi.obj                      100     0         0      
       emac.obj                     58      0         0      
       cpu.obj                      24      0         0      
    +--+----------------------------+-------+---------+---------+
       Total:                       2146    1260      620    
                                                             
    C:\ti\ccsv8\tools\compiler\ti-cgt-arm_18.1.4.LTS\lib\rtsv7M4_T_le_v4SPD16_eabi.lib
       memcpy_t2.asm.obj            156     0         0      
       memset_t2.asm.obj            122     0         0      
       copy_decompress_lzss.c.obj   104     0         0      
       autoinit.c.obj               68      0         0      
       u_divt2.asm.obj              64      0         0      
       boot_cortex_m.c.obj          56      0         0      
       rand.c.obj                   52      0         4      
       strcpy.c.obj                 20      0         0      
       copy_decompress_none.c.obj   14      0         0      
       copy_zero_init.c.obj         12      0         0      
       _lock.c.obj                  2       0         8      
       exit.c.obj                   4       0         0      
       pre_init.c.obj               4       0         0      
       div0.asm.obj                 2       0         0      
    +--+----------------------------+-------+---------+---------+
       Total:                       680     0         12     
                                                             
       Stack:                       0       0         16384  
       Linker Generated:            0       93        0      
    +--+----------------------------+-------+---------+---------+
       Grand Total:                 14684   1963      84513  


LINKER GENERATED COPY TABLES

__TI_cinit_table @ 00004108 records: 3, size/record: 8, table size: 24
	.data: load addr=000040c0, load size=00000029 bytes, run addr=200149a8, run size=00000080 bytes, compression=lzss
	.bss: load addr=000040f8, load size=00000008 bytes, run addr=2000026c, run size=00010738 bytes, compression=zero_init
	.vtable: load addr=00004100, load size=00000008 bytes, run addr=20000000, run size=0000026c bytes, compression=zero_init


LINKER GENERATED HANDLER TABLE

__TI_handler_table @ 000040ec records: 3, size/record: 4, table size: 12
	index: 0, handler: __TI_zero_init
	index: 1, handler: __TI_decompress_lzss
	index: 2, handler: __TI_decompress_none


GLOBAL SYMBOLS: SORTED ALPHABETICALLY BY Name 

address   name                           
-------   ----                           
00003b69  C$$EXIT                        
00003a7b  CPUcpsid                       
00003a87  CPUcpsie                       
000025d1  ConfigureUART                  
000035c5  EMACIntStatus                  
00003b03  EMACPowerManagementStatusGet   
00003b2b  EMACTimestampIntStatus         
000036a1  GPIODirModeSet                 
00003b31  GPIOIntClear                   
00003a93  GPIOIntEnable                  
000038b1  GPIOIntRegister                
00003a35  GPIOIntStatus                  
00002c99  GPIOIntTypeSet                 
00003959  GPIOIntUnregister              
00000c1d  GPIOPadConfigSet               
00002f79  GPIOPinConfigure               
00003b37  GPIOPinRead                    
000039bd  GPIOPinTypeGPIOInput           
000038c9  GPIOPinTypeGPIOOutput          
000039cf  GPIOPinTypeSSI                 
00003b3d  GPIOPinWrite                   
0000263d  IntDisable                     
000026a5  IntEnable                      
000039f3  IntMasterDisable               
00003a03  IntMasterEnable                
00003491  IntRegister                    
0000396d  IntUnregister                  
00003b43  ResetISR                       
00003b0b  SSIBusy                        
000033a7  SSIConfigSetExpClk             
00003a9f  SSIDataGet                     
00003ad1  SSIDataPut                     
00003adb  SSIEnable                      
00000409  SysCtlClockFreqSet             
00003b49  SysCtlDelay                    
000034c5  SysCtlPeripheralEnable         
00003421  SysCtlPeripheralReady          
00003b13  UARTBusy                       
00003ae5  UARTCharGet                    
00003a51  UARTCharGetNonBlocking         
00003aef  UARTCharPut                    
00003a5f  UARTCharsAvail                 
00003b4f  UARTClockSourceSet             
00003051  UARTConfigSetExpClk            
00003791  UARTDisable                    
00003981  UARTEnable                     
000035f1  UARTFlushRx                    
000033e5  UARTFlushTx                    
00003b61  UARTIntClear                   
00003af9  UARTIntStatus                  
000019d5  UARTStdioConfig                
00000945  UARTStdioIntHandler            
00003863  UARTprintf                     
00000201  UARTvprintf                    
00001b39  UARTwrite                      
200149a8  __STACK_END                    
00004000  __STACK_SIZE                   
200149a8  __STACK_TOP                    
00004108  __TI_CINIT_Base                
00004120  __TI_CINIT_Limit               
000040ec  __TI_Handler_Table_Base        
000040f8  __TI_Handler_Table_Limit       
000030dd  __TI_auto_init_nobinit_nopinit 
0000270d  __TI_decompress_lzss           
00003a6d  __TI_decompress_none           
ffffffff  __TI_pprof_out_hndl            
ffffffff  __TI_prof_data_size            
ffffffff  __TI_prof_data_start           
00000000  __TI_static_base__             
00003aab  __TI_zero_init                 
00002cef  __aeabi_idiv0                  
00002cef  __aeabi_ldiv0                  
00002229  __aeabi_memclr                 
00002229  __aeabi_memclr4                
00002229  __aeabi_memclr8                
00001dbd  __aeabi_memcpy                 
00001dbd  __aeabi_memcpy4                
00001dbd  __aeabi_memcpy8                
0000222b  __aeabi_memset                 
0000222b  __aeabi_memset4                
0000222b  __aeabi_memset8                
00003229  __aeabi_uidiv                  
00003229  __aeabi_uidivmod               
ffffffff  __binit__                      
ffffffff  __c_args__                     
UNDEFED   __mpu_init                     
200109a8  __stack                        
00003459  _c_int00_noargs                
20014a08  _lock                          
00002393  _nop                           
UNDEFED   _system_post_cinit             
00003b65  _system_pre_init               
20014a0c  _unlock                        
00003b69  abort                          
00001d21  add_fingerprint                
ffffffff  binit                          
00001f85  column_handler                 
0000387d  fp_checksum_calc               
00002cf1  fp_cmdsend                     
00001ef1  fp_enroll                      
00002d45  fp_interrupt_enable            
00001789  fp_irqhandler                  
0000209d  fp_responsercv                 
00002b39  fp_start_enroll                
00002b91  fp_verify                      
20010984  g_led                          
20000000  g_pfnRAMVectors                
20010988  g_pfnTimerHandler              
00000000  g_pfnVectors                   
2001098c  g_qsem                         
20010990  g_temp                         
20010994  g_uartsem                      
20010998  g_ui32SysClock                 
2001099c  g_vulRunTimeStatsCountValue    
00000d51  keypad_button_detect           
00000e79  keypad_config                  
200149f5  keypad_digits                  
000029c9  led_init                       
00002907  led_timer0handler              
00001a8d  lwIPEthernetIntHandler         
000012d5  main                           
00001dbd  memcpy                         
00002231  memset                         
00002395  mutex_create                   
000034f9  nrf_gpio_init                  
00002d99  nrf_interrupt_enable           
00000ab5  nrf_irqhandler                 
000007cd  nrf_log                        
200109a0  nrf_log_mq                     
00002909  nrf_loggertask_init            
000031a9  nrf_read_reg                   
000031e9  nrf_write_reg                  
00002a81  pvPortMalloc                   
000038e1  pvTaskIncrementMutexHeldCount  
200149a8  pxCurrentTCB                   
000036f5  pxPortInitialiseStack          
00003121  queue_create                   
0000352d  rand                           
00002011  sem_create                     
00000609  spi_config                     
00003b55  spi_dummy_transfer             
0000371d  spi_transfer                   
000039a9  strcpy                         
00003269  temp_timer0handler             
00002841  temptask_init                  
00001919  uart_commhandler               
000021ad  uart_configure                 
000040b4  ulMaxSyscallInterruptPriority  
000016c5  ulPortGetIPSR                  
00003745  uxListRemove                   
00002e93  vApplicationStackOverflowHook  
0000380f  vListInitialise                
00003b5b  vListInitialiseItem            
00003561  vListInsert                    
000038f9  vListInsertEnd                 
00001779  vPortEnableVFP                 
0000382d  vPortEnterCritical             
00003911  vPortExitCritical              
00003097  vPortFree                      
0000173d  vPortSVCHandler                
00003929  vPortSetupTimerInterrupt       
0000175d  vPortStartFirstTask            
00003595  vQueueAddToRegistry            
000032a9  vQueueWaitForMessageRestricted 
00003ab9  vTaskMissedYield               
00002be9  vTaskPlaceOnEventList          
00002c41  vTaskPlaceOnEventListRestricted
00001e59  vTaskPriorityInherit           
00003941  vTaskSetTimeOutState           
00002561  vTaskStartScheduler            
00003a25  vTaskSuspendAll                
00001851  vTaskSwitchContext             
000016dd  xPortPendSVHandler             
000032e9  xPortStartScheduler            
00003675  xPortSysTickHandler            
00002f2d  xQueueCreateMutex              
00003165  xQueueGenericCreate            
00000fa1  xQueueGenericReceive           
0000247d  xQueueGenericReset             
000013d1  xQueueGenericSend              
00002add  xQueueGenericSendFromISR       
20010890  xQueueRegistry                 
00002969  xTaskCheckForTimeOut           
000014cd  xTaskGenericCreate             
000037d1  xTaskGetSchedulerState         
00003ac5  xTaskGetTickCount              
000010c9  xTaskIncrementTick             
00002129  xTaskPriorityDisinherit        
000022a5  xTaskRemoveFromEventList       
000015c9  xTaskResumeAll                 
00003329  xTimerCreateTimerTask          
00002ded  xTimerGenericCommand           


GLOBAL SYMBOLS: SORTED BY Symbol Address 

address   name                           
-------   ----                           
00000000  __TI_static_base__             
00000000  g_pfnVectors                   
00000201  UARTvprintf                    
00000409  SysCtlClockFreqSet             
00000609  spi_config                     
000007cd  nrf_log                        
00000945  UARTStdioIntHandler            
00000ab5  nrf_irqhandler                 
00000c1d  GPIOPadConfigSet               
00000d51  keypad_button_detect           
00000e79  keypad_config                  
00000fa1  xQueueGenericReceive           
000010c9  xTaskIncrementTick             
000012d5  main                           
000013d1  xQueueGenericSend              
000014cd  xTaskGenericCreate             
000015c9  xTaskResumeAll                 
000016c5  ulPortGetIPSR                  
000016dd  xPortPendSVHandler             
0000173d  vPortSVCHandler                
0000175d  vPortStartFirstTask            
00001779  vPortEnableVFP                 
00001789  fp_irqhandler                  
00001851  vTaskSwitchContext             
00001919  uart_commhandler               
000019d5  UARTStdioConfig                
00001a8d  lwIPEthernetIntHandler         
00001b39  UARTwrite                      
00001d21  add_fingerprint                
00001dbd  __aeabi_memcpy                 
00001dbd  __aeabi_memcpy4                
00001dbd  __aeabi_memcpy8                
00001dbd  memcpy                         
00001e59  vTaskPriorityInherit           
00001ef1  fp_enroll                      
00001f85  column_handler                 
00002011  sem_create                     
0000209d  fp_responsercv                 
00002129  xTaskPriorityDisinherit        
000021ad  uart_configure                 
00002229  __aeabi_memclr                 
00002229  __aeabi_memclr4                
00002229  __aeabi_memclr8                
0000222b  __aeabi_memset                 
0000222b  __aeabi_memset4                
0000222b  __aeabi_memset8                
00002231  memset                         
000022a5  xTaskRemoveFromEventList       
00002393  _nop                           
00002395  mutex_create                   
0000247d  xQueueGenericReset             
00002561  vTaskStartScheduler            
000025d1  ConfigureUART                  
0000263d  IntDisable                     
000026a5  IntEnable                      
0000270d  __TI_decompress_lzss           
00002841  temptask_init                  
00002907  led_timer0handler              
00002909  nrf_loggertask_init            
00002969  xTaskCheckForTimeOut           
000029c9  led_init                       
00002a81  pvPortMalloc                   
00002add  xQueueGenericSendFromISR       
00002b39  fp_start_enroll                
00002b91  fp_verify                      
00002be9  vTaskPlaceOnEventList          
00002c41  vTaskPlaceOnEventListRestricted
00002c99  GPIOIntTypeSet                 
00002cef  __aeabi_idiv0                  
00002cef  __aeabi_ldiv0                  
00002cf1  fp_cmdsend                     
00002d45  fp_interrupt_enable            
00002d99  nrf_interrupt_enable           
00002ded  xTimerGenericCommand           
00002e93  vApplicationStackOverflowHook  
00002f2d  xQueueCreateMutex              
00002f79  GPIOPinConfigure               
00003051  UARTConfigSetExpClk            
00003097  vPortFree                      
000030dd  __TI_auto_init_nobinit_nopinit 
00003121  queue_create                   
00003165  xQueueGenericCreate            
000031a9  nrf_read_reg                   
000031e9  nrf_write_reg                  
00003229  __aeabi_uidiv                  
00003229  __aeabi_uidivmod               
00003269  temp_timer0handler             
000032a9  vQueueWaitForMessageRestricted 
000032e9  xPortStartScheduler            
00003329  xTimerCreateTimerTask          
000033a7  SSIConfigSetExpClk             
000033e5  UARTFlushTx                    
00003421  SysCtlPeripheralReady          
00003459  _c_int00_noargs                
00003491  IntRegister                    
000034c5  SysCtlPeripheralEnable         
000034f9  nrf_gpio_init                  
0000352d  rand                           
00003561  vListInsert                    
00003595  vQueueAddToRegistry            
000035c5  EMACIntStatus                  
000035f1  UARTFlushRx                    
00003675  xPortSysTickHandler            
000036a1  GPIODirModeSet                 
000036f5  pxPortInitialiseStack          
0000371d  spi_transfer                   
00003745  uxListRemove                   
00003791  UARTDisable                    
000037d1  xTaskGetSchedulerState         
0000380f  vListInitialise                
0000382d  vPortEnterCritical             
00003863  UARTprintf                     
0000387d  fp_checksum_calc               
000038b1  GPIOIntRegister                
000038c9  GPIOPinTypeGPIOOutput          
000038e1  pvTaskIncrementMutexHeldCount  
000038f9  vListInsertEnd                 
00003911  vPortExitCritical              
00003929  vPortSetupTimerInterrupt       
00003941  vTaskSetTimeOutState           
00003959  GPIOIntUnregister              
0000396d  IntUnregister                  
00003981  UARTEnable                     
000039a9  strcpy                         
000039bd  GPIOPinTypeGPIOInput           
000039cf  GPIOPinTypeSSI                 
000039f3  IntMasterDisable               
00003a03  IntMasterEnable                
00003a25  vTaskSuspendAll                
00003a35  GPIOIntStatus                  
00003a51  UARTCharGetNonBlocking         
00003a5f  UARTCharsAvail                 
00003a6d  __TI_decompress_none           
00003a7b  CPUcpsid                       
00003a87  CPUcpsie                       
00003a93  GPIOIntEnable                  
00003a9f  SSIDataGet                     
00003aab  __TI_zero_init                 
00003ab9  vTaskMissedYield               
00003ac5  xTaskGetTickCount              
00003ad1  SSIDataPut                     
00003adb  SSIEnable                      
00003ae5  UARTCharGet                    
00003aef  UARTCharPut                    
00003af9  UARTIntStatus                  
00003b03  EMACPowerManagementStatusGet   
00003b0b  SSIBusy                        
00003b13  UARTBusy                       
00003b2b  EMACTimestampIntStatus         
00003b31  GPIOIntClear                   
00003b37  GPIOPinRead                    
00003b3d  GPIOPinWrite                   
00003b43  ResetISR                       
00003b49  SysCtlDelay                    
00003b4f  UARTClockSourceSet             
00003b55  spi_dummy_transfer             
00003b5b  vListInitialiseItem            
00003b61  UARTIntClear                   
00003b65  _system_pre_init               
00003b69  C$$EXIT                        
00003b69  abort                          
00004000  __STACK_SIZE                   
000040b4  ulMaxSyscallInterruptPriority  
000040ec  __TI_Handler_Table_Base        
000040f8  __TI_Handler_Table_Limit       
00004108  __TI_CINIT_Base                
00004120  __TI_CINIT_Limit               
20000000  g_pfnRAMVectors                
20010890  xQueueRegistry                 
20010984  g_led                          
20010988  g_pfnTimerHandler              
2001098c  g_qsem                         
20010990  g_temp                         
20010994  g_uartsem                      
20010998  g_ui32SysClock                 
2001099c  g_vulRunTimeStatsCountValue    
200109a0  nrf_log_mq                     
200109a8  __stack                        
200149a8  __STACK_END                    
200149a8  __STACK_TOP                    
200149a8  pxCurrentTCB                   
200149f5  keypad_digits                  
20014a08  _lock                          
20014a0c  _unlock                        
ffffffff  __TI_pprof_out_hndl            
ffffffff  __TI_prof_data_size            
ffffffff  __TI_prof_data_start           
ffffffff  __binit__                      
ffffffff  __c_args__                     
ffffffff  binit                          
UNDEFED   __mpu_init                     
UNDEFED   _system_post_cinit             

[192 symbols]
