******************************************************************************
                  TI ARM Linker PC v18.1.4                     
******************************************************************************
>> Linked Mon Apr 29 17:03:00 2019

OUTPUT FILE NAME:   <remote_node.out>
ENTRY POINT SYMBOL: "_c_int00_noargs"  address: 00004671


MEMORY CONFIGURATION

         name            origin    length      used     unused   attr    fill
----------------------  --------  ---------  --------  --------  ----  --------
  FLASH                 00000000   00100000  00005506  000faafa  R  X
  SRAM                  20000000   00040000  00014c20  0002b3e0  RW X


SEGMENT ALLOCATION MAP

run origin  load origin   length   init length attrs members
----------  ----------- ---------- ----------- ----- -------
00000000    00000000    00005508   00005508    r-x
  00000000    00000000    00000200   00000200    r-- .intvecs
  00000200    00000200    00004cea   00004cea    r-x .text
  00004eec    00004eec    000005c4   000005c4    r-- .const
  000054b0    000054b0    00000058   00000058    r-- .cinit
20000000    20000000    00014c24   00000000    rw-
  20000000    20000000    0000026c   00000000    rw- .vtable
  2000026c    2000026c    00010940   00000000    rw- .bss
  20010bb0    20010bb0    00004000   00000000    rw- .stack
  20014bb0    20014bb0    00000074   00000000    rw- .data


SECTION ALLOCATION MAP

 output                                  attributes/
section   page    origin      length       input sections
--------  ----  ----------  ----------   ----------------
.intvecs   0    00000000    00000200     
                  00000000    00000200     startup_ccs.obj (.intvecs)

.text      0    00000200    00004cea     
                  00000200    000003a8     uart_comm_bbg.obj (.text:uart_packet_handler)
                  000005a8    0000030c     uartstdio.obj (.text:UARTvprintf)
                  000008b4    00000200     driverlib.lib : sysctl.obj (.text:SysCtlClockFreqSet)
                  00000ab4    000001ec     fingerprint.obj (.text:fp_access_handle)
                  00000ca0    000001dc     keypad.obj (.text:keypad_button_detect)
                  00000e7c    0000018c     keypad.obj (.text:column_handler)
                  00001008    00000188     uartstdio.obj (.text:UARTStdioIntHandler)
                  00001190    0000016c     queue.obj (.text:xQueueGenericReceive)
                  000012fc    00000138     tasks.obj (.text:xTaskGenericCreate)
                  00001434    00000134     tasks.obj (.text:xTaskIncrementTick)
                  00001568    00000132     driverlib.lib : gpio.obj (.text:GPIOPadConfigSet)
                  0000169a    00000002     startup_ccs.obj (.text:FaultISR)
                  0000169c    00000128     queue.obj (.text:xQueueGenericSend)
                  000017c4    00000100     keypad.obj (.text:keypad_config)
                  000018c4    000000fc     tasks.obj (.text:xTaskResumeAll)
                  000019c0    000000f4     fingerprint.obj (.text:add_fingerprint)
                  00001ab4    000000f4     tasks.obj (.text:vTaskSwitchContext)
                  00001ba8    000000f0     timer.obj (.text:timer1handler)
                  00001c98    000000e8     timers.obj (.text:prvProcessReceivedCommands)
                  00001d80    000000e0     timer.obj (.text:timer_config)
                  00001e60    000000dc     timer.obj (.text:timer0handler)
                  00001f3c    000000d8     uartstdio.obj (.text:UARTStdioConfig)
                  00002014    000000d2     portasm.obj (.text)
                  000020e6    00000002     startup_ccs.obj (.text:IntDefaultHandler)
                  000020e8    000000cc     fingerprint.obj (.text:fp_enroll)
                  000021b4    000000cc     packet.obj (.text:packet_rcv_uart)
                  00002280    000000c8     tasks.obj (.text:vTaskPriorityInherit)
                  00002348    000000bc     uartstdio.obj (.text:UARTwrite)
                  00002404    000000bc     queue.obj (.text:prvCopyDataToQueue)
                  000024c0    000000b8     lwiplib.obj (.text:lwIPEthernetIntHandler)
                  00002578    000000b8     packet.obj (.text:packet_send_uart)
                  00002630    000000b8     uart_comm_bbg.obj (.text:uart_commhandler)
                  000026e8    000000ac     uart_comm_bbg.obj (.text:configureUART_bbg)
                  00002794    000000a8     fingerprint.obj (.text:fp_start_enroll)
                  0000283c    000000a8     lcd.obj (.text:lcd_init)
                  000028e4    000000a8     tasks.obj (.text:xTaskPriorityDisinherit)
                  0000298c    000000a4     timers.obj (.text:prvSwitchTimerLists)
                  00002a30    000000a0     tasks.obj (.text:prvInitialiseTCBVariables)
                  00002ad0    000000a0     queue.obj (.text:xQueueGenericReset)
                  00002b70    0000009c     rtsv7M4_T_le_v4SPD16_eabi.lib : memcpy_t2.asm.obj (.text)
                  00002c0c    00000098     application.obj (.text:system_init)
                  00002ca4    00000094     uartstdio.obj (.text:UARTPrimeTransmit)
                  00002d38    00000094     sync_objects.obj (.text:sem_create)
                  00002dcc    00000090     fingerprint.obj (.text:fp_cmdsend)
                  00002e5c    00000090     myuart.obj (.text:uart_configure)
                  00002eec    00000090     tasks.obj (.text:xTaskRemoveFromEventList)
                  00002f7c    0000008e     fingerprint.obj (.text:fp_responsercv)
                  0000300a    00000002     startup_ccs.obj (.text:NmiSR)
                  0000300c    0000008c     main.obj (.text:main)
                  00003098    0000008c     queue.obj (.text:xQueueGenericSendFromISR)
                  00003124    00000088     tasks.obj (.text:vTaskStartScheduler)
                  000031ac    00000084     timers.obj (.text:prvProcessTimerOrBlockTask)
                  00003230    00000084     tasks.obj (.text:xTaskCheckForTimeOut)
                  000032b4    00000082     queue.obj (.text:prvUnlockQueue)
                  00003336    00000002     rtsv7M4_T_le_v4SPD16_eabi.lib : div0.asm.obj (.text)
                  00003338    00000080     lcd.obj (.text:lcd_write_cmd)
                  000033b8    00000080     lcd.obj (.text:lcd_write_data)
                  00003438    0000007c     checksum.obj (.text:checksum_init)
                  000034b4    0000007c     sync_objects.obj (.text:mutex_create)
                  00003530    0000007c     heap_1.obj (.text:pvPortMalloc)
                  000035ac    0000007a     rtsv7M4_T_le_v4SPD16_eabi.lib : memset_t2.asm.obj (.text)
                  00003626    00000078     packet.obj (.text:packet_make)
                  0000369e    00000002     --HOLE-- [fill = 0]
                  000036a0    00000078     timers.obj (.text:prvInsertTimerInActiveList)
                  00003718    00000076     queue.obj (.text:xQueueCreateMutex)
                  0000378e    00000002     --HOLE-- [fill = 0]
                  00003790    00000074     main.obj (.text:ConfigureUART)
                  00003804    00000074     tasks.obj (.text:prvInitialiseTaskLists)
                  00003878    00000070     tasks.obj (.text:vTaskPlaceOnEventListRestricted)
                  000038e8    00000070     queue.obj (.text:xQueueGenericCreate)
                  00003958    00000070     timers.obj (.text:xTimerGenericCommand)
                  000039c8    00000068     driverlib.lib : interrupt.obj (.text:IntEnable)
                  00003a30    00000068     rtsv7M4_T_le_v4SPD16_eabi.lib : copy_decompress_lzss.c.obj (.text:decompress:lzss:__TI_decompress_lzss)
                  00003a98    00000068     timers.obj (.text:prvCheckForValidListAndQueue)
                  00003b00    00000068     tasks.obj (.text:prvCheckTasksWaitingTermination)
                  00003b68    00000068     tasks.obj (.text:vTaskPlaceOnEventList)
                  00003bd0    00000066     list.obj (.text:vListInsert)
                  00003c36    00000002     --HOLE-- [fill = 0]
                  00003c38    00000060     timers.obj (.text:prvProcessExpiredTimer)
                  00003c98    0000005e     tasks.obj (.text:prvAllocateTCBAndStack)
                  00003cf6    00000002     --HOLE-- [fill = 0]
                  00003cf8    0000005c     checksum.obj (.text:checksum_calc)
                  00003d54    0000005c     tasks.obj (.text:prvAddCurrentTaskToDelayedList)
                  00003db0    0000005c     port.obj (.text:pxPortInitialiseStack)
                  00003e0c    00000058     fingerprint.obj (.text:fp_irqhandler)
                  00003e64    00000056     driverlib.lib : gpio.obj (.text:GPIOIntTypeSet)
                  00003eba    00000002     --HOLE-- [fill = 0]
                  00003ebc    00000054     buzzer.obj (.text:buzzer_config)
                  00003f10    00000054     led.obj (.text:led_init)
                  00003f64    00000054     queue.obj (.text:vQueueWaitForMessageRestricted)
                  00003fb8    00000050     lcd.obj (.text:LCD_write)
                  00004008    0000004c     uartstdio.obj (.text:UARTFlushTx)
                  00004054    0000004c     main.obj (.text:ack_send_uart)
                  000040a0    0000004c     fingerprint.obj (.text:fp_interrupt_config)
                  000040ec    0000004c     queue.obj (.text:vQueueAddToRegistry)
                  00004138    0000004c     timers.obj (.text:xTimerCreateTimerTask)
                  00004184    0000004a     packet.obj (.text:packet_msglog_uart)
                  000041ce    00000002     --HOLE-- [fill = 0]
                  000041d0    00000048     driverlib.lib : gpio.obj (.text:GPIOPinConfigure)
                  00004218    00000048                   : sysctl.obj (.text:_SysCtlFrequencyGet)
                  00004260    00000048     msg_queue.obj (.text:queue_create)
                  000042a8    00000048     list.obj (.text:uxListRemove)
                  000042f0    00000046     driverlib.lib : uart.obj (.text:UARTConfigSetExpClk)
                  00004336    00000046     fingerprint.obj (.text:fp_checksum_calc)
                  0000437c    00000044     driverlib.lib : gpio.obj (.text:_GPIOIntNumberGet)
                  000043c0    00000044     rtsv7M4_T_le_v4SPD16_eabi.lib : autoinit.c.obj (.text:__TI_auto_init_nobinit_nopinit:__TI_auto_init_nobinit_nopinit)
                  00004404    00000044     port.obj (.text:xPortStartScheduler)
                  00004448    00000040     driverlib.lib : uart.obj (.text:_UARTIntNumberGet)
                  00004488    00000040     buzzer.obj (.text:buzzer_dutycycle)
                  000044c8    00000040     main.obj (.text:fp_get_enrollcount)
                  00004508    00000040     rtsv7M4_T_le_v4SPD16_eabi.lib : u_divt2.asm.obj (.text)
                  00004548    0000003c     uartstdio.obj (.text:IsBufferFull)
                  00004584    0000003c     queue.obj (.text:prvCopyDataFromQueue)
                  000045c0    0000003c     tasks.obj (.text:prvResetNextTaskUnblockTime)
                  000045fc    0000003c     list.obj (.text:vListInsertEnd)
                  00004638    00000038     driverlib.lib : sysctl.obj (.text:SysCtlPeripheralReady)
                  00004670    00000038     rtsv7M4_T_le_v4SPD16_eabi.lib : boot_cortex_m.c.obj (.text:_c_int00_noargs:_c_int00_noargs)
                  000046a8    00000038     timers.obj (.text:prvGetNextExpireTime)
                  000046e0    00000034     driverlib.lib : interrupt.obj (.text:IntRegister)
                  00004714    00000034                   : sysctl.obj (.text:SysCtlPeripheralEnable)
                  00004748    00000034     uartstdio.obj (.text:UARTFlushRx)
                  0000477c    00000034     timers.obj (.text:prvSampleTimeNow)
                  000047b0    00000030     timer.obj (.text:reset_timer)
                  000047e0    00000030     list.obj (.text:vListInitialise)
                  00004810    00000030     tasks.obj (.text:xTaskGetSchedulerState)
                  00004840    0000002c     driverlib.lib : emac.obj (.text:EMACIntStatus)
                  0000486c    0000002c     uartstdio.obj (.text:IsBufferEmpty)
                  00004898    0000002c     port.obj (.text:xPortSysTickHandler)
                  000048c4    0000002a     driverlib.lib : gpio.obj (.text:GPIODirModeSet)
                  000048ee    00000002     --HOLE-- [fill = 0]
                  000048f0    00000028     keypad.obj (.text:keypad_interrupt_enable)
                  00004918    00000026     queue.obj (.text:prvIsQueueFull)
                  0000493e    00000026     myuart.obj (.text:uart_comm_flushRX)
                  00004964    00000024     uartstdio.obj (.text:UARTprintf)
                  00004988    00000024     buzzer.obj (.text:buzzer_onoff)
                  000049ac    00000024     timer.obj (.text:enable_timer_int)
                  000049d0    00000024     port.obj (.text:vPortEnterCritical)
                  000049f4    00000024     tasks.obj (.text:vTaskSetTimeOutState)
                  00004a18    00000022     driverlib.lib : pwm.obj (.text:PWMGenConfigure)
                  00004a3a    00000002     --HOLE-- [fill = 0]
                  00004a3c    00000020                   : uart.obj (.text:UARTDisable)
                  00004a5c    00000020                   : sysctl.obj (.text:_SysCtlMemTimingGet)
                  00004a7c    00000020     main.obj (.text:delay_ms)
                  00004a9c    00000020     main.obj (.text:fp_led_status)
                  00004abc    00000020     queue.obj (.text:prvIsQueueEmpty)
                  00004adc    0000001e     driverlib.lib : pwm.obj (.text:PWMPulseWidthSet)
                  00004afa    0000001c     main.obj (.text:fp_capture)
                  00004b16    00000002     --HOLE-- [fill = 0]
                  00004b18    0000001c     tasks.obj (.text:pvTaskIncrementMutexHeldCount)
                  00004b34    0000001c     port.obj (.text:vPortExitCritical)
                  00004b50    0000001c     port.obj (.text:vPortSetupTimerInterrupt)
                  00004b6c    0000001a     timers.obj (.text:prvTimerTask)
                  00004b86    0000001a     myuart.obj (.text:uart_send)
                  00004ba0    00000018     driverlib.lib : gpio.obj (.text:GPIOIntRegister)
                  00004bb8    00000018                   : gpio.obj (.text:GPIOPinTypeGPIOOutput)
                  00004bd0    00000018                   : uart.obj (.text:UARTIntRegister)
                  00004be8    00000018     timer.obj (.text:disable_timer)
                  00004c00    00000018     fingerprint.obj (.text:fp_init)
                  00004c18    00000016     main.obj (.text:fp_deleteall)
                  00004c2e    00000016     fingerprint.obj (.text:fp_identify)
                  00004c44    00000016     main.obj (.text:fp_isfingerpress)
                  00004c5a    00000016     main.obj (.text:fp_open)
                  00004c70    00000014     driverlib.lib : sysctl.obj (.text:SysCtlPWMClockSet)
                  00004c84    00000014                   : uart.obj (.text:UARTEnable)
                  00004c98    00000014     tasks.obj (.text:prvDeleteTCB)
                  00004cac    00000014     rtsv7M4_T_le_v4SPD16_eabi.lib : strlen.c.obj (.text:strlen)
                  00004cc0    00000014     tasks.obj (.text:xTaskGetTickCount)
                  00004cd4    00000012     driverlib.lib : gpio.obj (.text:GPIOPinTypeGPIOInput)
                  00004ce6    00000012                   : gpio.obj (.text:GPIOPinTypePWM)
                  00004cf8    00000012                   : pwm.obj (.text:PWMGenPeriodGet)
                  00004d0a    00000012                   : pwm.obj (.text:PWMOutputState)
                  00004d1c    00000010                   : interrupt.obj (.text:IntMasterDisable)
                  00004d2c    00000010                   : interrupt.obj (.text:IntMasterEnable)
                  00004d3c    00000010                   : pwm.obj (.text:PWMGenPeriodSet)
                  00004d4c    00000010     main.obj (.text:fp_interrupt_disable)
                  00004d5c    00000010     main.obj (.text:fp_interrupt_enable)
                  00004d6c    00000010     port.obj (.text:prvTaskExitError)
                  00004d7c    00000010     main.obj (.text:uart_busy)
                  00004d8c    00000010     list.obj (.text:vListInitialiseItem)
                  00004d9c    00000010     tasks.obj (.text:vTaskSuspendAll)
                  00004dac    0000000e     driverlib.lib : gpio.obj (.text:GPIOIntDisable)
                  00004dba    0000000e                   : gpio.obj (.text:GPIOIntStatus)
                  00004dc8    0000000e                   : uart.obj (.text:UARTCharGetNonBlocking)
                  00004dd6    0000000e                   : uart.obj (.text:UARTCharsAvail)
                  00004de4    0000000e     rtsv7M4_T_le_v4SPD16_eabi.lib : copy_decompress_none.c.obj (.text:decompress:none:__TI_decompress_none)
                  00004df2    0000000c     driverlib.lib : cpu.obj (.text:CPUcpsid)
                  00004dfe    0000000c                   : cpu.obj (.text:CPUcpsie)
                  00004e0a    0000000c                   : gpio.obj (.text:GPIOIntEnable)
                  00004e16    0000000c                   : pwm.obj (.text:PWMGenDisable)
                  00004e22    0000000c                   : pwm.obj (.text:PWMGenEnable)
                  00004e2e    0000000c                   : uart.obj (.text:UARTTxIntModeSet)
                  00004e3a    0000000c     rtsv7M4_T_le_v4SPD16_eabi.lib : copy_zero_init.c.obj (.text:decompress:ZI:__TI_zero_init)
                  00004e46    0000000c     myuart.obj (.text:uart_comm_flushTX)
                  00004e52    00000002     --HOLE-- [fill = 0]
                  00004e54    0000000c     tasks.obj (.text:vTaskMissedYield)
                  00004e60    0000000a     driverlib.lib : uart.obj (.text:UARTCharGet)
                  00004e6a    0000000a                   : uart.obj (.text:UARTCharPut)
                  00004e74    0000000a                   : uart.obj (.text:UARTIntStatus)
                  00004e7e    0000000a     tasks.obj (.text:prvIdleTask)
                  00004e88    0000000a     main.obj (.text:vApplicationStackOverflowHook)
                  00004e92    0000000a     heap_1.obj (.text:vPortFree)
                  00004e9c    00000008     driverlib.lib : emac.obj (.text:EMACPowerManagementStatusGet)
                  00004ea4    00000008                   : uart.obj (.text:UARTBusy)
                  00004eac    00000008                   : uart.obj (.text:UARTIntEnable)
                  00004eb4    00000006                   : emac.obj (.text:EMACTimestampIntStatus)
                  00004eba    00000006                   : gpio.obj (.text:GPIOIntClear)
                  00004ec0    00000006                   : gpio.obj (.text:GPIOPinRead)
                  00004ec6    00000006                   : gpio.obj (.text:GPIOPinWrite)
                  00004ecc    00000006     startup_ccs.obj (.text:ResetISR)
                  00004ed2    00000006     driverlib.lib : sysctl.obj (.text:SysCtlDelay)
                  00004ed8    00000006                   : uart.obj (.text:UARTClockSourceSet)
                  00004ede    00000004                   : uart.obj (.text:UARTIntClear)
                  00004ee2    00000004     rtsv7M4_T_le_v4SPD16_eabi.lib : pre_init.c.obj (.text:_system_pre_init)
                  00004ee6    00000004                                   : exit.c.obj (.text:abort:abort)

.const     0    00004eec    000005c4     
                  00004eec    000001b0     driverlib.lib : sysctl.obj (.const:g_pppui32XTALtoVCO)
                  0000509c    000000d8                   : gpio.obj (.const:g_ppui32GPIOIntMapSnowflake)
                  00005174    000000c0                   : gpio.obj (.const:g_ppui32GPIOIntMapBlizzard)
                  00005234    00000090                   : gpio.obj (.const:g_pui32GPIOBaseAddrs)
                  000052c4    00000070                   : interrupt.obj (.const)
                  00005334    0000006c                   : sysctl.obj (.const:g_pui32Xtals)
                  000053a0    00000040                   : uart.obj (.const:g_ppui32UARTIntMap)
                  000053e0    00000040                   : uart.obj (.const:g_ppui32UARTIntMapSnowflake)
                  00005420    00000030                   : sysctl.obj (.const:g_sXTALtoMEMTIM)
                  00005450    00000012     uartstdio.obj (.const:.string)
                  00005462    0000000c     fingerprint.obj (.const:.string:$P$T0$1)
                  0000546e    0000000c     fingerprint.obj (.const:.string:$P$T1$2)
                  0000547a    00000002     --HOLE-- [fill = 0]
                  0000547c    0000000c     uartstdio.obj (.const:g_ui32UARTBase)
                  00005488    0000000c     uartstdio.obj (.const:g_ui32UARTInt)
                  00005494    0000000c     uartstdio.obj (.const:g_ui32UARTPeriph)
                  000054a0    00000008     driverlib.lib : sysctl.obj (.const)
                  000054a8    00000004     port.obj (.const)
                  000054ac    00000004     uartstdio.obj (.const)

.cinit     0    000054b0    00000058     
                  000054b0    00000020     (.cinit..data.load) [load image, compression = lzss]
                  000054d0    0000000c     (__TI_handler_table)
                  000054dc    00000004     --HOLE-- [fill = 0]
                  000054e0    00000008     (.cinit..bss.load) [load image, compression = zero_init]
                  000054e8    00000008     (.cinit..vtable.load) [load image, compression = zero_init]
                  000054f0    00000018     (__TI_cinit_table)

.init_array 
*          0    00000000    00000000     UNINITIALIZED

.vtable    0    20000000    0000026c     UNINITIALIZED
                  20000000    0000026c     driverlib.lib : interrupt.obj (.vtable)

.bss       0    2000026c    00010940     UNINITIALIZED
                  2000026c    00010000     heap_1.obj (.bss:ucHeap)
                  2001026c    00000400     uartstdio.obj (.bss:g_pcUARTTxBuffer)
                  2001066c    00000200     (.common:crcTable)
                  2001086c    00000140     tasks.obj (.bss:pxReadyTasksLists)
                  200109ac    00000080     uartstdio.obj (.bss:g_pcUARTRxBuffer)
                  20010a2c    00000064     lwiplib.obj (.bss)
                  20010a90    00000050     (.common:xQueueRegistry)
                  20010ae0    00000014     timers.obj (.bss:xActiveTimerList1)
                  20010af4    00000014     timers.obj (.bss:xActiveTimerList2)
                  20010b08    00000014     tasks.obj (.bss:xDelayedTaskList1)
                  20010b1c    00000014     tasks.obj (.bss:xDelayedTaskList2)
                  20010b30    00000014     tasks.obj (.bss:xPendingReadyList)
                  20010b44    00000014     tasks.obj (.bss:xSuspendedTaskList)
                  20010b58    00000014     tasks.obj (.bss:xTasksWaitingTermination)
                  20010b6c    00000008     tasks.obj (.bss)
                  20010b74    00000008     timers.obj (.bss)
                  20010b7c    00000008     uartstdio.obj (.bss)
                  20010b84    00000004     (.common:g_led)
                  20010b88    00000004     (.common:g_pfnTimerHandler)
                  20010b8c    00000004     (.common:g_qsem)
                  20010b90    00000004     (.common:g_temp)
                  20010b94    00000004     (.common:g_uartsem)
                  20010b98    00000004     (.common:g_ui32SysClock)
                  20010b9c    00000004     (.common:g_vulRunTimeStatsCountValue)
                  20010ba0    00000004     (.common:nrf_log_mq)
                  20010ba4    00000004     (.common:otp_arr)
                  20010ba8    00000001     timer.obj (.bss)
                  20010ba9    00000001     uart_comm_bbg.obj (.bss)
                  20010baa    00000001     (.common:otp_count)
                  20010bab    00000001     (.common:otp_flag)

.data      0    20014bb0    00000074     UNINITIALIZED
                  20014bb0    00000038     tasks.obj (.data)
                  20014be8    00000015     uartstdio.obj (.data)
                  20014bfd    00000010     keypad.obj (.data:keypad_digits)
                  20014c0d    00000003     --HOLE--
                  20014c10    00000008     heap_1.obj (.data)
                  20014c18    00000008     timers.obj (.data)
                  20014c20    00000004     port.obj (.data)

.stack     0    20010bb0    00004000     UNINITIALIZED
                  20010bb0    00000004     rtsv7M4_T_le_v4SPD16_eabi.lib : boot_cortex_m.c.obj (.stack)
                  20010bb4    00003ffc     --HOLE--

MODULE SUMMARY

       Module                       code    ro data   rw data
       ------                       ----    -------   -------
    .\
       main.obj                     612     0         546    
       startup_ccs.obj              12      512       0      
    +--+----------------------------+-------+---------+---------+
       Total:                       624     512       546    
                                                             
    .\src\
       fingerprint.obj              1674    24        0      
       uart_comm_bbg.obj            1292    0         1      
       keypad.obj                   1168    0         16     
       timer.obj                    792     0         1      
       packet.obj                   582     0         0      
       lcd.obj                      504     0         0      
       sync_objects.obj             272     0         0      
       myuart.obj                   220     0         0      
       checksum.obj                 216     0         0      
       buzzer.obj                   184     0         0      
       application.obj              152     0         0      
       led.obj                      84      0         0      
       msg_queue.obj                72      0         0      
    +--+----------------------------+-------+---------+---------+
       Total:                       7212    24        18     
                                                             
    .\third_party\FreeRTOS\Source\
       tasks.obj                    2928    0         484    
       queue.obj                    1798    0         80     
       timers.obj                   1170    0         56     
       list.obj                     298     0         0      
    +--+----------------------------+-------+---------+---------+
       Total:                       6194    0         620    
                                                             
    .\third_party\FreeRTOS\Source\portable\CCS\ARM_CM4F\
       port.obj                     312     4         4      
       portasm.obj                  210     0         0      
    +--+----------------------------+-------+---------+---------+
       Total:                       522     4         4      
                                                             
    .\third_party\FreeRTOS\Source\portable\MemMang\
       heap_1.obj                   134     0         65544  
    +--+----------------------------+-------+---------+---------+
       Total:                       134     0         65544  
                                                             
    .\utils\
       uartstdio.obj                1992    58        1181   
       lwiplib.obj                  184     0         104    
    +--+----------------------------+-------+---------+---------+
       Total:                       2176    58        1285   
                                                             
    C:/ti/TivaWare_C_Series-2.1.4.178/driverlib/ccs/Debug/driverlib.lib
       sysctl.obj                   750     596       0      
       gpio.obj                     716     552       0      
       interrupt.obj                188     112       620    
       uart.obj                     306     128       0      
       pwm.obj                      140     0         0      
       emac.obj                     58      0         0      
       cpu.obj                      24      0         0      
    +--+----------------------------+-------+---------+---------+
       Total:                       2182    1388      620    
                                                             
    C:\ti\ccsv8\tools\compiler\ti-cgt-arm_18.1.4.LTS\lib\rtsv7M4_T_le_v4SPD16_eabi.lib
       memcpy_t2.asm.obj            156     0         0      
       memset_t2.asm.obj            122     0         0      
       copy_decompress_lzss.c.obj   104     0         0      
       autoinit.c.obj               68      0         0      
       u_divt2.asm.obj              64      0         0      
       boot_cortex_m.c.obj          56      0         0      
       strlen.c.obj                 20      0         0      
       copy_decompress_none.c.obj   14      0         0      
       copy_zero_init.c.obj         12      0         0      
       exit.c.obj                   4       0         0      
       pre_init.c.obj               4       0         0      
       div0.asm.obj                 2       0         0      
    +--+----------------------------+-------+---------+---------+
       Total:                       626     0         0      
                                                             
       Stack:                       0       0         16384  
       Linker Generated:            0       84        0      
    +--+----------------------------+-------+---------+---------+
       Grand Total:                 19670   2070      85021  


LINKER GENERATED COPY TABLES

__TI_cinit_table @ 000054f0 records: 3, size/record: 8, table size: 24
	.data: load addr=000054b0, load size=00000020 bytes, run addr=20014bb0, run size=00000074 bytes, compression=lzss
	.bss: load addr=000054e0, load size=00000008 bytes, run addr=2000026c, run size=00010940 bytes, compression=zero_init
	.vtable: load addr=000054e8, load size=00000008 bytes, run addr=20000000, run size=0000026c bytes, compression=zero_init


LINKER GENERATED HANDLER TABLE

__TI_handler_table @ 000054d0 records: 3, size/record: 4, table size: 12
	index: 0, handler: __TI_zero_init
	index: 1, handler: __TI_decompress_lzss
	index: 2, handler: __TI_decompress_none


GLOBAL SYMBOLS: SORTED ALPHABETICALLY BY Name 

address   name                           
-------   ----                           
00004ee7  C$$EXIT                        
00004df3  CPUcpsid                       
00004dff  CPUcpsie                       
00003791  ConfigureUART                  
00004841  EMACIntStatus                  
00004e9d  EMACPowerManagementStatusGet   
00004eb5  EMACTimestampIntStatus         
000048c5  GPIODirModeSet                 
00004ebb  GPIOIntClear                   
00004dad  GPIOIntDisable                 
00004e0b  GPIOIntEnable                  
00004ba1  GPIOIntRegister                
00004dbb  GPIOIntStatus                  
00003e65  GPIOIntTypeSet                 
00001569  GPIOPadConfigSet               
000041d1  GPIOPinConfigure               
00004ec1  GPIOPinRead                    
00004cd5  GPIOPinTypeGPIOInput           
00004bb9  GPIOPinTypeGPIOOutput          
00004ce7  GPIOPinTypePWM                 
00004ec7  GPIOPinWrite                   
000039c9  IntEnable                      
00004d1d  IntMasterDisable               
00004d2d  IntMasterEnable                
000046e1  IntRegister                    
00003fb9  LCD_write                      
00004a19  PWMGenConfigure                
00004e17  PWMGenDisable                  
00004e23  PWMGenEnable                   
00004cf9  PWMGenPeriodGet                
00004d3d  PWMGenPeriodSet                
00004d0b  PWMOutputState                 
00004add  PWMPulseWidthSet               
00004ecd  ResetISR                       
000008b5  SysCtlClockFreqSet             
00004ed3  SysCtlDelay                    
00004c71  SysCtlPWMClockSet              
00004715  SysCtlPeripheralEnable         
00004639  SysCtlPeripheralReady          
00004ea5  UARTBusy                       
00004e61  UARTCharGet                    
00004dc9  UARTCharGetNonBlocking         
00004e6b  UARTCharPut                    
00004dd7  UARTCharsAvail                 
00004ed9  UARTClockSourceSet             
000042f1  UARTConfigSetExpClk            
00004a3d  UARTDisable                    
00004c85  UARTEnable                     
00004749  UARTFlushRx                    
00004009  UARTFlushTx                    
00004edf  UARTIntClear                   
00004ead  UARTIntEnable                  
00004bd1  UARTIntRegister                
00004e75  UARTIntStatus                  
00001f3d  UARTStdioConfig                
00001009  UARTStdioIntHandler            
00004e2f  UARTTxIntModeSet               
00004965  UARTprintf                     
000005a9  UARTvprintf                    
00002349  UARTwrite                      
20014bb0  __STACK_END                    
00004000  __STACK_SIZE                   
20014bb0  __STACK_TOP                    
000054f0  __TI_CINIT_Base                
00005508  __TI_CINIT_Limit               
000054d0  __TI_Handler_Table_Base        
000054dc  __TI_Handler_Table_Limit       
000043c1  __TI_auto_init_nobinit_nopinit 
00003a31  __TI_decompress_lzss           
00004de5  __TI_decompress_none           
ffffffff  __TI_pprof_out_hndl            
ffffffff  __TI_prof_data_size            
ffffffff  __TI_prof_data_start           
00000000  __TI_static_base__             
00004e3b  __TI_zero_init                 
00003337  __aeabi_idiv0                  
00003337  __aeabi_ldiv0                  
000035ad  __aeabi_memclr                 
000035ad  __aeabi_memclr4                
000035ad  __aeabi_memclr8                
00002b71  __aeabi_memcpy                 
00002b71  __aeabi_memcpy4                
00002b71  __aeabi_memcpy8                
000035af  __aeabi_memset                 
000035af  __aeabi_memset4                
000035af  __aeabi_memset8                
00004509  __aeabi_uidiv                  
00004509  __aeabi_uidivmod               
ffffffff  __binit__                      
ffffffff  __c_args__                     
UNDEFED   __mpu_init                     
20010bb0  __stack                        
00004671  _c_int00_noargs                
UNDEFED   _system_post_cinit             
00004ee3  _system_pre_init               
00004ee7  abort                          
00004055  ack_send_uart                  
000019c1  add_fingerprint                
ffffffff  binit                          
00003ebd  buzzer_config                  
00004489  buzzer_dutycycle               
00004989  buzzer_onoff                   
00003cf9  checksum_calc                  
00003439  checksum_init                  
00000e7d  column_handler                 
000026e9  configureUART_bbg              
2001066c  crcTable                       
00004a7d  delay_ms                       
00004be9  disable_timer                  
000049ad  enable_timer_int               
00000ab5  fp_access_handle               
00004afb  fp_capture                     
00004337  fp_checksum_calc               
00002dcd  fp_cmdsend                     
00004c19  fp_deleteall                   
000020e9  fp_enroll                      
000044c9  fp_get_enrollcount             
00004c2f  fp_identify                    
00004c01  fp_init                        
000040a1  fp_interrupt_config            
00004d4d  fp_interrupt_disable           
00004d5d  fp_interrupt_enable            
00003e0d  fp_irqhandler                  
00004c45  fp_isfingerpress               
00004a9d  fp_led_status                  
00004c5b  fp_open                        
00002f7d  fp_responsercv                 
00002795  fp_start_enroll                
20010b84  g_led                          
20000000  g_pfnRAMVectors                
20010b88  g_pfnTimerHandler              
00000000  g_pfnVectors                   
20010b8c  g_qsem                         
20010b90  g_temp                         
20010b94  g_uartsem                      
20010b98  g_ui32SysClock                 
20010b9c  g_vulRunTimeStatsCountValue    
00000ca1  keypad_button_detect           
000017c5  keypad_config                  
20014bfd  keypad_digits                  
000048f1  keypad_interrupt_enable        
0000283d  lcd_init                       
00003339  lcd_write_cmd                  
000033b9  lcd_write_data                 
00003f11  led_init                       
000024c1  lwIPEthernetIntHandler         
0000300d  main                           
00002b71  memcpy                         
000035b5  memset                         
000034b5  mutex_create                   
20010ba0  nrf_log_mq                     
20010ba4  otp_arr                        
20010baa  otp_count                      
20010bab  otp_flag                       
00003627  packet_make                    
00004185  packet_msglog_uart             
000021b5  packet_rcv_uart                
00002579  packet_send_uart               
00003531  pvPortMalloc                   
00004b19  pvTaskIncrementMutexHeldCount  
20014bb0  pxCurrentTCB                   
00003db1  pxPortInitialiseStack          
00004261  queue_create                   
000047b1  reset_timer                    
00002d39  sem_create                     
00004cad  strlen                         
00002c0d  system_init                    
00001e61  timer0handler                  
00001ba9  timer1handler                  
00001d81  timer_config                   
00004d7d  uart_busy                      
0000493f  uart_comm_flushRX              
00004e47  uart_comm_flushTX              
00002631  uart_commhandler               
00002e5d  uart_configure                 
00000201  uart_packet_handler            
00004b87  uart_send                      
000054a8  ulMaxSyscallInterruptPriority  
00002025  ulPortGetIPSR                  
000042a9  uxListRemove                   
00004e89  vApplicationStackOverflowHook  
000047e1  vListInitialise                
00004d8d  vListInitialiseItem            
00003bd1  vListInsert                    
000045fd  vListInsertEnd                 
000020d9  vPortEnableVFP                 
000049d1  vPortEnterCritical             
00004b35  vPortExitCritical              
00004e93  vPortFree                      
0000209d  vPortSVCHandler                
00004b51  vPortSetupTimerInterrupt       
000020bd  vPortStartFirstTask            
000040ed  vQueueAddToRegistry            
00003f65  vQueueWaitForMessageRestricted 
00004e55  vTaskMissedYield               
00003b69  vTaskPlaceOnEventList          
00003879  vTaskPlaceOnEventListRestricted
00002281  vTaskPriorityInherit           
000049f5  vTaskSetTimeOutState           
00003125  vTaskStartScheduler            
00004d9d  vTaskSuspendAll                
00001ab5  vTaskSwitchContext             
0000203d  xPortPendSVHandler             
00004405  xPortStartScheduler            
00004899  xPortSysTickHandler            
00003719  xQueueCreateMutex              
000038e9  xQueueGenericCreate            
00001191  xQueueGenericReceive           
00002ad1  xQueueGenericReset             
0000169d  xQueueGenericSend              
00003099  xQueueGenericSendFromISR       
20010a90  xQueueRegistry                 
00003231  xTaskCheckForTimeOut           
000012fd  xTaskGenericCreate             
00004811  xTaskGetSchedulerState         
00004cc1  xTaskGetTickCount              
00001435  xTaskIncrementTick             
000028e5  xTaskPriorityDisinherit        
00002eed  xTaskRemoveFromEventList       
000018c5  xTaskResumeAll                 
00004139  xTimerCreateTimerTask          
00003959  xTimerGenericCommand           


GLOBAL SYMBOLS: SORTED BY Symbol Address 

address   name                           
-------   ----                           
00000000  __TI_static_base__             
00000000  g_pfnVectors                   
00000201  uart_packet_handler            
000005a9  UARTvprintf                    
000008b5  SysCtlClockFreqSet             
00000ab5  fp_access_handle               
00000ca1  keypad_button_detect           
00000e7d  column_handler                 
00001009  UARTStdioIntHandler            
00001191  xQueueGenericReceive           
000012fd  xTaskGenericCreate             
00001435  xTaskIncrementTick             
00001569  GPIOPadConfigSet               
0000169d  xQueueGenericSend              
000017c5  keypad_config                  
000018c5  xTaskResumeAll                 
000019c1  add_fingerprint                
00001ab5  vTaskSwitchContext             
00001ba9  timer1handler                  
00001d81  timer_config                   
00001e61  timer0handler                  
00001f3d  UARTStdioConfig                
00002025  ulPortGetIPSR                  
0000203d  xPortPendSVHandler             
0000209d  vPortSVCHandler                
000020bd  vPortStartFirstTask            
000020d9  vPortEnableVFP                 
000020e9  fp_enroll                      
000021b5  packet_rcv_uart                
00002281  vTaskPriorityInherit           
00002349  UARTwrite                      
000024c1  lwIPEthernetIntHandler         
00002579  packet_send_uart               
00002631  uart_commhandler               
000026e9  configureUART_bbg              
00002795  fp_start_enroll                
0000283d  lcd_init                       
000028e5  xTaskPriorityDisinherit        
00002ad1  xQueueGenericReset             
00002b71  __aeabi_memcpy                 
00002b71  __aeabi_memcpy4                
00002b71  __aeabi_memcpy8                
00002b71  memcpy                         
00002c0d  system_init                    
00002d39  sem_create                     
00002dcd  fp_cmdsend                     
00002e5d  uart_configure                 
00002eed  xTaskRemoveFromEventList       
00002f7d  fp_responsercv                 
0000300d  main                           
00003099  xQueueGenericSendFromISR       
00003125  vTaskStartScheduler            
00003231  xTaskCheckForTimeOut           
00003337  __aeabi_idiv0                  
00003337  __aeabi_ldiv0                  
00003339  lcd_write_cmd                  
000033b9  lcd_write_data                 
00003439  checksum_init                  
000034b5  mutex_create                   
00003531  pvPortMalloc                   
000035ad  __aeabi_memclr                 
000035ad  __aeabi_memclr4                
000035ad  __aeabi_memclr8                
000035af  __aeabi_memset                 
000035af  __aeabi_memset4                
000035af  __aeabi_memset8                
000035b5  memset                         
00003627  packet_make                    
00003719  xQueueCreateMutex              
00003791  ConfigureUART                  
00003879  vTaskPlaceOnEventListRestricted
000038e9  xQueueGenericCreate            
00003959  xTimerGenericCommand           
000039c9  IntEnable                      
00003a31  __TI_decompress_lzss           
00003b69  vTaskPlaceOnEventList          
00003bd1  vListInsert                    
00003cf9  checksum_calc                  
00003db1  pxPortInitialiseStack          
00003e0d  fp_irqhandler                  
00003e65  GPIOIntTypeSet                 
00003ebd  buzzer_config                  
00003f11  led_init                       
00003f65  vQueueWaitForMessageRestricted 
00003fb9  LCD_write                      
00004000  __STACK_SIZE                   
00004009  UARTFlushTx                    
00004055  ack_send_uart                  
000040a1  fp_interrupt_config            
000040ed  vQueueAddToRegistry            
00004139  xTimerCreateTimerTask          
00004185  packet_msglog_uart             
000041d1  GPIOPinConfigure               
00004261  queue_create                   
000042a9  uxListRemove                   
000042f1  UARTConfigSetExpClk            
00004337  fp_checksum_calc               
000043c1  __TI_auto_init_nobinit_nopinit 
00004405  xPortStartScheduler            
00004489  buzzer_dutycycle               
000044c9  fp_get_enrollcount             
00004509  __aeabi_uidiv                  
00004509  __aeabi_uidivmod               
000045fd  vListInsertEnd                 
00004639  SysCtlPeripheralReady          
00004671  _c_int00_noargs                
000046e1  IntRegister                    
00004715  SysCtlPeripheralEnable         
00004749  UARTFlushRx                    
000047b1  reset_timer                    
000047e1  vListInitialise                
00004811  xTaskGetSchedulerState         
00004841  EMACIntStatus                  
00004899  xPortSysTickHandler            
000048c5  GPIODirModeSet                 
000048f1  keypad_interrupt_enable        
0000493f  uart_comm_flushRX              
00004965  UARTprintf                     
00004989  buzzer_onoff                   
000049ad  enable_timer_int               
000049d1  vPortEnterCritical             
000049f5  vTaskSetTimeOutState           
00004a19  PWMGenConfigure                
00004a3d  UARTDisable                    
00004a7d  delay_ms                       
00004a9d  fp_led_status                  
00004add  PWMPulseWidthSet               
00004afb  fp_capture                     
00004b19  pvTaskIncrementMutexHeldCount  
00004b35  vPortExitCritical              
00004b51  vPortSetupTimerInterrupt       
00004b87  uart_send                      
00004ba1  GPIOIntRegister                
00004bb9  GPIOPinTypeGPIOOutput          
00004bd1  UARTIntRegister                
00004be9  disable_timer                  
00004c01  fp_init                        
00004c19  fp_deleteall                   
00004c2f  fp_identify                    
00004c45  fp_isfingerpress               
00004c5b  fp_open                        
00004c71  SysCtlPWMClockSet              
00004c85  UARTEnable                     
00004cad  strlen                         
00004cc1  xTaskGetTickCount              
00004cd5  GPIOPinTypeGPIOInput           
00004ce7  GPIOPinTypePWM                 
00004cf9  PWMGenPeriodGet                
00004d0b  PWMOutputState                 
00004d1d  IntMasterDisable               
00004d2d  IntMasterEnable                
00004d3d  PWMGenPeriodSet                
00004d4d  fp_interrupt_disable           
00004d5d  fp_interrupt_enable            
00004d7d  uart_busy                      
00004d8d  vListInitialiseItem            
00004d9d  vTaskSuspendAll                
00004dad  GPIOIntDisable                 
00004dbb  GPIOIntStatus                  
00004dc9  UARTCharGetNonBlocking         
00004dd7  UARTCharsAvail                 
00004de5  __TI_decompress_none           
00004df3  CPUcpsid                       
00004dff  CPUcpsie                       
00004e0b  GPIOIntEnable                  
00004e17  PWMGenDisable                  
00004e23  PWMGenEnable                   
00004e2f  UARTTxIntModeSet               
00004e3b  __TI_zero_init                 
00004e47  uart_comm_flushTX              
00004e55  vTaskMissedYield               
00004e61  UARTCharGet                    
00004e6b  UARTCharPut                    
00004e75  UARTIntStatus                  
00004e89  vApplicationStackOverflowHook  
00004e93  vPortFree                      
00004e9d  EMACPowerManagementStatusGet   
00004ea5  UARTBusy                       
00004ead  UARTIntEnable                  
00004eb5  EMACTimestampIntStatus         
00004ebb  GPIOIntClear                   
00004ec1  GPIOPinRead                    
00004ec7  GPIOPinWrite                   
00004ecd  ResetISR                       
00004ed3  SysCtlDelay                    
00004ed9  UARTClockSourceSet             
00004edf  UARTIntClear                   
00004ee3  _system_pre_init               
00004ee7  C$$EXIT                        
00004ee7  abort                          
000054a8  ulMaxSyscallInterruptPriority  
000054d0  __TI_Handler_Table_Base        
000054dc  __TI_Handler_Table_Limit       
000054f0  __TI_CINIT_Base                
00005508  __TI_CINIT_Limit               
20000000  g_pfnRAMVectors                
2001066c  crcTable                       
20010a90  xQueueRegistry                 
20010b84  g_led                          
20010b88  g_pfnTimerHandler              
20010b8c  g_qsem                         
20010b90  g_temp                         
20010b94  g_uartsem                      
20010b98  g_ui32SysClock                 
20010b9c  g_vulRunTimeStatsCountValue    
20010ba0  nrf_log_mq                     
20010ba4  otp_arr                        
20010baa  otp_count                      
20010bab  otp_flag                       
20010bb0  __stack                        
20014bb0  __STACK_END                    
20014bb0  __STACK_TOP                    
20014bb0  pxCurrentTCB                   
20014bfd  keypad_digits                  
ffffffff  __TI_pprof_out_hndl            
ffffffff  __TI_prof_data_size            
ffffffff  __TI_prof_data_start           
ffffffff  __binit__                      
ffffffff  __c_args__                     
ffffffff  binit                          
UNDEFED   __mpu_init                     
UNDEFED   _system_post_cinit             

[222 symbols]
