******************************************************************************
                  TI ARM Linker PC v18.1.4                     
******************************************************************************
>> Linked Sun Apr 28 03:18:29 2019

OUTPUT FILE NAME:   <remote_node.out>
ENTRY POINT SYMBOL: "_c_int00_noargs"  address: 000046d1


MEMORY CONFIGURATION

         name            origin    length      used     unused   attr    fill
----------------------  --------  ---------  --------  --------  ----  --------
  FLASH                 00000000   00100000  000055c2  000faa3e  R  X
  SRAM                  20000000   00040000  00014c2c  0002b3d4  RW X


SEGMENT ALLOCATION MAP

run origin  load origin   length   init length attrs members
----------  ----------- ---------- ----------- ----- -------
00000000    00000000    000055c8   000055c8    r-x
  00000000    00000000    00000200   00000200    r-- .intvecs
  00000200    00000200    00004daa   00004daa    r-x .text
  00004fac    00004fac    000005b8   000005b8    r-- .const
  00005568    00005568    00000060   00000060    r-- .cinit
20000000    20000000    00014c30   00000000    rw-
  20000000    20000000    0000026c   00000000    rw- .vtable
  2000026c    2000026c    00010940   00000000    rw- .bss
  20010bb0    20010bb0    00004000   00000000    rw- .stack
  20014bb0    20014bb0    00000080   00000000    rw- .data


SECTION ALLOCATION MAP

 output                                  attributes/
section   page    origin      length       input sections
--------  ----  ----------  ----------   ----------------
.intvecs   0    00000000    00000200     
                  00000000    00000200     startup_ccs.obj (.intvecs)

.text      0    00000200    00004daa     
                  00000200    0000030c     uartstdio.obj (.text:UARTvprintf)
                  0000050c    00000200     driverlib.lib : sysctl.obj (.text:SysCtlClockFreqSet)
                  0000070c    000001dc     keypad.obj (.text:keypad_button_detect)
                  000008e8    000001b4     spi.obj (.text:spi_config)
                  00000a9c    000001a8     fingerprint.obj (.text:fp_access_handle)
                  00000c44    0000018c     keypad.obj (.text:column_handler)
                  00000dd0    0000018c     logger.obj (.text:nrf_log)
                  00000f5c    00000188     uartstdio.obj (.text:UARTStdioIntHandler)
                  000010e4    0000016c     queue.obj (.text:xQueueGenericReceive)
                  00001250    00000160     packet.obj (.text:packet_rcv_uart)
                  000013b0    00000138     tasks.obj (.text:xTaskGenericCreate)
                  000014e8    00000134     tasks.obj (.text:xTaskIncrementTick)
                  0000161c    00000132     driverlib.lib : gpio.obj (.text:GPIOPadConfigSet)
                  0000174e    00000002     startup_ccs.obj (.text:FaultISR)
                  00001750    0000012c     uart_comm_bbg.obj (.text:uart_packet_handler)
                  0000187c    00000128     queue.obj (.text:xQueueGenericSend)
                  000019a4    00000118     main.obj (.text:main)
                  00001abc    00000104     keypad.obj (.text:keypad_config)
                  00001bc0    000000fc     temp.obj (.text:temp)
                  00001cbc    000000fc     tasks.obj (.text:xTaskResumeAll)
                  00001db8    000000f4     tasks.obj (.text:vTaskSwitchContext)
                  00001eac    000000f0     timer.obj (.text:timer1handler)
                  00001f9c    000000e8     timers.obj (.text:prvProcessReceivedCommands)
                  00002084    000000e0     timer.obj (.text:timer_config)
                  00002164    000000dc     timer.obj (.text:timer0handler)
                  00002240    000000d8     uartstdio.obj (.text:UARTStdioConfig)
                  00002318    000000d2     portasm.obj (.text)
                  000023ea    00000002     startup_ccs.obj (.text:IntDefaultHandler)
                  000023ec    000000c8     tasks.obj (.text:vTaskPriorityInherit)
                  000024b4    000000c0     uart_comm_bbg.obj (.text:uart_commhandler)
                  00002574    000000bc     uartstdio.obj (.text:UARTwrite)
                  00002630    000000bc     queue.obj (.text:prvCopyDataToQueue)
                  000026ec    000000b8     lwiplib.obj (.text:lwIPEthernetIntHandler)
                  000027a4    000000b8     packet.obj (.text:packet_send_uart)
                  0000285c    000000ac     uart_comm_bbg.obj (.text:configureUART_bbg)
                  00002908    000000aa     packet.obj (.text:packet_make)
                  000029b2    00000002     startup_ccs.obj (.text:NmiSR)
                  000029b4    000000a8     lcd.obj (.text:lcd_init)
                  00002a5c    000000a8     tasks.obj (.text:xTaskPriorityDisinherit)
                  00002b04    000000a4     timers.obj (.text:prvSwitchTimerLists)
                  00002ba8    000000a0     tasks.obj (.text:prvInitialiseTCBVariables)
                  00002c48    000000a0     queue.obj (.text:xQueueGenericReset)
                  00002ce8    0000009c     rtsv7M4_T_le_v4SPD16_eabi.lib : memcpy_t2.asm.obj (.text)
                  00002d84    00000094     uartstdio.obj (.text:UARTPrimeTransmit)
                  00002e18    00000094     sync_objects.obj (.text:sem_create)
                  00002eac    00000090     fingerprint.obj (.text:fp_cmdsend)
                  00002f3c    00000090     myuart.obj (.text:uart_configure)
                  00002fcc    00000090     tasks.obj (.text:xTaskRemoveFromEventList)
                  0000305c    0000008e     fingerprint.obj (.text:fp_responsercv)
                  000030ea    0000008c     queue.obj (.text:xQueueGenericSendFromISR)
                  00003176    00000002     rtsv7M4_T_le_v4SPD16_eabi.lib : _lock.c.obj (.text:_nop)
                  00003178    00000088     tasks.obj (.text:vTaskStartScheduler)
                  00003200    00000084     timers.obj (.text:prvProcessTimerOrBlockTask)
                  00003284    00000084     tasks.obj (.text:xTaskCheckForTimeOut)
                  00003308    00000082     queue.obj (.text:prvUnlockQueue)
                  0000338a    00000002     main.obj (.text:gpio_enable)
                  0000338c    00000080     lcd.obj (.text:lcd_write_cmd)
                  0000340c    00000080     lcd.obj (.text:lcd_write_data)
                  0000348c    0000007c     checksum.obj (.text:checksum_init)
                  00003508    0000007c     sync_objects.obj (.text:mutex_create)
                  00003584    0000007c     heap_1.obj (.text:pvPortMalloc)
                  00003600    0000007a     rtsv7M4_T_le_v4SPD16_eabi.lib : memset_t2.asm.obj (.text)
                  0000367a    00000002                                   : div0.asm.obj (.text)
                  0000367c    00000078     timers.obj (.text:prvInsertTimerInActiveList)
                  000036f4    00000076     queue.obj (.text:xQueueCreateMutex)
                  0000376a    00000002     --HOLE-- [fill = 0]
                  0000376c    00000074     main.obj (.text:ConfigureUART)
                  000037e0    00000074     tasks.obj (.text:prvInitialiseTaskLists)
                  00003854    00000070     tasks.obj (.text:vTaskPlaceOnEventListRestricted)
                  000038c4    00000070     queue.obj (.text:xQueueGenericCreate)
                  00003934    00000070     timers.obj (.text:xTimerGenericCommand)
                  000039a4    0000006c     temp.obj (.text:temptask_init)
                  00003a10    00000068     driverlib.lib : interrupt.obj (.text:IntEnable)
                  00003a78    00000068     rtsv7M4_T_le_v4SPD16_eabi.lib : copy_decompress_lzss.c.obj (.text:decompress:lzss:__TI_decompress_lzss)
                  00003ae0    00000068     logger.obj (.text:nrf_loggertask_init)
                  00003b48    00000068     timers.obj (.text:prvCheckForValidListAndQueue)
                  00003bb0    00000068     tasks.obj (.text:prvCheckTasksWaitingTermination)
                  00003c18    00000068     tasks.obj (.text:vTaskPlaceOnEventList)
                  00003c80    00000066     list.obj (.text:vListInsert)
                  00003ce6    00000002     --HOLE-- [fill = 0]
                  00003ce8    00000060     timers.obj (.text:prvProcessExpiredTimer)
                  00003d48    0000005e     tasks.obj (.text:prvAllocateTCBAndStack)
                  00003da6    00000002     --HOLE-- [fill = 0]
                  00003da8    0000005c     checksum.obj (.text:checksum_calc)
                  00003e04    0000005c     tasks.obj (.text:prvAddCurrentTaskToDelayedList)
                  00003e60    0000005c     port.obj (.text:pxPortInitialiseStack)
                  00003ebc    00000058     fingerprint.obj (.text:fp_irqhandler)
                  00003f14    00000056     driverlib.lib : gpio.obj (.text:GPIOIntTypeSet)
                  00003f6a    00000002     --HOLE-- [fill = 0]
                  00003f6c    00000054     buzzer.obj (.text:buzzer_config)
                  00003fc0    00000054     led.obj (.text:led_init)
                  00004014    00000054     queue.obj (.text:vQueueWaitForMessageRestricted)
                  00004068    00000050     lcd.obj (.text:LCD_write)
                  000040b8    0000004c     uartstdio.obj (.text:UARTFlushTx)
                  00004104    0000004c     main.obj (.text:ack_send_uart)
                  00004150    0000004c     fingerprint.obj (.text:fp_interrupt_config)
                  0000419c    0000004c     queue.obj (.text:vQueueAddToRegistry)
                  000041e8    0000004c     timers.obj (.text:xTimerCreateTimerTask)
                  00004234    00000048     driverlib.lib : gpio.obj (.text:GPIOPinConfigure)
                  0000427c    00000048                   : sysctl.obj (.text:_SysCtlFrequencyGet)
                  000042c4    00000048     msg_queue.obj (.text:queue_create)
                  0000430c    00000048     list.obj (.text:uxListRemove)
                  00004354    00000046     driverlib.lib : uart.obj (.text:UARTConfigSetExpClk)
                  0000439a    00000046     fingerprint.obj (.text:fp_checksum_calc)
                  000043e0    00000044     driverlib.lib : gpio.obj (.text:_GPIOIntNumberGet)
                  00004424    00000044     rtsv7M4_T_le_v4SPD16_eabi.lib : autoinit.c.obj (.text:__TI_auto_init_nobinit_nopinit:__TI_auto_init_nobinit_nopinit)
                  00004468    00000044     port.obj (.text:xPortStartScheduler)
                  000044ac    00000040     driverlib.lib : uart.obj (.text:_UARTIntNumberGet)
                  000044ec    00000040     buzzer.obj (.text:buzzer_dutycycle)
                  0000452c    00000040     rtsv7M4_T_le_v4SPD16_eabi.lib : u_divt2.asm.obj (.text)
                  0000456c    0000003c     uartstdio.obj (.text:IsBufferFull)
                  000045a8    0000003c     driverlib.lib : ssi.obj (.text:SSIConfigSetExpClk)
                  000045e4    0000003c     queue.obj (.text:prvCopyDataFromQueue)
                  00004620    0000003c     tasks.obj (.text:prvResetNextTaskUnblockTime)
                  0000465c    0000003c     list.obj (.text:vListInsertEnd)
                  00004698    00000038     driverlib.lib : sysctl.obj (.text:SysCtlPeripheralReady)
                  000046d0    00000038     rtsv7M4_T_le_v4SPD16_eabi.lib : boot_cortex_m.c.obj (.text:_c_int00_noargs:_c_int00_noargs)
                  00004708    00000038     timers.obj (.text:prvGetNextExpireTime)
                  00004740    00000034     driverlib.lib : interrupt.obj (.text:IntRegister)
                  00004774    00000034                   : sysctl.obj (.text:SysCtlPeripheralEnable)
                  000047a8    00000034     uartstdio.obj (.text:UARTFlushRx)
                  000047dc    00000034     timers.obj (.text:prvSampleTimeNow)
                  00004810    00000034     rtsv7M4_T_le_v4SPD16_eabi.lib : rand.c.obj (.text:rand)
                  00004844    00000030     timer.obj (.text:reset_timer)
                  00004874    00000030     list.obj (.text:vListInitialise)
                  000048a4    00000030     tasks.obj (.text:xTaskGetSchedulerState)
                  000048d4    0000002c     driverlib.lib : emac.obj (.text:EMACIntStatus)
                  00004900    0000002c     uartstdio.obj (.text:IsBufferEmpty)
                  0000492c    0000002c     port.obj (.text:xPortSysTickHandler)
                  00004958    0000002a     driverlib.lib : gpio.obj (.text:GPIODirModeSet)
                  00004982    00000002     --HOLE-- [fill = 0]
                  00004984    00000028     keypad.obj (.text:keypad_interrupt_enable)
                  000049ac    00000026     queue.obj (.text:prvIsQueueFull)
                  000049d2    00000026     myuart.obj (.text:uart_comm_flushRX)
                  000049f8    00000024     uartstdio.obj (.text:UARTprintf)
                  00004a1c    00000024     buzzer.obj (.text:buzzer_onoff)
                  00004a40    00000024     timer.obj (.text:enable_timer_int)
                  00004a64    00000024     port.obj (.text:vPortEnterCritical)
                  00004a88    00000024     tasks.obj (.text:vTaskSetTimeOutState)
                  00004aac    00000022     driverlib.lib : pwm.obj (.text:PWMGenConfigure)
                  00004ace    00000002     --HOLE-- [fill = 0]
                  00004ad0    00000020                   : uart.obj (.text:UARTDisable)
                  00004af0    00000020                   : sysctl.obj (.text:_SysCtlMemTimingGet)
                  00004b10    00000020     main.obj (.text:delay_ms)
                  00004b30    00000020     main.obj (.text:fp_led_status)
                  00004b50    00000020     lcd.obj (.text:lcd_test)
                  00004b70    00000020     queue.obj (.text:prvIsQueueEmpty)
                  00004b90    0000001e     driverlib.lib : pwm.obj (.text:PWMPulseWidthSet)
                  00004bae    0000001c     main.obj (.text:fp_capture)
                  00004bca    00000002     --HOLE-- [fill = 0]
                  00004bcc    0000001c     tasks.obj (.text:pvTaskIncrementMutexHeldCount)
                  00004be8    0000001c     port.obj (.text:vPortExitCritical)
                  00004c04    0000001c     port.obj (.text:vPortSetupTimerInterrupt)
                  00004c20    0000001a     timers.obj (.text:prvTimerTask)
                  00004c3a    0000001a     myuart.obj (.text:uart_send)
                  00004c54    00000018     driverlib.lib : gpio.obj (.text:GPIOIntRegister)
                  00004c6c    00000018                   : gpio.obj (.text:GPIOPinTypeGPIOOutput)
                  00004c84    00000018                   : uart.obj (.text:UARTIntRegister)
                  00004c9c    00000018     timer.obj (.text:disable_timer)
                  00004cb4    00000018     fingerprint.obj (.text:fingerprint_test)
                  00004ccc    00000016     fingerprint.obj (.text:fp_identify)
                  00004ce2    00000016     main.obj (.text:fp_open)
                  00004cf8    00000014     driverlib.lib : sysctl.obj (.text:SysCtlPWMClockSet)
                  00004d0c    00000014                   : uart.obj (.text:UARTEnable)
                  00004d20    00000014     tasks.obj (.text:prvDeleteTCB)
                  00004d34    00000014     rtsv7M4_T_le_v4SPD16_eabi.lib : strcpy.c.obj (.text:strcpy)
                  00004d48    00000014     tasks.obj (.text:xTaskGetTickCount)
                  00004d5c    00000012     driverlib.lib : gpio.obj (.text:GPIOPinTypeGPIOInput)
                  00004d6e    00000012                   : gpio.obj (.text:GPIOPinTypePWM)
                  00004d80    00000012                   : gpio.obj (.text:GPIOPinTypeSSI)
                  00004d92    00000012                   : pwm.obj (.text:PWMGenPeriodGet)
                  00004da4    00000012                   : pwm.obj (.text:PWMOutputState)
                  00004db6    00000010                   : interrupt.obj (.text:IntMasterDisable)
                  00004dc6    00000010                   : interrupt.obj (.text:IntMasterEnable)
                  00004dd6    00000010                   : pwm.obj (.text:PWMGenPeriodSet)
                  00004de6    00000010     buzzer.obj (.text:buzzer_test)
                  00004df6    00000002     --HOLE-- [fill = 0]
                  00004df8    00000010     main.obj (.text:fp_interrupt_disable)
                  00004e08    00000010     main.obj (.text:fp_interrupt_enable)
                  00004e18    00000010     port.obj (.text:prvTaskExitError)
                  00004e28    00000010     main.obj (.text:uart_busy)
                  00004e38    00000010     list.obj (.text:vListInitialiseItem)
                  00004e48    00000010     tasks.obj (.text:vTaskSuspendAll)
                  00004e58    0000000e     driverlib.lib : gpio.obj (.text:GPIOIntDisable)
                  00004e66    0000000e                   : gpio.obj (.text:GPIOIntStatus)
                  00004e74    0000000e                   : uart.obj (.text:UARTCharGetNonBlocking)
                  00004e82    0000000e                   : uart.obj (.text:UARTCharsAvail)
                  00004e90    0000000e     rtsv7M4_T_le_v4SPD16_eabi.lib : copy_decompress_none.c.obj (.text:decompress:none:__TI_decompress_none)
                  00004e9e    0000000c     driverlib.lib : cpu.obj (.text:CPUcpsid)
                  00004eaa    0000000c                   : cpu.obj (.text:CPUcpsie)
                  00004eb6    0000000c                   : gpio.obj (.text:GPIOIntEnable)
                  00004ec2    0000000c                   : pwm.obj (.text:PWMGenDisable)
                  00004ece    0000000c                   : pwm.obj (.text:PWMGenEnable)
                  00004eda    0000000c                   : uart.obj (.text:UARTTxIntModeSet)
                  00004ee6    0000000c     rtsv7M4_T_le_v4SPD16_eabi.lib : copy_zero_init.c.obj (.text:decompress:ZI:__TI_zero_init)
                  00004ef2    0000000c     myuart.obj (.text:uart_comm_flushTX)
                  00004efe    00000002     --HOLE-- [fill = 0]
                  00004f00    0000000c     tasks.obj (.text:vTaskMissedYield)
                  00004f0c    0000000a     driverlib.lib : ssi.obj (.text:SSIEnable)
                  00004f16    0000000a                   : uart.obj (.text:UARTCharGet)
                  00004f20    0000000a                   : uart.obj (.text:UARTCharPut)
                  00004f2a    0000000a                   : uart.obj (.text:UARTIntStatus)
                  00004f34    0000000a     logger.obj (.text:nrf_logger)
                  00004f3e    0000000a     tasks.obj (.text:prvIdleTask)
                  00004f48    0000000a     main.obj (.text:vApplicationStackOverflowHook)
                  00004f52    0000000a     heap_1.obj (.text:vPortFree)
                  00004f5c    00000008     driverlib.lib : emac.obj (.text:EMACPowerManagementStatusGet)
                  00004f64    00000008                   : uart.obj (.text:UARTBusy)
                  00004f6c    00000008                   : uart.obj (.text:UARTIntEnable)
                  00004f74    00000006                   : emac.obj (.text:EMACTimestampIntStatus)
                  00004f7a    00000006                   : gpio.obj (.text:GPIOIntClear)
                  00004f80    00000006                   : gpio.obj (.text:GPIOPinRead)
                  00004f86    00000006                   : gpio.obj (.text:GPIOPinWrite)
                  00004f8c    00000006     startup_ccs.obj (.text:ResetISR)
                  00004f92    00000006     driverlib.lib : sysctl.obj (.text:SysCtlDelay)
                  00004f98    00000006                   : uart.obj (.text:UARTClockSourceSet)
                  00004f9e    00000004                   : uart.obj (.text:UARTIntClear)
                  00004fa2    00000004     rtsv7M4_T_le_v4SPD16_eabi.lib : pre_init.c.obj (.text:_system_pre_init)
                  00004fa6    00000004                                   : exit.c.obj (.text:abort:abort)

.const     0    00004fac    000005b8     
                  00004fac    000001b0     driverlib.lib : sysctl.obj (.const:g_pppui32XTALtoVCO)
                  0000515c    000000d8                   : gpio.obj (.const:g_ppui32GPIOIntMapSnowflake)
                  00005234    000000c0                   : gpio.obj (.const:g_ppui32GPIOIntMapBlizzard)
                  000052f4    00000090                   : gpio.obj (.const:g_pui32GPIOBaseAddrs)
                  00005384    00000070                   : interrupt.obj (.const)
                  000053f4    0000006c                   : sysctl.obj (.const:g_pui32Xtals)
                  00005460    00000040                   : uart.obj (.const:g_ppui32UARTIntMap)
                  000054a0    00000040                   : uart.obj (.const:g_ppui32UARTIntMapSnowflake)
                  000054e0    00000030                   : sysctl.obj (.const:g_sXTALtoMEMTIM)
                  00005510    00000012     uartstdio.obj (.const:.string)
                  00005522    0000000c     fingerprint.obj (.const:.string:$P$T0$1)
                  0000552e    00000002     --HOLE-- [fill = 0]
                  00005530    0000000c     uartstdio.obj (.const:g_ui32UARTBase)
                  0000553c    0000000c     uartstdio.obj (.const:g_ui32UARTInt)
                  00005548    0000000c     uartstdio.obj (.const:g_ui32UARTPeriph)
                  00005554    00000008     driverlib.lib : sysctl.obj (.const)
                  0000555c    00000004     port.obj (.const)
                  00005560    00000004     uartstdio.obj (.const)

.cinit     0    00005568    00000060     
                  00005568    00000029     (.cinit..data.load) [load image, compression = lzss]
                  00005591    00000003     --HOLE-- [fill = 0]
                  00005594    0000000c     (__TI_handler_table)
                  000055a0    00000008     (.cinit..bss.load) [load image, compression = zero_init]
                  000055a8    00000008     (.cinit..vtable.load) [load image, compression = zero_init]
                  000055b0    00000018     (__TI_cinit_table)

.init_array 
*          0    00000000    00000000     UNINITIALIZED

.vtable    0    20000000    0000026c     UNINITIALIZED
                  20000000    0000026c     driverlib.lib : interrupt.obj (.vtable)

.bss       0    2000026c    00010940     UNINITIALIZED
                  2000026c    00010000     heap_1.obj (.bss:ucHeap)
                  2001026c    00000400     uartstdio.obj (.bss:g_pcUARTTxBuffer)
                  2001066c    00000200     (.common:crcTable)
                  2001086c    00000140     tasks.obj (.bss:pxReadyTasksLists)
                  200109ac    00000080     uartstdio.obj (.bss:g_pcUARTRxBuffer)
                  20010a2c    00000064     lwiplib.obj (.bss)
                  20010a90    00000050     (.common:xQueueRegistry)
                  20010ae0    00000014     timers.obj (.bss:xActiveTimerList1)
                  20010af4    00000014     timers.obj (.bss:xActiveTimerList2)
                  20010b08    00000014     tasks.obj (.bss:xDelayedTaskList1)
                  20010b1c    00000014     tasks.obj (.bss:xDelayedTaskList2)
                  20010b30    00000014     tasks.obj (.bss:xPendingReadyList)
                  20010b44    00000014     tasks.obj (.bss:xSuspendedTaskList)
                  20010b58    00000014     tasks.obj (.bss:xTasksWaitingTermination)
                  20010b6c    00000008     tasks.obj (.bss)
                  20010b74    00000008     timers.obj (.bss)
                  20010b7c    00000008     uartstdio.obj (.bss)
                  20010b84    00000004     (.common:g_led)
                  20010b88    00000004     (.common:g_pfnTimerHandler)
                  20010b8c    00000004     (.common:g_qsem)
                  20010b90    00000004     (.common:g_temp)
                  20010b94    00000004     (.common:g_uartsem)
                  20010b98    00000004     (.common:g_ui32SysClock)
                  20010b9c    00000004     (.common:g_vulRunTimeStatsCountValue)
                  20010ba0    00000004     (.common:nrf_log_mq)
                  20010ba4    00000004     (.common:otp_arr)
                  20010ba8    00000001     timer.obj (.bss)
                  20010ba9    00000001     uart_comm_bbg.obj (.bss)
                  20010baa    00000001     (.common:otp_count)
                  20010bab    00000001     (.common:otp_flag)

.data      0    20014bb0    00000080     UNINITIALIZED
                  20014bb0    00000038     tasks.obj (.data)
                  20014be8    00000015     uartstdio.obj (.data)
                  20014bfd    00000010     keypad.obj (.data:keypad_digits)
                  20014c0d    00000003     --HOLE--
                  20014c10    00000008     rtsv7M4_T_le_v4SPD16_eabi.lib : _lock.c.obj (.data:$O1$$)
                  20014c18    00000008     heap_1.obj (.data)
                  20014c20    00000008     timers.obj (.data)
                  20014c28    00000004     port.obj (.data)
                  20014c2c    00000004     rtsv7M4_T_le_v4SPD16_eabi.lib : rand.c.obj (.data)

.stack     0    20010bb0    00004000     UNINITIALIZED
                  20010bb0    00000004     rtsv7M4_T_le_v4SPD16_eabi.lib : boot_cortex_m.c.obj (.stack)
                  20010bb4    00003ffc     --HOLE--

MODULE SUMMARY

       Module                       code    ro data   rw data
       ------                       ----    -------   -------
    .\
       main.obj                     646     0         546    
       startup_ccs.obj              12      512       0      
    +--+----------------------------+-------+---------+---------+
       Total:                       658     512       546    
                                                             
    .\src\
       keypad.obj                   1172    0         16     
       fingerprint.obj              990     12        0      
       timer.obj                    792     0         1      
       packet.obj                   706     0         0      
       uart_comm_bbg.obj            664     0         1      
       lcd.obj                      536     0         0      
       logger.obj                   510     0         0      
       spi.obj                      436     0         0      
       temp.obj                     360     0         0      
       sync_objects.obj             272     0         0      
       myuart.obj                   220     0         0      
       checksum.obj                 216     0         0      
       buzzer.obj                   200     0         0      
       led.obj                      84      0         0      
       msg_queue.obj                72      0         0      
    +--+----------------------------+-------+---------+---------+
       Total:                       7230    12        18     
                                                             
    .\third_party\FreeRTOS\Source\
       tasks.obj                    2928    0         484    
       queue.obj                    1798    0         80     
       timers.obj                   1170    0         56     
       list.obj                     298     0         0      
    +--+----------------------------+-------+---------+---------+
       Total:                       6194    0         620    
                                                             
    .\third_party\FreeRTOS\Source\portable\CCS\ARM_CM4F\
       port.obj                     312     4         4      
       portasm.obj                  210     0         0      
    +--+----------------------------+-------+---------+---------+
       Total:                       522     4         4      
                                                             
    .\third_party\FreeRTOS\Source\portable\MemMang\
       heap_1.obj                   134     0         65544  
    +--+----------------------------+-------+---------+---------+
       Total:                       134     0         65544  
                                                             
    .\utils\
       uartstdio.obj                1992    58        1181   
       lwiplib.obj                  184     0         104    
    +--+----------------------------+-------+---------+---------+
       Total:                       2176    58        1285   
                                                             
    C:/ti/TivaWare_C_Series-2.1.4.178/driverlib/ccs/Debug/driverlib.lib
       sysctl.obj                   750     596       0      
       gpio.obj                     734     552       0      
       interrupt.obj                188     112       620    
       uart.obj                     306     128       0      
       pwm.obj                      140     0         0      
       ssi.obj                      70      0         0      
       emac.obj                     58      0         0      
       cpu.obj                      24      0         0      
    +--+----------------------------+-------+---------+---------+
       Total:                       2270    1388      620    
                                                             
    C:\ti\ccsv8\tools\compiler\ti-cgt-arm_18.1.4.LTS\lib\rtsv7M4_T_le_v4SPD16_eabi.lib
       memcpy_t2.asm.obj            156     0         0      
       memset_t2.asm.obj            122     0         0      
       copy_decompress_lzss.c.obj   104     0         0      
       autoinit.c.obj               68      0         0      
       u_divt2.asm.obj              64      0         0      
       boot_cortex_m.c.obj          56      0         0      
       rand.c.obj                   52      0         4      
       strcpy.c.obj                 20      0         0      
       copy_decompress_none.c.obj   14      0         0      
       copy_zero_init.c.obj         12      0         0      
       _lock.c.obj                  2       0         8      
       exit.c.obj                   4       0         0      
       pre_init.c.obj               4       0         0      
       div0.asm.obj                 2       0         0      
    +--+----------------------------+-------+---------+---------+
       Total:                       680     0         12     
                                                             
       Stack:                       0       0         16384  
       Linker Generated:            0       93        0      
    +--+----------------------------+-------+---------+---------+
       Grand Total:                 19864   2067      85033  


LINKER GENERATED COPY TABLES

__TI_cinit_table @ 000055b0 records: 3, size/record: 8, table size: 24
	.data: load addr=00005568, load size=00000029 bytes, run addr=20014bb0, run size=00000080 bytes, compression=lzss
	.bss: load addr=000055a0, load size=00000008 bytes, run addr=2000026c, run size=00010940 bytes, compression=zero_init
	.vtable: load addr=000055a8, load size=00000008 bytes, run addr=20000000, run size=0000026c bytes, compression=zero_init


LINKER GENERATED HANDLER TABLE

__TI_handler_table @ 00005594 records: 3, size/record: 4, table size: 12
	index: 0, handler: __TI_zero_init
	index: 1, handler: __TI_decompress_lzss
	index: 2, handler: __TI_decompress_none


GLOBAL SYMBOLS: SORTED ALPHABETICALLY BY Name 

address   name                           
-------   ----                           
00004fa7  C$$EXIT                        
00004e9f  CPUcpsid                       
00004eab  CPUcpsie                       
0000376d  ConfigureUART                  
000048d5  EMACIntStatus                  
00004f5d  EMACPowerManagementStatusGet   
00004f75  EMACTimestampIntStatus         
00004959  GPIODirModeSet                 
00004f7b  GPIOIntClear                   
00004e59  GPIOIntDisable                 
00004eb7  GPIOIntEnable                  
00004c55  GPIOIntRegister                
00004e67  GPIOIntStatus                  
00003f15  GPIOIntTypeSet                 
0000161d  GPIOPadConfigSet               
00004235  GPIOPinConfigure               
00004f81  GPIOPinRead                    
00004d5d  GPIOPinTypeGPIOInput           
00004c6d  GPIOPinTypeGPIOOutput          
00004d6f  GPIOPinTypePWM                 
00004d81  GPIOPinTypeSSI                 
00004f87  GPIOPinWrite                   
00003a11  IntEnable                      
00004db7  IntMasterDisable               
00004dc7  IntMasterEnable                
00004741  IntRegister                    
00004069  LCD_write                      
00004aad  PWMGenConfigure                
00004ec3  PWMGenDisable                  
00004ecf  PWMGenEnable                   
00004d93  PWMGenPeriodGet                
00004dd7  PWMGenPeriodSet                
00004da5  PWMOutputState                 
00004b91  PWMPulseWidthSet               
00004f8d  ResetISR                       
000045a9  SSIConfigSetExpClk             
00004f0d  SSIEnable                      
0000050d  SysCtlClockFreqSet             
00004f93  SysCtlDelay                    
00004cf9  SysCtlPWMClockSet              
00004775  SysCtlPeripheralEnable         
00004699  SysCtlPeripheralReady          
00004f65  UARTBusy                       
00004f17  UARTCharGet                    
00004e75  UARTCharGetNonBlocking         
00004f21  UARTCharPut                    
00004e83  UARTCharsAvail                 
00004f99  UARTClockSourceSet             
00004355  UARTConfigSetExpClk            
00004ad1  UARTDisable                    
00004d0d  UARTEnable                     
000047a9  UARTFlushRx                    
000040b9  UARTFlushTx                    
00004f9f  UARTIntClear                   
00004f6d  UARTIntEnable                  
00004c85  UARTIntRegister                
00004f2b  UARTIntStatus                  
00002241  UARTStdioConfig                
00000f5d  UARTStdioIntHandler            
00004edb  UARTTxIntModeSet               
000049f9  UARTprintf                     
00000201  UARTvprintf                    
00002575  UARTwrite                      
20014bb0  __STACK_END                    
00004000  __STACK_SIZE                   
20014bb0  __STACK_TOP                    
000055b0  __TI_CINIT_Base                
000055c8  __TI_CINIT_Limit               
00005594  __TI_Handler_Table_Base        
000055a0  __TI_Handler_Table_Limit       
00004425  __TI_auto_init_nobinit_nopinit 
00003a79  __TI_decompress_lzss           
00004e91  __TI_decompress_none           
ffffffff  __TI_pprof_out_hndl            
ffffffff  __TI_prof_data_size            
ffffffff  __TI_prof_data_start           
00000000  __TI_static_base__             
00004ee7  __TI_zero_init                 
0000367b  __aeabi_idiv0                  
0000367b  __aeabi_ldiv0                  
00003601  __aeabi_memclr                 
00003601  __aeabi_memclr4                
00003601  __aeabi_memclr8                
00002ce9  __aeabi_memcpy                 
00002ce9  __aeabi_memcpy4                
00002ce9  __aeabi_memcpy8                
00003603  __aeabi_memset                 
00003603  __aeabi_memset4                
00003603  __aeabi_memset8                
0000452d  __aeabi_uidiv                  
0000452d  __aeabi_uidivmod               
ffffffff  __binit__                      
ffffffff  __c_args__                     
UNDEFED   __mpu_init                     
20010bb0  __stack                        
000046d1  _c_int00_noargs                
20014c10  _lock                          
00003177  _nop                           
UNDEFED   _system_post_cinit             
00004fa3  _system_pre_init               
20014c14  _unlock                        
00004fa7  abort                          
00004105  ack_send_uart                  
ffffffff  binit                          
00003f6d  buzzer_config                  
000044ed  buzzer_dutycycle               
00004a1d  buzzer_onoff                   
00004de7  buzzer_test                    
00003da9  checksum_calc                  
0000348d  checksum_init                  
00000c45  column_handler                 
0000285d  configureUART_bbg              
2001066c  crcTable                       
00004b11  delay_ms                       
00004c9d  disable_timer                  
00004a41  enable_timer_int               
00004cb5  fingerprint_test               
00000a9d  fp_access_handle               
00004baf  fp_capture                     
0000439b  fp_checksum_calc               
00002ead  fp_cmdsend                     
00004ccd  fp_identify                    
00004151  fp_interrupt_config            
00004df9  fp_interrupt_disable           
00004e09  fp_interrupt_enable            
00003ebd  fp_irqhandler                  
00004b31  fp_led_status                  
00004ce3  fp_open                        
0000305d  fp_responsercv                 
20010b84  g_led                          
20000000  g_pfnRAMVectors                
20010b88  g_pfnTimerHandler              
00000000  g_pfnVectors                   
20010b8c  g_qsem                         
20010b90  g_temp                         
20010b94  g_uartsem                      
20010b98  g_ui32SysClock                 
20010b9c  g_vulRunTimeStatsCountValue    
0000338b  gpio_enable                    
0000070d  keypad_button_detect           
00001abd  keypad_config                  
20014bfd  keypad_digits                  
00004985  keypad_interrupt_enable        
000029b5  lcd_init                       
00004b51  lcd_test                       
0000338d  lcd_write_cmd                  
0000340d  lcd_write_data                 
00003fc1  led_init                       
000026ed  lwIPEthernetIntHandler         
000019a5  main                           
00002ce9  memcpy                         
00003609  memset                         
00003509  mutex_create                   
00000dd1  nrf_log                        
20010ba0  nrf_log_mq                     
00003ae1  nrf_loggertask_init            
20010ba4  otp_arr                        
20010baa  otp_count                      
20010bab  otp_flag                       
00002909  packet_make                    
00001251  packet_rcv_uart                
000027a5  packet_send_uart               
00003585  pvPortMalloc                   
00004bcd  pvTaskIncrementMutexHeldCount  
20014bb0  pxCurrentTCB                   
00003e61  pxPortInitialiseStack          
000042c5  queue_create                   
00004811  rand                           
00004845  reset_timer                    
00002e19  sem_create                     
000008e9  spi_config                     
00004d35  strcpy                         
000039a5  temptask_init                  
00002165  timer0handler                  
00001ead  timer1handler                  
00002085  timer_config                   
00004e29  uart_busy                      
000049d3  uart_comm_flushRX              
00004ef3  uart_comm_flushTX              
000024b5  uart_commhandler               
00002f3d  uart_configure                 
00001751  uart_packet_handler            
00004c3b  uart_send                      
0000555c  ulMaxSyscallInterruptPriority  
00002329  ulPortGetIPSR                  
0000430d  uxListRemove                   
00004f49  vApplicationStackOverflowHook  
00004875  vListInitialise                
00004e39  vListInitialiseItem            
00003c81  vListInsert                    
0000465d  vListInsertEnd                 
000023dd  vPortEnableVFP                 
00004a65  vPortEnterCritical             
00004be9  vPortExitCritical              
00004f53  vPortFree                      
000023a1  vPortSVCHandler                
00004c05  vPortSetupTimerInterrupt       
000023c1  vPortStartFirstTask            
0000419d  vQueueAddToRegistry            
00004015  vQueueWaitForMessageRestricted 
00004f01  vTaskMissedYield               
00003c19  vTaskPlaceOnEventList          
00003855  vTaskPlaceOnEventListRestricted
000023ed  vTaskPriorityInherit           
00004a89  vTaskSetTimeOutState           
00003179  vTaskStartScheduler            
00004e49  vTaskSuspendAll                
00001db9  vTaskSwitchContext             
00002341  xPortPendSVHandler             
00004469  xPortStartScheduler            
0000492d  xPortSysTickHandler            
000036f5  xQueueCreateMutex              
000038c5  xQueueGenericCreate            
000010e5  xQueueGenericReceive           
00002c49  xQueueGenericReset             
0000187d  xQueueGenericSend              
000030eb  xQueueGenericSendFromISR       
20010a90  xQueueRegistry                 
00003285  xTaskCheckForTimeOut           
000013b1  xTaskGenericCreate             
000048a5  xTaskGetSchedulerState         
00004d49  xTaskGetTickCount              
000014e9  xTaskIncrementTick             
00002a5d  xTaskPriorityDisinherit        
00002fcd  xTaskRemoveFromEventList       
00001cbd  xTaskResumeAll                 
000041e9  xTimerCreateTimerTask          
00003935  xTimerGenericCommand           


GLOBAL SYMBOLS: SORTED BY Symbol Address 

address   name                           
-------   ----                           
00000000  __TI_static_base__             
00000000  g_pfnVectors                   
00000201  UARTvprintf                    
0000050d  SysCtlClockFreqSet             
0000070d  keypad_button_detect           
000008e9  spi_config                     
00000a9d  fp_access_handle               
00000c45  column_handler                 
00000dd1  nrf_log                        
00000f5d  UARTStdioIntHandler            
000010e5  xQueueGenericReceive           
00001251  packet_rcv_uart                
000013b1  xTaskGenericCreate             
000014e9  xTaskIncrementTick             
0000161d  GPIOPadConfigSet               
00001751  uart_packet_handler            
0000187d  xQueueGenericSend              
000019a5  main                           
00001abd  keypad_config                  
00001cbd  xTaskResumeAll                 
00001db9  vTaskSwitchContext             
00001ead  timer1handler                  
00002085  timer_config                   
00002165  timer0handler                  
00002241  UARTStdioConfig                
00002329  ulPortGetIPSR                  
00002341  xPortPendSVHandler             
000023a1  vPortSVCHandler                
000023c1  vPortStartFirstTask            
000023dd  vPortEnableVFP                 
000023ed  vTaskPriorityInherit           
000024b5  uart_commhandler               
00002575  UARTwrite                      
000026ed  lwIPEthernetIntHandler         
000027a5  packet_send_uart               
0000285d  configureUART_bbg              
00002909  packet_make                    
000029b5  lcd_init                       
00002a5d  xTaskPriorityDisinherit        
00002c49  xQueueGenericReset             
00002ce9  __aeabi_memcpy                 
00002ce9  __aeabi_memcpy4                
00002ce9  __aeabi_memcpy8                
00002ce9  memcpy                         
00002e19  sem_create                     
00002ead  fp_cmdsend                     
00002f3d  uart_configure                 
00002fcd  xTaskRemoveFromEventList       
0000305d  fp_responsercv                 
000030eb  xQueueGenericSendFromISR       
00003177  _nop                           
00003179  vTaskStartScheduler            
00003285  xTaskCheckForTimeOut           
0000338b  gpio_enable                    
0000338d  lcd_write_cmd                  
0000340d  lcd_write_data                 
0000348d  checksum_init                  
00003509  mutex_create                   
00003585  pvPortMalloc                   
00003601  __aeabi_memclr                 
00003601  __aeabi_memclr4                
00003601  __aeabi_memclr8                
00003603  __aeabi_memset                 
00003603  __aeabi_memset4                
00003603  __aeabi_memset8                
00003609  memset                         
0000367b  __aeabi_idiv0                  
0000367b  __aeabi_ldiv0                  
000036f5  xQueueCreateMutex              
0000376d  ConfigureUART                  
00003855  vTaskPlaceOnEventListRestricted
000038c5  xQueueGenericCreate            
00003935  xTimerGenericCommand           
000039a5  temptask_init                  
00003a11  IntEnable                      
00003a79  __TI_decompress_lzss           
00003ae1  nrf_loggertask_init            
00003c19  vTaskPlaceOnEventList          
00003c81  vListInsert                    
00003da9  checksum_calc                  
00003e61  pxPortInitialiseStack          
00003ebd  fp_irqhandler                  
00003f15  GPIOIntTypeSet                 
00003f6d  buzzer_config                  
00003fc1  led_init                       
00004000  __STACK_SIZE                   
00004015  vQueueWaitForMessageRestricted 
00004069  LCD_write                      
000040b9  UARTFlushTx                    
00004105  ack_send_uart                  
00004151  fp_interrupt_config            
0000419d  vQueueAddToRegistry            
000041e9  xTimerCreateTimerTask          
00004235  GPIOPinConfigure               
000042c5  queue_create                   
0000430d  uxListRemove                   
00004355  UARTConfigSetExpClk            
0000439b  fp_checksum_calc               
00004425  __TI_auto_init_nobinit_nopinit 
00004469  xPortStartScheduler            
000044ed  buzzer_dutycycle               
0000452d  __aeabi_uidiv                  
0000452d  __aeabi_uidivmod               
000045a9  SSIConfigSetExpClk             
0000465d  vListInsertEnd                 
00004699  SysCtlPeripheralReady          
000046d1  _c_int00_noargs                
00004741  IntRegister                    
00004775  SysCtlPeripheralEnable         
000047a9  UARTFlushRx                    
00004811  rand                           
00004845  reset_timer                    
00004875  vListInitialise                
000048a5  xTaskGetSchedulerState         
000048d5  EMACIntStatus                  
0000492d  xPortSysTickHandler            
00004959  GPIODirModeSet                 
00004985  keypad_interrupt_enable        
000049d3  uart_comm_flushRX              
000049f9  UARTprintf                     
00004a1d  buzzer_onoff                   
00004a41  enable_timer_int               
00004a65  vPortEnterCritical             
00004a89  vTaskSetTimeOutState           
00004aad  PWMGenConfigure                
00004ad1  UARTDisable                    
00004b11  delay_ms                       
00004b31  fp_led_status                  
00004b51  lcd_test                       
00004b91  PWMPulseWidthSet               
00004baf  fp_capture                     
00004bcd  pvTaskIncrementMutexHeldCount  
00004be9  vPortExitCritical              
00004c05  vPortSetupTimerInterrupt       
00004c3b  uart_send                      
00004c55  GPIOIntRegister                
00004c6d  GPIOPinTypeGPIOOutput          
00004c85  UARTIntRegister                
00004c9d  disable_timer                  
00004cb5  fingerprint_test               
00004ccd  fp_identify                    
00004ce3  fp_open                        
00004cf9  SysCtlPWMClockSet              
00004d0d  UARTEnable                     
00004d35  strcpy                         
00004d49  xTaskGetTickCount              
00004d5d  GPIOPinTypeGPIOInput           
00004d6f  GPIOPinTypePWM                 
00004d81  GPIOPinTypeSSI                 
00004d93  PWMGenPeriodGet                
00004da5  PWMOutputState                 
00004db7  IntMasterDisable               
00004dc7  IntMasterEnable                
00004dd7  PWMGenPeriodSet                
00004de7  buzzer_test                    
00004df9  fp_interrupt_disable           
00004e09  fp_interrupt_enable            
00004e29  uart_busy                      
00004e39  vListInitialiseItem            
00004e49  vTaskSuspendAll                
00004e59  GPIOIntDisable                 
00004e67  GPIOIntStatus                  
00004e75  UARTCharGetNonBlocking         
00004e83  UARTCharsAvail                 
00004e91  __TI_decompress_none           
00004e9f  CPUcpsid                       
00004eab  CPUcpsie                       
00004eb7  GPIOIntEnable                  
00004ec3  PWMGenDisable                  
00004ecf  PWMGenEnable                   
00004edb  UARTTxIntModeSet               
00004ee7  __TI_zero_init                 
00004ef3  uart_comm_flushTX              
00004f01  vTaskMissedYield               
00004f0d  SSIEnable                      
00004f17  UARTCharGet                    
00004f21  UARTCharPut                    
00004f2b  UARTIntStatus                  
00004f49  vApplicationStackOverflowHook  
00004f53  vPortFree                      
00004f5d  EMACPowerManagementStatusGet   
00004f65  UARTBusy                       
00004f6d  UARTIntEnable                  
00004f75  EMACTimestampIntStatus         
00004f7b  GPIOIntClear                   
00004f81  GPIOPinRead                    
00004f87  GPIOPinWrite                   
00004f8d  ResetISR                       
00004f93  SysCtlDelay                    
00004f99  UARTClockSourceSet             
00004f9f  UARTIntClear                   
00004fa3  _system_pre_init               
00004fa7  C$$EXIT                        
00004fa7  abort                          
0000555c  ulMaxSyscallInterruptPriority  
00005594  __TI_Handler_Table_Base        
000055a0  __TI_Handler_Table_Limit       
000055b0  __TI_CINIT_Base                
000055c8  __TI_CINIT_Limit               
20000000  g_pfnRAMVectors                
2001066c  crcTable                       
20010a90  xQueueRegistry                 
20010b84  g_led                          
20010b88  g_pfnTimerHandler              
20010b8c  g_qsem                         
20010b90  g_temp                         
20010b94  g_uartsem                      
20010b98  g_ui32SysClock                 
20010b9c  g_vulRunTimeStatsCountValue    
20010ba0  nrf_log_mq                     
20010ba4  otp_arr                        
20010baa  otp_count                      
20010bab  otp_flag                       
20010bb0  __stack                        
20014bb0  __STACK_END                    
20014bb0  __STACK_TOP                    
20014bb0  pxCurrentTCB                   
20014bfd  keypad_digits                  
20014c10  _lock                          
20014c14  _unlock                        
ffffffff  __TI_pprof_out_hndl            
ffffffff  __TI_prof_data_size            
ffffffff  __TI_prof_data_start           
ffffffff  __binit__                      
ffffffff  __c_args__                     
ffffffff  binit                          
UNDEFED   __mpu_init                     
UNDEFED   _system_post_cinit             

[228 symbols]
