******************************************************************************
                  TI ARM Linker PC v18.1.4                     
******************************************************************************
>> Linked Mon Apr 29 18:50:50 2019

OUTPUT FILE NAME:   <remote_node.out>
ENTRY POINT SYMBOL: "_c_int00_noargs"  address: 00004735


MEMORY CONFIGURATION

         name            origin    length      used     unused   attr    fill
----------------------  --------  ---------  --------  --------  ----  --------
  FLASH                 00000000   00100000  000055ca  000faa36  R  X
  SRAM                  20000000   00040000  00014c21  0002b3df  RW X


SEGMENT ALLOCATION MAP

run origin  load origin   length   init length attrs members
----------  ----------- ---------- ----------- ----- -------
00000000    00000000    000055d0   000055d0    r-x
  00000000    00000000    00000200   00000200    r-- .intvecs
  00000200    00000200    00004dae   00004dae    r-x .text
  00004fb0    00004fb0    000005c4   000005c4    r-- .const
  00005578    00005578    00000058   00000058    r-- .cinit
20000000    20000000    00014c24   00000000    rw-
  20000000    20000000    0000026c   00000000    rw- .vtable
  2000026c    2000026c    00010941   00000000    rw- .bss
  20010bb0    20010bb0    00004000   00000000    rw- .stack
  20014bb0    20014bb0    00000074   00000000    rw- .data


SECTION ALLOCATION MAP

 output                                  attributes/
section   page    origin      length       input sections
--------  ----  ----------  ----------   ----------------
.intvecs   0    00000000    00000200     
                  00000000    00000200     startup_ccs.obj (.intvecs)

.text      0    00000200    00004dae     
                  00000200    000003dc     uart_comm_bbg.obj (.text:uart_packet_handler)
                  000005dc    0000030c     uartstdio.obj (.text:UARTvprintf)
                  000008e8    00000200     driverlib.lib : sysctl.obj (.text:SysCtlClockFreqSet)
                  00000ae8    000001ec     fingerprint.obj (.text:fp_access_handle)
                  00000cd4    000001dc     keypad.obj (.text:keypad_button_detect)
                  00000eb0    0000018c     keypad.obj (.text:column_handler)
                  0000103c    00000188     uartstdio.obj (.text:UARTStdioIntHandler)
                  000011c4    0000016c     queue.obj (.text:xQueueGenericReceive)
                  00001330    00000138     tasks.obj (.text:xTaskGenericCreate)
                  00001468    00000134     tasks.obj (.text:xTaskIncrementTick)
                  0000159c    00000132     driverlib.lib : gpio.obj (.text:GPIOPadConfigSet)
                  000016ce    00000002     startup_ccs.obj (.text:FaultISR)
                  000016d0    00000128     queue.obj (.text:xQueueGenericSend)
                  000017f8    00000100     keypad.obj (.text:keypad_config)
                  000018f8    000000fc     tasks.obj (.text:xTaskResumeAll)
                  000019f4    000000f4     fingerprint.obj (.text:add_fingerprint)
                  00001ae8    000000f4     tasks.obj (.text:vTaskSwitchContext)
                  00001bdc    000000f0     timer.obj (.text:timer1handler)
                  00001ccc    000000e8     timers.obj (.text:prvProcessReceivedCommands)
                  00001db4    000000e0     timer.obj (.text:timer_config)
                  00001e94    000000dc     timer.obj (.text:timer0handler)
                  00001f70    000000d8     uartstdio.obj (.text:UARTStdioConfig)
                  00002048    000000d2     portasm.obj (.text)
                  0000211a    00000002     startup_ccs.obj (.text:IntDefaultHandler)
                  0000211c    000000cc     fingerprint.obj (.text:fp_enroll)
                  000021e8    000000cc     packet.obj (.text:packet_rcv_uart)
                  000022b4    000000c8     tasks.obj (.text:vTaskPriorityInherit)
                  0000237c    000000bc     uartstdio.obj (.text:UARTwrite)
                  00002438    000000bc     queue.obj (.text:prvCopyDataToQueue)
                  000024f4    000000b8     lwiplib.obj (.text:lwIPEthernetIntHandler)
                  000025ac    000000b8     packet.obj (.text:packet_send_uart)
                  00002664    000000b8     uart_comm_bbg.obj (.text:uart_commhandler)
                  0000271c    000000ac     uart_comm_bbg.obj (.text:configureUART_bbg)
                  000027c8    000000a8     fingerprint.obj (.text:fp_start_enroll)
                  00002870    000000a8     lcd.obj (.text:lcd_init)
                  00002918    000000a8     tasks.obj (.text:xTaskPriorityDisinherit)
                  000029c0    000000a4     timers.obj (.text:prvSwitchTimerLists)
                  00002a64    000000a0     tasks.obj (.text:prvInitialiseTCBVariables)
                  00002b04    000000a0     application.obj (.text:system_init)
                  00002ba4    000000a0     queue.obj (.text:xQueueGenericReset)
                  00002c44    0000009c     rtsv7M4_T_le_v4SPD16_eabi.lib : memcpy_t2.asm.obj (.text)
                  00002ce0    00000094     uartstdio.obj (.text:UARTPrimeTransmit)
                  00002d74    00000094     sync_objects.obj (.text:sem_create)
                  00002e08    00000090     fingerprint.obj (.text:fp_cmdsend)
                  00002e98    00000090     myuart.obj (.text:uart_configure)
                  00002f28    00000090     tasks.obj (.text:xTaskRemoveFromEventList)
                  00002fb8    0000008e     fingerprint.obj (.text:fp_responsercv)
                  00003046    00000002     startup_ccs.obj (.text:NmiSR)
                  00003048    0000008c     main.obj (.text:main)
                  000030d4    0000008c     queue.obj (.text:xQueueGenericSendFromISR)
                  00003160    00000088     uart_comm_bbg.obj (.text:reset_system)
                  000031e8    00000088     tasks.obj (.text:vTaskStartScheduler)
                  00003270    00000084     timers.obj (.text:prvProcessTimerOrBlockTask)
                  000032f4    00000084     tasks.obj (.text:xTaskCheckForTimeOut)
                  00003378    00000082     queue.obj (.text:prvUnlockQueue)
                  000033fa    00000002     rtsv7M4_T_le_v4SPD16_eabi.lib : div0.asm.obj (.text)
                  000033fc    00000080     lcd.obj (.text:lcd_write_cmd)
                  0000347c    00000080     lcd.obj (.text:lcd_write_data)
                  000034fc    0000007c     checksum.obj (.text:checksum_init)
                  00003578    0000007c     sync_objects.obj (.text:mutex_create)
                  000035f4    0000007c     heap_1.obj (.text:pvPortMalloc)
                  00003670    0000007a     rtsv7M4_T_le_v4SPD16_eabi.lib : memset_t2.asm.obj (.text)
                  000036ea    00000078     packet.obj (.text:packet_make)
                  00003762    00000002     --HOLE-- [fill = 0]
                  00003764    00000078     timers.obj (.text:prvInsertTimerInActiveList)
                  000037dc    00000076     queue.obj (.text:xQueueCreateMutex)
                  00003852    00000002     --HOLE-- [fill = 0]
                  00003854    00000074     main.obj (.text:ConfigureUART)
                  000038c8    00000074     tasks.obj (.text:prvInitialiseTaskLists)
                  0000393c    00000070     tasks.obj (.text:vTaskPlaceOnEventListRestricted)
                  000039ac    00000070     queue.obj (.text:xQueueGenericCreate)
                  00003a1c    00000070     timers.obj (.text:xTimerGenericCommand)
                  00003a8c    00000068     driverlib.lib : interrupt.obj (.text:IntEnable)
                  00003af4    00000068     rtsv7M4_T_le_v4SPD16_eabi.lib : copy_decompress_lzss.c.obj (.text:decompress:lzss:__TI_decompress_lzss)
                  00003b5c    00000068     timers.obj (.text:prvCheckForValidListAndQueue)
                  00003bc4    00000068     tasks.obj (.text:prvCheckTasksWaitingTermination)
                  00003c2c    00000068     tasks.obj (.text:vTaskPlaceOnEventList)
                  00003c94    00000066     list.obj (.text:vListInsert)
                  00003cfa    00000002     --HOLE-- [fill = 0]
                  00003cfc    00000060     timers.obj (.text:prvProcessExpiredTimer)
                  00003d5c    0000005e     tasks.obj (.text:prvAllocateTCBAndStack)
                  00003dba    00000002     --HOLE-- [fill = 0]
                  00003dbc    0000005c     checksum.obj (.text:checksum_calc)
                  00003e18    0000005c     tasks.obj (.text:prvAddCurrentTaskToDelayedList)
                  00003e74    0000005c     port.obj (.text:pxPortInitialiseStack)
                  00003ed0    00000058     fingerprint.obj (.text:fp_irqhandler)
                  00003f28    00000056     driverlib.lib : gpio.obj (.text:GPIOIntTypeSet)
                  00003f7e    00000002     --HOLE-- [fill = 0]
                  00003f80    00000054     buzzer.obj (.text:buzzer_config)
                  00003fd4    00000054     led.obj (.text:led_init)
                  00004028    00000054     queue.obj (.text:vQueueWaitForMessageRestricted)
                  0000407c    00000050     lcd.obj (.text:LCD_write)
                  000040cc    0000004c     uartstdio.obj (.text:UARTFlushTx)
                  00004118    0000004c     main.obj (.text:ack_send_uart)
                  00004164    0000004c     fingerprint.obj (.text:fp_interrupt_config)
                  000041b0    0000004c     queue.obj (.text:vQueueAddToRegistry)
                  000041fc    0000004c     timers.obj (.text:xTimerCreateTimerTask)
                  00004248    0000004a     packet.obj (.text:packet_msglog_uart)
                  00004292    00000002     --HOLE-- [fill = 0]
                  00004294    00000048     driverlib.lib : gpio.obj (.text:GPIOPinConfigure)
                  000042dc    00000048                   : sysctl.obj (.text:_SysCtlFrequencyGet)
                  00004324    00000048     msg_queue.obj (.text:queue_create)
                  0000436c    00000048     list.obj (.text:uxListRemove)
                  000043b4    00000046     driverlib.lib : uart.obj (.text:UARTConfigSetExpClk)
                  000043fa    00000046     fingerprint.obj (.text:fp_checksum_calc)
                  00004440    00000044     driverlib.lib : gpio.obj (.text:_GPIOIntNumberGet)
                  00004484    00000044     rtsv7M4_T_le_v4SPD16_eabi.lib : autoinit.c.obj (.text:__TI_auto_init_nobinit_nopinit:__TI_auto_init_nobinit_nopinit)
                  000044c8    00000044     port.obj (.text:xPortStartScheduler)
                  0000450c    00000040     driverlib.lib : uart.obj (.text:_UARTIntNumberGet)
                  0000454c    00000040     buzzer.obj (.text:buzzer_dutycycle)
                  0000458c    00000040     main.obj (.text:fp_get_enrollcount)
                  000045cc    00000040     rtsv7M4_T_le_v4SPD16_eabi.lib : u_divt2.asm.obj (.text)
                  0000460c    0000003c     uartstdio.obj (.text:IsBufferFull)
                  00004648    0000003c     queue.obj (.text:prvCopyDataFromQueue)
                  00004684    0000003c     tasks.obj (.text:prvResetNextTaskUnblockTime)
                  000046c0    0000003c     list.obj (.text:vListInsertEnd)
                  000046fc    00000038     driverlib.lib : sysctl.obj (.text:SysCtlPeripheralReady)
                  00004734    00000038     rtsv7M4_T_le_v4SPD16_eabi.lib : boot_cortex_m.c.obj (.text:_c_int00_noargs:_c_int00_noargs)
                  0000476c    00000038     timers.obj (.text:prvGetNextExpireTime)
                  000047a4    00000034     driverlib.lib : interrupt.obj (.text:IntRegister)
                  000047d8    00000034                   : sysctl.obj (.text:SysCtlPeripheralEnable)
                  0000480c    00000034     uartstdio.obj (.text:UARTFlushRx)
                  00004840    00000034     timers.obj (.text:prvSampleTimeNow)
                  00004874    00000030     timer.obj (.text:reset_timer)
                  000048a4    00000030     list.obj (.text:vListInitialise)
                  000048d4    00000030     tasks.obj (.text:xTaskGetSchedulerState)
                  00004904    0000002c     driverlib.lib : emac.obj (.text:EMACIntStatus)
                  00004930    0000002c     uartstdio.obj (.text:IsBufferEmpty)
                  0000495c    0000002c     port.obj (.text:xPortSysTickHandler)
                  00004988    0000002a     driverlib.lib : gpio.obj (.text:GPIODirModeSet)
                  000049b2    00000002     --HOLE-- [fill = 0]
                  000049b4    00000028     keypad.obj (.text:keypad_interrupt_enable)
                  000049dc    00000026     queue.obj (.text:prvIsQueueFull)
                  00004a02    00000026     myuart.obj (.text:uart_comm_flushRX)
                  00004a28    00000024     uartstdio.obj (.text:UARTprintf)
                  00004a4c    00000024     buzzer.obj (.text:buzzer_onoff)
                  00004a70    00000024     timer.obj (.text:enable_timer_int)
                  00004a94    00000024     port.obj (.text:vPortEnterCritical)
                  00004ab8    00000024     tasks.obj (.text:vTaskSetTimeOutState)
                  00004adc    00000022     driverlib.lib : pwm.obj (.text:PWMGenConfigure)
                  00004afe    00000002     --HOLE-- [fill = 0]
                  00004b00    00000020                   : uart.obj (.text:UARTDisable)
                  00004b20    00000020                   : sysctl.obj (.text:_SysCtlMemTimingGet)
                  00004b40    00000020     main.obj (.text:delay_ms)
                  00004b60    00000020     main.obj (.text:fp_led_status)
                  00004b80    00000020     queue.obj (.text:prvIsQueueEmpty)
                  00004ba0    0000001e     driverlib.lib : pwm.obj (.text:PWMPulseWidthSet)
                  00004bbe    0000001c     main.obj (.text:fp_capture)
                  00004bda    00000002     --HOLE-- [fill = 0]
                  00004bdc    0000001c     tasks.obj (.text:pvTaskIncrementMutexHeldCount)
                  00004bf8    0000001c     port.obj (.text:vPortExitCritical)
                  00004c14    0000001c     port.obj (.text:vPortSetupTimerInterrupt)
                  00004c30    0000001a     timers.obj (.text:prvTimerTask)
                  00004c4a    0000001a     myuart.obj (.text:uart_send)
                  00004c64    00000018     driverlib.lib : gpio.obj (.text:GPIOIntRegister)
                  00004c7c    00000018                   : gpio.obj (.text:GPIOPinTypeGPIOOutput)
                  00004c94    00000018                   : uart.obj (.text:UARTIntRegister)
                  00004cac    00000018     timer.obj (.text:disable_timer)
                  00004cc4    00000018     fingerprint.obj (.text:fp_init)
                  00004cdc    00000016     main.obj (.text:fp_deleteall)
                  00004cf2    00000016     fingerprint.obj (.text:fp_identify)
                  00004d08    00000016     main.obj (.text:fp_isfingerpress)
                  00004d1e    00000016     main.obj (.text:fp_open)
                  00004d34    00000014     driverlib.lib : sysctl.obj (.text:SysCtlPWMClockSet)
                  00004d48    00000014                   : uart.obj (.text:UARTEnable)
                  00004d5c    00000014     tasks.obj (.text:prvDeleteTCB)
                  00004d70    00000014     rtsv7M4_T_le_v4SPD16_eabi.lib : strlen.c.obj (.text:strlen)
                  00004d84    00000014     tasks.obj (.text:xTaskGetTickCount)
                  00004d98    00000012     driverlib.lib : gpio.obj (.text:GPIOPinTypeGPIOInput)
                  00004daa    00000012                   : gpio.obj (.text:GPIOPinTypePWM)
                  00004dbc    00000012                   : pwm.obj (.text:PWMGenPeriodGet)
                  00004dce    00000012                   : pwm.obj (.text:PWMOutputState)
                  00004de0    00000010                   : interrupt.obj (.text:IntMasterDisable)
                  00004df0    00000010                   : interrupt.obj (.text:IntMasterEnable)
                  00004e00    00000010                   : pwm.obj (.text:PWMGenPeriodSet)
                  00004e10    00000010     main.obj (.text:fp_interrupt_disable)
                  00004e20    00000010     main.obj (.text:fp_interrupt_enable)
                  00004e30    00000010     port.obj (.text:prvTaskExitError)
                  00004e40    00000010     main.obj (.text:uart_busy)
                  00004e50    00000010     list.obj (.text:vListInitialiseItem)
                  00004e60    00000010     tasks.obj (.text:vTaskSuspendAll)
                  00004e70    0000000e     driverlib.lib : gpio.obj (.text:GPIOIntDisable)
                  00004e7e    0000000e                   : gpio.obj (.text:GPIOIntStatus)
                  00004e8c    0000000e                   : uart.obj (.text:UARTCharGetNonBlocking)
                  00004e9a    0000000e                   : uart.obj (.text:UARTCharsAvail)
                  00004ea8    0000000e     rtsv7M4_T_le_v4SPD16_eabi.lib : copy_decompress_none.c.obj (.text:decompress:none:__TI_decompress_none)
                  00004eb6    0000000c     driverlib.lib : cpu.obj (.text:CPUcpsid)
                  00004ec2    0000000c                   : cpu.obj (.text:CPUcpsie)
                  00004ece    0000000c                   : gpio.obj (.text:GPIOIntEnable)
                  00004eda    0000000c                   : pwm.obj (.text:PWMGenDisable)
                  00004ee6    0000000c                   : pwm.obj (.text:PWMGenEnable)
                  00004ef2    0000000c                   : uart.obj (.text:UARTTxIntModeSet)
                  00004efe    0000000c     rtsv7M4_T_le_v4SPD16_eabi.lib : copy_zero_init.c.obj (.text:decompress:ZI:__TI_zero_init)
                  00004f0a    0000000c     myuart.obj (.text:uart_comm_flushTX)
                  00004f16    00000002     --HOLE-- [fill = 0]
                  00004f18    0000000c     tasks.obj (.text:vTaskMissedYield)
                  00004f24    0000000a     driverlib.lib : uart.obj (.text:UARTCharGet)
                  00004f2e    0000000a                   : uart.obj (.text:UARTCharPut)
                  00004f38    0000000a                   : uart.obj (.text:UARTIntStatus)
                  00004f42    0000000a     tasks.obj (.text:prvIdleTask)
                  00004f4c    0000000a     main.obj (.text:vApplicationStackOverflowHook)
                  00004f56    0000000a     heap_1.obj (.text:vPortFree)
                  00004f60    00000008     driverlib.lib : emac.obj (.text:EMACPowerManagementStatusGet)
                  00004f68    00000008                   : uart.obj (.text:UARTBusy)
                  00004f70    00000008                   : uart.obj (.text:UARTIntEnable)
                  00004f78    00000006                   : emac.obj (.text:EMACTimestampIntStatus)
                  00004f7e    00000006                   : gpio.obj (.text:GPIOIntClear)
                  00004f84    00000006                   : gpio.obj (.text:GPIOPinRead)
                  00004f8a    00000006                   : gpio.obj (.text:GPIOPinWrite)
                  00004f90    00000006     startup_ccs.obj (.text:ResetISR)
                  00004f96    00000006     driverlib.lib : sysctl.obj (.text:SysCtlDelay)
                  00004f9c    00000006                   : uart.obj (.text:UARTClockSourceSet)
                  00004fa2    00000004                   : uart.obj (.text:UARTIntClear)
                  00004fa6    00000004     rtsv7M4_T_le_v4SPD16_eabi.lib : pre_init.c.obj (.text:_system_pre_init)
                  00004faa    00000004                                   : exit.c.obj (.text:abort:abort)

.const     0    00004fb0    000005c4     
                  00004fb0    000001b0     driverlib.lib : sysctl.obj (.const:g_pppui32XTALtoVCO)
                  00005160    000000d8                   : gpio.obj (.const:g_ppui32GPIOIntMapSnowflake)
                  00005238    000000c0                   : gpio.obj (.const:g_ppui32GPIOIntMapBlizzard)
                  000052f8    00000090                   : gpio.obj (.const:g_pui32GPIOBaseAddrs)
                  00005388    00000070                   : interrupt.obj (.const)
                  000053f8    0000006c                   : sysctl.obj (.const:g_pui32Xtals)
                  00005464    00000040                   : uart.obj (.const:g_ppui32UARTIntMap)
                  000054a4    00000040                   : uart.obj (.const:g_ppui32UARTIntMapSnowflake)
                  000054e4    00000030                   : sysctl.obj (.const:g_sXTALtoMEMTIM)
                  00005514    00000012     uartstdio.obj (.const:.string)
                  00005526    0000000c     fingerprint.obj (.const:.string:$P$T0$1)
                  00005532    0000000c     fingerprint.obj (.const:.string:$P$T1$2)
                  0000553e    00000002     --HOLE-- [fill = 0]
                  00005540    0000000c     uartstdio.obj (.const:g_ui32UARTBase)
                  0000554c    0000000c     uartstdio.obj (.const:g_ui32UARTInt)
                  00005558    0000000c     uartstdio.obj (.const:g_ui32UARTPeriph)
                  00005564    00000008     driverlib.lib : sysctl.obj (.const)
                  0000556c    00000004     port.obj (.const)
                  00005570    00000004     uartstdio.obj (.const)

.cinit     0    00005578    00000058     
                  00005578    00000020     (.cinit..data.load) [load image, compression = lzss]
                  00005598    0000000c     (__TI_handler_table)
                  000055a4    00000004     --HOLE-- [fill = 0]
                  000055a8    00000008     (.cinit..bss.load) [load image, compression = zero_init]
                  000055b0    00000008     (.cinit..vtable.load) [load image, compression = zero_init]
                  000055b8    00000018     (__TI_cinit_table)

.init_array 
*          0    00000000    00000000     UNINITIALIZED

.vtable    0    20000000    0000026c     UNINITIALIZED
                  20000000    0000026c     driverlib.lib : interrupt.obj (.vtable)

.bss       0    2000026c    00010941     UNINITIALIZED
                  2000026c    00010000     heap_1.obj (.bss:ucHeap)
                  2001026c    00000400     uartstdio.obj (.bss:g_pcUARTTxBuffer)
                  2001066c    00000200     (.common:crcTable)
                  2001086c    00000140     tasks.obj (.bss:pxReadyTasksLists)
                  200109ac    00000080     uartstdio.obj (.bss:g_pcUARTRxBuffer)
                  20010a2c    00000064     lwiplib.obj (.bss)
                  20010a90    00000050     (.common:xQueueRegistry)
                  20010ae0    00000014     timers.obj (.bss:xActiveTimerList1)
                  20010af4    00000014     timers.obj (.bss:xActiveTimerList2)
                  20010b08    00000014     tasks.obj (.bss:xDelayedTaskList1)
                  20010b1c    00000014     tasks.obj (.bss:xDelayedTaskList2)
                  20010b30    00000014     tasks.obj (.bss:xPendingReadyList)
                  20010b44    00000014     tasks.obj (.bss:xSuspendedTaskList)
                  20010b58    00000014     tasks.obj (.bss:xTasksWaitingTermination)
                  20010b6c    00000008     tasks.obj (.bss)
                  20010b74    00000008     timers.obj (.bss)
                  20010b7c    00000008     uartstdio.obj (.bss)
                  20010b84    00000004     (.common:g_led)
                  20010b88    00000004     (.common:g_pfnTimerHandler)
                  20010b8c    00000004     (.common:g_qsem)
                  20010b90    00000004     (.common:g_temp)
                  20010b94    00000004     (.common:g_uartsem)
                  20010b98    00000004     (.common:g_ui32SysClock)
                  20010b9c    00000004     (.common:g_vulRunTimeStatsCountValue)
                  20010ba0    00000004     (.common:nrf_log_mq)
                  20010ba4    00000004     (.common:otp_arr)
                  20010ba8    00000001     timer.obj (.bss)
                  20010ba9    00000001     uart_comm_bbg.obj (.bss)
                  20010baa    00000001     (.common:otp_count)
                  20010bab    00000001     (.common:otp_flag)
                  20010bac    00000001     (.common:otp_retries)

.data      0    20014bb0    00000074     UNINITIALIZED
                  20014bb0    00000038     tasks.obj (.data)
                  20014be8    00000015     uartstdio.obj (.data)
                  20014bfd    00000010     keypad.obj (.data:keypad_digits)
                  20014c0d    00000003     --HOLE--
                  20014c10    00000008     heap_1.obj (.data)
                  20014c18    00000008     timers.obj (.data)
                  20014c20    00000004     port.obj (.data)

.stack     0    20010bb0    00004000     UNINITIALIZED
                  20010bb0    00000004     rtsv7M4_T_le_v4SPD16_eabi.lib : boot_cortex_m.c.obj (.stack)
                  20010bb4    00003ffc     --HOLE--

MODULE SUMMARY

       Module                       code    ro data   rw data
       ------                       ----    -------   -------
    .\
       main.obj                     612     0         547    
       startup_ccs.obj              12      512       0      
    +--+----------------------------+-------+---------+---------+
       Total:                       624     512       547    
                                                             
    .\src\
       fingerprint.obj              1674    24        0      
       uart_comm_bbg.obj            1480    0         1      
       keypad.obj                   1168    0         16     
       timer.obj                    792     0         1      
       packet.obj                   582     0         0      
       lcd.obj                      504     0         0      
       sync_objects.obj             272     0         0      
       myuart.obj                   220     0         0      
       checksum.obj                 216     0         0      
       buzzer.obj                   184     0         0      
       application.obj              160     0         0      
       led.obj                      84      0         0      
       msg_queue.obj                72      0         0      
    +--+----------------------------+-------+---------+---------+
       Total:                       7408    24        18     
                                                             
    .\third_party\FreeRTOS\Source\
       tasks.obj                    2928    0         484    
       queue.obj                    1798    0         80     
       timers.obj                   1170    0         56     
       list.obj                     298     0         0      
    +--+----------------------------+-------+---------+---------+
       Total:                       6194    0         620    
                                                             
    .\third_party\FreeRTOS\Source\portable\CCS\ARM_CM4F\
       port.obj                     312     4         4      
       portasm.obj                  210     0         0      
    +--+----------------------------+-------+---------+---------+
       Total:                       522     4         4      
                                                             
    .\third_party\FreeRTOS\Source\portable\MemMang\
       heap_1.obj                   134     0         65544  
    +--+----------------------------+-------+---------+---------+
       Total:                       134     0         65544  
                                                             
    .\utils\
       uartstdio.obj                1992    58        1181   
       lwiplib.obj                  184     0         104    
    +--+----------------------------+-------+---------+---------+
       Total:                       2176    58        1285   
                                                             
    C:/ti/TivaWare_C_Series-2.1.4.178/driverlib/ccs/Debug/driverlib.lib
       sysctl.obj                   750     596       0      
       gpio.obj                     716     552       0      
       interrupt.obj                188     112       620    
       uart.obj                     306     128       0      
       pwm.obj                      140     0         0      
       emac.obj                     58      0         0      
       cpu.obj                      24      0         0      
    +--+----------------------------+-------+---------+---------+
       Total:                       2182    1388      620    
                                                             
    C:\ti\ccsv8\tools\compiler\ti-cgt-arm_18.1.4.LTS\lib\rtsv7M4_T_le_v4SPD16_eabi.lib
       memcpy_t2.asm.obj            156     0         0      
       memset_t2.asm.obj            122     0         0      
       copy_decompress_lzss.c.obj   104     0         0      
       autoinit.c.obj               68      0         0      
       u_divt2.asm.obj              64      0         0      
       boot_cortex_m.c.obj          56      0         0      
       strlen.c.obj                 20      0         0      
       copy_decompress_none.c.obj   14      0         0      
       copy_zero_init.c.obj         12      0         0      
       exit.c.obj                   4       0         0      
       pre_init.c.obj               4       0         0      
       div0.asm.obj                 2       0         0      
    +--+----------------------------+-------+---------+---------+
       Total:                       626     0         0      
                                                             
       Stack:                       0       0         16384  
       Linker Generated:            0       84        0      
    +--+----------------------------+-------+---------+---------+
       Grand Total:                 19866   2070      85022  


LINKER GENERATED COPY TABLES

__TI_cinit_table @ 000055b8 records: 3, size/record: 8, table size: 24
	.data: load addr=00005578, load size=00000020 bytes, run addr=20014bb0, run size=00000074 bytes, compression=lzss
	.bss: load addr=000055a8, load size=00000008 bytes, run addr=2000026c, run size=00010941 bytes, compression=zero_init
	.vtable: load addr=000055b0, load size=00000008 bytes, run addr=20000000, run size=0000026c bytes, compression=zero_init


LINKER GENERATED HANDLER TABLE

__TI_handler_table @ 00005598 records: 3, size/record: 4, table size: 12
	index: 0, handler: __TI_zero_init
	index: 1, handler: __TI_decompress_lzss
	index: 2, handler: __TI_decompress_none


GLOBAL SYMBOLS: SORTED ALPHABETICALLY BY Name 

address   name                           
-------   ----                           
00004fab  C$$EXIT                        
00004eb7  CPUcpsid                       
00004ec3  CPUcpsie                       
00003855  ConfigureUART                  
00004905  EMACIntStatus                  
00004f61  EMACPowerManagementStatusGet   
00004f79  EMACTimestampIntStatus         
00004989  GPIODirModeSet                 
00004f7f  GPIOIntClear                   
00004e71  GPIOIntDisable                 
00004ecf  GPIOIntEnable                  
00004c65  GPIOIntRegister                
00004e7f  GPIOIntStatus                  
00003f29  GPIOIntTypeSet                 
0000159d  GPIOPadConfigSet               
00004295  GPIOPinConfigure               
00004f85  GPIOPinRead                    
00004d99  GPIOPinTypeGPIOInput           
00004c7d  GPIOPinTypeGPIOOutput          
00004dab  GPIOPinTypePWM                 
00004f8b  GPIOPinWrite                   
00003a8d  IntEnable                      
00004de1  IntMasterDisable               
00004df1  IntMasterEnable                
000047a5  IntRegister                    
0000407d  LCD_write                      
00004add  PWMGenConfigure                
00004edb  PWMGenDisable                  
00004ee7  PWMGenEnable                   
00004dbd  PWMGenPeriodGet                
00004e01  PWMGenPeriodSet                
00004dcf  PWMOutputState                 
00004ba1  PWMPulseWidthSet               
00004f91  ResetISR                       
000008e9  SysCtlClockFreqSet             
00004f97  SysCtlDelay                    
00004d35  SysCtlPWMClockSet              
000047d9  SysCtlPeripheralEnable         
000046fd  SysCtlPeripheralReady          
00004f69  UARTBusy                       
00004f25  UARTCharGet                    
00004e8d  UARTCharGetNonBlocking         
00004f2f  UARTCharPut                    
00004e9b  UARTCharsAvail                 
00004f9d  UARTClockSourceSet             
000043b5  UARTConfigSetExpClk            
00004b01  UARTDisable                    
00004d49  UARTEnable                     
0000480d  UARTFlushRx                    
000040cd  UARTFlushTx                    
00004fa3  UARTIntClear                   
00004f71  UARTIntEnable                  
00004c95  UARTIntRegister                
00004f39  UARTIntStatus                  
00001f71  UARTStdioConfig                
0000103d  UARTStdioIntHandler            
00004ef3  UARTTxIntModeSet               
00004a29  UARTprintf                     
000005dd  UARTvprintf                    
0000237d  UARTwrite                      
20014bb0  __STACK_END                    
00004000  __STACK_SIZE                   
20014bb0  __STACK_TOP                    
000055b8  __TI_CINIT_Base                
000055d0  __TI_CINIT_Limit               
00005598  __TI_Handler_Table_Base        
000055a4  __TI_Handler_Table_Limit       
00004485  __TI_auto_init_nobinit_nopinit 
00003af5  __TI_decompress_lzss           
00004ea9  __TI_decompress_none           
ffffffff  __TI_pprof_out_hndl            
ffffffff  __TI_prof_data_size            
ffffffff  __TI_prof_data_start           
00000000  __TI_static_base__             
00004eff  __TI_zero_init                 
000033fb  __aeabi_idiv0                  
000033fb  __aeabi_ldiv0                  
00003671  __aeabi_memclr                 
00003671  __aeabi_memclr4                
00003671  __aeabi_memclr8                
00002c45  __aeabi_memcpy                 
00002c45  __aeabi_memcpy4                
00002c45  __aeabi_memcpy8                
00003673  __aeabi_memset                 
00003673  __aeabi_memset4                
00003673  __aeabi_memset8                
000045cd  __aeabi_uidiv                  
000045cd  __aeabi_uidivmod               
ffffffff  __binit__                      
ffffffff  __c_args__                     
UNDEFED   __mpu_init                     
20010bb0  __stack                        
00004735  _c_int00_noargs                
UNDEFED   _system_post_cinit             
00004fa7  _system_pre_init               
00004fab  abort                          
00004119  ack_send_uart                  
000019f5  add_fingerprint                
ffffffff  binit                          
00003f81  buzzer_config                  
0000454d  buzzer_dutycycle               
00004a4d  buzzer_onoff                   
00003dbd  checksum_calc                  
000034fd  checksum_init                  
00000eb1  column_handler                 
0000271d  configureUART_bbg              
2001066c  crcTable                       
00004b41  delay_ms                       
00004cad  disable_timer                  
00004a71  enable_timer_int               
00000ae9  fp_access_handle               
00004bbf  fp_capture                     
000043fb  fp_checksum_calc               
00002e09  fp_cmdsend                     
00004cdd  fp_deleteall                   
0000211d  fp_enroll                      
0000458d  fp_get_enrollcount             
00004cf3  fp_identify                    
00004cc5  fp_init                        
00004165  fp_interrupt_config            
00004e11  fp_interrupt_disable           
00004e21  fp_interrupt_enable            
00003ed1  fp_irqhandler                  
00004d09  fp_isfingerpress               
00004b61  fp_led_status                  
00004d1f  fp_open                        
00002fb9  fp_responsercv                 
000027c9  fp_start_enroll                
20010b84  g_led                          
20000000  g_pfnRAMVectors                
20010b88  g_pfnTimerHandler              
00000000  g_pfnVectors                   
20010b8c  g_qsem                         
20010b90  g_temp                         
20010b94  g_uartsem                      
20010b98  g_ui32SysClock                 
20010b9c  g_vulRunTimeStatsCountValue    
00000cd5  keypad_button_detect           
000017f9  keypad_config                  
20014bfd  keypad_digits                  
000049b5  keypad_interrupt_enable        
00002871  lcd_init                       
000033fd  lcd_write_cmd                  
0000347d  lcd_write_data                 
00003fd5  led_init                       
000024f5  lwIPEthernetIntHandler         
00003049  main                           
00002c45  memcpy                         
00003679  memset                         
00003579  mutex_create                   
20010ba0  nrf_log_mq                     
20010ba4  otp_arr                        
20010baa  otp_count                      
20010bab  otp_flag                       
20010bac  otp_retries                    
000036eb  packet_make                    
00004249  packet_msglog_uart             
000021e9  packet_rcv_uart                
000025ad  packet_send_uart               
000035f5  pvPortMalloc                   
00004bdd  pvTaskIncrementMutexHeldCount  
20014bb0  pxCurrentTCB                   
00003e75  pxPortInitialiseStack          
00004325  queue_create                   
00003161  reset_system                   
00004875  reset_timer                    
00002d75  sem_create                     
00004d71  strlen                         
00002b05  system_init                    
00001e95  timer0handler                  
00001bdd  timer1handler                  
00001db5  timer_config                   
00004e41  uart_busy                      
00004a03  uart_comm_flushRX              
00004f0b  uart_comm_flushTX              
00002665  uart_commhandler               
00002e99  uart_configure                 
00000201  uart_packet_handler            
00004c4b  uart_send                      
0000556c  ulMaxSyscallInterruptPriority  
00002059  ulPortGetIPSR                  
0000436d  uxListRemove                   
00004f4d  vApplicationStackOverflowHook  
000048a5  vListInitialise                
00004e51  vListInitialiseItem            
00003c95  vListInsert                    
000046c1  vListInsertEnd                 
0000210d  vPortEnableVFP                 
00004a95  vPortEnterCritical             
00004bf9  vPortExitCritical              
00004f57  vPortFree                      
000020d1  vPortSVCHandler                
00004c15  vPortSetupTimerInterrupt       
000020f1  vPortStartFirstTask            
000041b1  vQueueAddToRegistry            
00004029  vQueueWaitForMessageRestricted 
00004f19  vTaskMissedYield               
00003c2d  vTaskPlaceOnEventList          
0000393d  vTaskPlaceOnEventListRestricted
000022b5  vTaskPriorityInherit           
00004ab9  vTaskSetTimeOutState           
000031e9  vTaskStartScheduler            
00004e61  vTaskSuspendAll                
00001ae9  vTaskSwitchContext             
00002071  xPortPendSVHandler             
000044c9  xPortStartScheduler            
0000495d  xPortSysTickHandler            
000037dd  xQueueCreateMutex              
000039ad  xQueueGenericCreate            
000011c5  xQueueGenericReceive           
00002ba5  xQueueGenericReset             
000016d1  xQueueGenericSend              
000030d5  xQueueGenericSendFromISR       
20010a90  xQueueRegistry                 
000032f5  xTaskCheckForTimeOut           
00001331  xTaskGenericCreate             
000048d5  xTaskGetSchedulerState         
00004d85  xTaskGetTickCount              
00001469  xTaskIncrementTick             
00002919  xTaskPriorityDisinherit        
00002f29  xTaskRemoveFromEventList       
000018f9  xTaskResumeAll                 
000041fd  xTimerCreateTimerTask          
00003a1d  xTimerGenericCommand           


GLOBAL SYMBOLS: SORTED BY Symbol Address 

address   name                           
-------   ----                           
00000000  __TI_static_base__             
00000000  g_pfnVectors                   
00000201  uart_packet_handler            
000005dd  UARTvprintf                    
000008e9  SysCtlClockFreqSet             
00000ae9  fp_access_handle               
00000cd5  keypad_button_detect           
00000eb1  column_handler                 
0000103d  UARTStdioIntHandler            
000011c5  xQueueGenericReceive           
00001331  xTaskGenericCreate             
00001469  xTaskIncrementTick             
0000159d  GPIOPadConfigSet               
000016d1  xQueueGenericSend              
000017f9  keypad_config                  
000018f9  xTaskResumeAll                 
000019f5  add_fingerprint                
00001ae9  vTaskSwitchContext             
00001bdd  timer1handler                  
00001db5  timer_config                   
00001e95  timer0handler                  
00001f71  UARTStdioConfig                
00002059  ulPortGetIPSR                  
00002071  xPortPendSVHandler             
000020d1  vPortSVCHandler                
000020f1  vPortStartFirstTask            
0000210d  vPortEnableVFP                 
0000211d  fp_enroll                      
000021e9  packet_rcv_uart                
000022b5  vTaskPriorityInherit           
0000237d  UARTwrite                      
000024f5  lwIPEthernetIntHandler         
000025ad  packet_send_uart               
00002665  uart_commhandler               
0000271d  configureUART_bbg              
000027c9  fp_start_enroll                
00002871  lcd_init                       
00002919  xTaskPriorityDisinherit        
00002b05  system_init                    
00002ba5  xQueueGenericReset             
00002c45  __aeabi_memcpy                 
00002c45  __aeabi_memcpy4                
00002c45  __aeabi_memcpy8                
00002c45  memcpy                         
00002d75  sem_create                     
00002e09  fp_cmdsend                     
00002e99  uart_configure                 
00002f29  xTaskRemoveFromEventList       
00002fb9  fp_responsercv                 
00003049  main                           
000030d5  xQueueGenericSendFromISR       
00003161  reset_system                   
000031e9  vTaskStartScheduler            
000032f5  xTaskCheckForTimeOut           
000033fb  __aeabi_idiv0                  
000033fb  __aeabi_ldiv0                  
000033fd  lcd_write_cmd                  
0000347d  lcd_write_data                 
000034fd  checksum_init                  
00003579  mutex_create                   
000035f5  pvPortMalloc                   
00003671  __aeabi_memclr                 
00003671  __aeabi_memclr4                
00003671  __aeabi_memclr8                
00003673  __aeabi_memset                 
00003673  __aeabi_memset4                
00003673  __aeabi_memset8                
00003679  memset                         
000036eb  packet_make                    
000037dd  xQueueCreateMutex              
00003855  ConfigureUART                  
0000393d  vTaskPlaceOnEventListRestricted
000039ad  xQueueGenericCreate            
00003a1d  xTimerGenericCommand           
00003a8d  IntEnable                      
00003af5  __TI_decompress_lzss           
00003c2d  vTaskPlaceOnEventList          
00003c95  vListInsert                    
00003dbd  checksum_calc                  
00003e75  pxPortInitialiseStack          
00003ed1  fp_irqhandler                  
00003f29  GPIOIntTypeSet                 
00003f81  buzzer_config                  
00003fd5  led_init                       
00004000  __STACK_SIZE                   
00004029  vQueueWaitForMessageRestricted 
0000407d  LCD_write                      
000040cd  UARTFlushTx                    
00004119  ack_send_uart                  
00004165  fp_interrupt_config            
000041b1  vQueueAddToRegistry            
000041fd  xTimerCreateTimerTask          
00004249  packet_msglog_uart             
00004295  GPIOPinConfigure               
00004325  queue_create                   
0000436d  uxListRemove                   
000043b5  UARTConfigSetExpClk            
000043fb  fp_checksum_calc               
00004485  __TI_auto_init_nobinit_nopinit 
000044c9  xPortStartScheduler            
0000454d  buzzer_dutycycle               
0000458d  fp_get_enrollcount             
000045cd  __aeabi_uidiv                  
000045cd  __aeabi_uidivmod               
000046c1  vListInsertEnd                 
000046fd  SysCtlPeripheralReady          
00004735  _c_int00_noargs                
000047a5  IntRegister                    
000047d9  SysCtlPeripheralEnable         
0000480d  UARTFlushRx                    
00004875  reset_timer                    
000048a5  vListInitialise                
000048d5  xTaskGetSchedulerState         
00004905  EMACIntStatus                  
0000495d  xPortSysTickHandler            
00004989  GPIODirModeSet                 
000049b5  keypad_interrupt_enable        
00004a03  uart_comm_flushRX              
00004a29  UARTprintf                     
00004a4d  buzzer_onoff                   
00004a71  enable_timer_int               
00004a95  vPortEnterCritical             
00004ab9  vTaskSetTimeOutState           
00004add  PWMGenConfigure                
00004b01  UARTDisable                    
00004b41  delay_ms                       
00004b61  fp_led_status                  
00004ba1  PWMPulseWidthSet               
00004bbf  fp_capture                     
00004bdd  pvTaskIncrementMutexHeldCount  
00004bf9  vPortExitCritical              
00004c15  vPortSetupTimerInterrupt       
00004c4b  uart_send                      
00004c65  GPIOIntRegister                
00004c7d  GPIOPinTypeGPIOOutput          
00004c95  UARTIntRegister                
00004cad  disable_timer                  
00004cc5  fp_init                        
00004cdd  fp_deleteall                   
00004cf3  fp_identify                    
00004d09  fp_isfingerpress               
00004d1f  fp_open                        
00004d35  SysCtlPWMClockSet              
00004d49  UARTEnable                     
00004d71  strlen                         
00004d85  xTaskGetTickCount              
00004d99  GPIOPinTypeGPIOInput           
00004dab  GPIOPinTypePWM                 
00004dbd  PWMGenPeriodGet                
00004dcf  PWMOutputState                 
00004de1  IntMasterDisable               
00004df1  IntMasterEnable                
00004e01  PWMGenPeriodSet                
00004e11  fp_interrupt_disable           
00004e21  fp_interrupt_enable            
00004e41  uart_busy                      
00004e51  vListInitialiseItem            
00004e61  vTaskSuspendAll                
00004e71  GPIOIntDisable                 
00004e7f  GPIOIntStatus                  
00004e8d  UARTCharGetNonBlocking         
00004e9b  UARTCharsAvail                 
00004ea9  __TI_decompress_none           
00004eb7  CPUcpsid                       
00004ec3  CPUcpsie                       
00004ecf  GPIOIntEnable                  
00004edb  PWMGenDisable                  
00004ee7  PWMGenEnable                   
00004ef3  UARTTxIntModeSet               
00004eff  __TI_zero_init                 
00004f0b  uart_comm_flushTX              
00004f19  vTaskMissedYield               
00004f25  UARTCharGet                    
00004f2f  UARTCharPut                    
00004f39  UARTIntStatus                  
00004f4d  vApplicationStackOverflowHook  
00004f57  vPortFree                      
00004f61  EMACPowerManagementStatusGet   
00004f69  UARTBusy                       
00004f71  UARTIntEnable                  
00004f79  EMACTimestampIntStatus         
00004f7f  GPIOIntClear                   
00004f85  GPIOPinRead                    
00004f8b  GPIOPinWrite                   
00004f91  ResetISR                       
00004f97  SysCtlDelay                    
00004f9d  UARTClockSourceSet             
00004fa3  UARTIntClear                   
00004fa7  _system_pre_init               
00004fab  C$$EXIT                        
00004fab  abort                          
0000556c  ulMaxSyscallInterruptPriority  
00005598  __TI_Handler_Table_Base        
000055a4  __TI_Handler_Table_Limit       
000055b8  __TI_CINIT_Base                
000055d0  __TI_CINIT_Limit               
20000000  g_pfnRAMVectors                
2001066c  crcTable                       
20010a90  xQueueRegistry                 
20010b84  g_led                          
20010b88  g_pfnTimerHandler              
20010b8c  g_qsem                         
20010b90  g_temp                         
20010b94  g_uartsem                      
20010b98  g_ui32SysClock                 
20010b9c  g_vulRunTimeStatsCountValue    
20010ba0  nrf_log_mq                     
20010ba4  otp_arr                        
20010baa  otp_count                      
20010bab  otp_flag                       
20010bac  otp_retries                    
20010bb0  __stack                        
20014bb0  __STACK_END                    
20014bb0  __STACK_TOP                    
20014bb0  pxCurrentTCB                   
20014bfd  keypad_digits                  
ffffffff  __TI_pprof_out_hndl            
ffffffff  __TI_prof_data_size            
ffffffff  __TI_prof_data_start           
ffffffff  __binit__                      
ffffffff  __c_args__                     
ffffffff  binit                          
UNDEFED   __mpu_init                     
UNDEFED   _system_post_cinit             

[224 symbols]
