******************************************************************************
                  TI ARM Linker PC v18.1.4                     
******************************************************************************
>> Linked Mon Apr 29 23:44:29 2019

OUTPUT FILE NAME:   <remote_node.out>
ENTRY POINT SYMBOL: "_c_int00_noargs"  address: 00004ad5


MEMORY CONFIGURATION

         name            origin    length      used     unused   attr    fill
----------------------  --------  ---------  --------  --------  ----  --------
  FLASH                 00000000   00100000  00005982  000fa67e  R  X
  SRAM                  20000000   00040000  00014c23  0002b3dd  RW X


SEGMENT ALLOCATION MAP

run origin  load origin   length   init length attrs members
----------  ----------- ---------- ----------- ----- -------
00000000    00000000    00005988   00005988    r-x
  00000000    00000000    00000200   00000200    r-- .intvecs
  00000200    00000200    00005166   00005166    r-x .text
  00005368    00005368    000005c4   000005c4    r-- .const
  00005930    00005930    00000058   00000058    r-- .cinit
20000000    20000000    00014c24   00000000    rw-
  20000000    20000000    0000026c   00000000    rw- .vtable
  2000026c    2000026c    00010943   00000000    rw- .bss
  20010bb0    20010bb0    00004000   00000000    rw- .stack
  20014bb0    20014bb0    00000074   00000000    rw- .data


SECTION ALLOCATION MAP

 output                                  attributes/
section   page    origin      length       input sections
--------  ----  ----------  ----------   ----------------
.intvecs   0    00000000    00000200     
                  00000000    00000200     startup_ccs.obj (.intvecs)

.text      0    00000200    00005166     
                  00000200    000003dc     uart_comm_bbg.obj (.text:uart_packet_handler)
                  000005dc    0000030c     uartstdio.obj (.text:UARTvprintf)
                  000008e8    00000238     keypad.obj (.text:column_handler)
                  00000b20    00000200     driverlib.lib : sysctl.obj (.text:SysCtlClockFreqSet)
                  00000d20    000001ec     fingerprint.obj (.text:fp_access_handle)
                  00000f0c    000001dc     keypad.obj (.text:keypad_button_detect)
                  000010e8    00000188     uartstdio.obj (.text:UARTStdioIntHandler)
                  00001270    0000016c     queue.obj (.text:xQueueGenericReceive)
                  000013dc    00000144     timer.obj (.text:timer_config)
                  00001520    00000138     tasks.obj (.text:xTaskGenericCreate)
                  00001658    00000134     tasks.obj (.text:xTaskIncrementTick)
                  0000178c    00000132     driverlib.lib : gpio.obj (.text:GPIOPadConfigSet)
                  000018be    00000002     startup_ccs.obj (.text:FaultISR)
                  000018c0    00000130     application.obj (.text:sensorcheck)
                  000019f0    00000128     queue.obj (.text:xQueueGenericSend)
                  00001b18    00000100     keypad.obj (.text:keypad_config)
                  00001c18    000000fc     tasks.obj (.text:xTaskResumeAll)
                  00001d14    000000f4     fingerprint.obj (.text:add_fingerprint)
                  00001e08    000000f4     tasks.obj (.text:vTaskSwitchContext)
                  00001efc    000000f0     timer.obj (.text:timer1handler)
                  00001fec    000000e8     timers.obj (.text:prvProcessReceivedCommands)
                  000020d4    000000e8     timer.obj (.text:timer0handler)
                  000021bc    000000d8     uartstdio.obj (.text:UARTStdioConfig)
                  00002294    000000d2     portasm.obj (.text)
                  00002366    00000002     startup_ccs.obj (.text:IntDefaultHandler)
                  00002368    000000cc     fingerprint.obj (.text:fp_enroll)
                  00002434    000000cc     packet.obj (.text:packet_rcv_uart)
                  00002500    000000c8     tasks.obj (.text:vTaskPriorityInherit)
                  000025c8    000000bc     uartstdio.obj (.text:UARTwrite)
                  00002684    000000bc     queue.obj (.text:prvCopyDataToQueue)
                  00002740    000000b8     lwiplib.obj (.text:lwIPEthernetIntHandler)
                  000027f8    000000b8     packet.obj (.text:packet_send_uart)
                  000028b0    000000b8     uart_comm_bbg.obj (.text:uart_commhandler)
                  00002968    000000b4     application.obj (.text:system_init)
                  00002a1c    000000ac     uart_comm_bbg.obj (.text:configureUART_bbg)
                  00002ac8    000000ac     main.obj (.text:main)
                  00002b74    000000a8     fingerprint.obj (.text:fp_start_enroll)
                  00002c1c    000000a8     lcd.obj (.text:lcd_init)
                  00002cc4    000000a8     tasks.obj (.text:xTaskPriorityDisinherit)
                  00002d6c    000000a4     timers.obj (.text:prvSwitchTimerLists)
                  00002e10    000000a0     tasks.obj (.text:prvInitialiseTCBVariables)
                  00002eb0    000000a0     queue.obj (.text:xQueueGenericReset)
                  00002f50    0000009c     rtsv7M4_T_le_v4SPD16_eabi.lib : memcpy_t2.asm.obj (.text)
                  00002fec    00000094     uartstdio.obj (.text:UARTPrimeTransmit)
                  00003080    00000094     sync_objects.obj (.text:sem_create)
                  00003114    00000090     fingerprint.obj (.text:fp_cmdsend)
                  000031a4    00000090     myuart.obj (.text:uart_configure)
                  00003234    00000090     tasks.obj (.text:xTaskRemoveFromEventList)
                  000032c4    0000008e     fingerprint.obj (.text:fp_responsercv)
                  00003352    0000008c     queue.obj (.text:xQueueGenericSendFromISR)
                  000033de    00000002     startup_ccs.obj (.text:NmiSR)
                  000033e0    00000088     uart_comm_bbg.obj (.text:reset_system)
                  00003468    00000088     tasks.obj (.text:vTaskStartScheduler)
                  000034f0    00000084     timers.obj (.text:prvProcessTimerOrBlockTask)
                  00003574    00000084     tasks.obj (.text:xTaskCheckForTimeOut)
                  000035f8    00000082     queue.obj (.text:prvUnlockQueue)
                  0000367a    00000002     rtsv7M4_T_le_v4SPD16_eabi.lib : div0.asm.obj (.text)
                  0000367c    00000080     lcd.obj (.text:lcd_write_cmd)
                  000036fc    00000080     lcd.obj (.text:lcd_write_data)
                  0000377c    0000007c     checksum.obj (.text:checksum_init)
                  000037f8    0000007c     sync_objects.obj (.text:mutex_create)
                  00003874    0000007c     heap_1.obj (.text:pvPortMalloc)
                  000038f0    0000007a     rtsv7M4_T_le_v4SPD16_eabi.lib : memset_t2.asm.obj (.text)
                  0000396a    00000078     packet.obj (.text:packet_make)
                  000039e2    00000002     --HOLE-- [fill = 0]
                  000039e4    00000078     timers.obj (.text:prvInsertTimerInActiveList)
                  00003a5c    00000076     queue.obj (.text:xQueueCreateMutex)
                  00003ad2    00000002     --HOLE-- [fill = 0]
                  00003ad4    00000074     main.obj (.text:ConfigureUART)
                  00003b48    00000074     tasks.obj (.text:prvInitialiseTaskLists)
                  00003bbc    00000070     application.obj (.text:sensortask_init)
                  00003c2c    00000070     tasks.obj (.text:vTaskPlaceOnEventListRestricted)
                  00003c9c    00000070     queue.obj (.text:xQueueGenericCreate)
                  00003d0c    00000070     timers.obj (.text:xTimerGenericCommand)
                  00003d7c    00000068     driverlib.lib : interrupt.obj (.text:IntEnable)
                  00003de4    00000068     rtsv7M4_T_le_v4SPD16_eabi.lib : copy_decompress_lzss.c.obj (.text:decompress:lzss:__TI_decompress_lzss)
                  00003e4c    00000068     timers.obj (.text:prvCheckForValidListAndQueue)
                  00003eb4    00000068     tasks.obj (.text:prvCheckTasksWaitingTermination)
                  00003f1c    00000068     tasks.obj (.text:vTaskPlaceOnEventList)
                  00003f84    00000066     list.obj (.text:vListInsert)
                  00003fea    00000002     --HOLE-- [fill = 0]
                  00003fec    00000060     timers.obj (.text:prvProcessExpiredTimer)
                  0000404c    0000005e     tasks.obj (.text:prvAllocateTCBAndStack)
                  000040aa    00000002     --HOLE-- [fill = 0]
                  000040ac    0000005c     checksum.obj (.text:checksum_calc)
                  00004108    0000005c     tasks.obj (.text:prvAddCurrentTaskToDelayedList)
                  00004164    0000005c     port.obj (.text:pxPortInitialiseStack)
                  000041c0    00000058     fingerprint.obj (.text:fp_irqhandler)
                  00004218    00000058     led.obj (.text:led_off)
                  00004270    00000058     led.obj (.text:led_on)
                  000042c8    00000056     driverlib.lib : gpio.obj (.text:GPIOIntTypeSet)
                  0000431e    00000002     --HOLE-- [fill = 0]
                  00004320    00000054     buzzer.obj (.text:buzzer_config)
                  00004374    00000054     led.obj (.text:led_init)
                  000043c8    00000054     queue.obj (.text:vQueueWaitForMessageRestricted)
                  0000441c    00000050     lcd.obj (.text:LCD_write)
                  0000446c    0000004c     uartstdio.obj (.text:UARTFlushTx)
                  000044b8    0000004c     main.obj (.text:ack_send_uart)
                  00004504    0000004c     fingerprint.obj (.text:fp_interrupt_config)
                  00004550    0000004c     queue.obj (.text:vQueueAddToRegistry)
                  0000459c    0000004c     timers.obj (.text:xTimerCreateTimerTask)
                  000045e8    0000004a     packet.obj (.text:packet_msglog_uart)
                  00004632    00000002     --HOLE-- [fill = 0]
                  00004634    00000048     driverlib.lib : gpio.obj (.text:GPIOPinConfigure)
                  0000467c    00000048                   : sysctl.obj (.text:_SysCtlFrequencyGet)
                  000046c4    00000048     msg_queue.obj (.text:queue_create)
                  0000470c    00000048     list.obj (.text:uxListRemove)
                  00004754    00000046     driverlib.lib : uart.obj (.text:UARTConfigSetExpClk)
                  0000479a    00000046     fingerprint.obj (.text:fp_checksum_calc)
                  000047e0    00000044     driverlib.lib : gpio.obj (.text:_GPIOIntNumberGet)
                  00004824    00000044     rtsv7M4_T_le_v4SPD16_eabi.lib : autoinit.c.obj (.text:__TI_auto_init_nobinit_nopinit:__TI_auto_init_nobinit_nopinit)
                  00004868    00000044     port.obj (.text:xPortStartScheduler)
                  000048ac    00000040     driverlib.lib : uart.obj (.text:_UARTIntNumberGet)
                  000048ec    00000040     buzzer.obj (.text:buzzer_dutycycle)
                  0000492c    00000040     main.obj (.text:fp_get_enrollcount)
                  0000496c    00000040     rtsv7M4_T_le_v4SPD16_eabi.lib : u_divt2.asm.obj (.text)
                  000049ac    0000003c     uartstdio.obj (.text:IsBufferFull)
                  000049e8    0000003c     queue.obj (.text:prvCopyDataFromQueue)
                  00004a24    0000003c     tasks.obj (.text:prvResetNextTaskUnblockTime)
                  00004a60    0000003c     list.obj (.text:vListInsertEnd)
                  00004a9c    00000038     driverlib.lib : sysctl.obj (.text:SysCtlPeripheralReady)
                  00004ad4    00000038     rtsv7M4_T_le_v4SPD16_eabi.lib : boot_cortex_m.c.obj (.text:_c_int00_noargs:_c_int00_noargs)
                  00004b0c    00000038     timers.obj (.text:prvGetNextExpireTime)
                  00004b44    00000034     driverlib.lib : interrupt.obj (.text:IntRegister)
                  00004b78    00000034                   : sysctl.obj (.text:SysCtlPeripheralEnable)
                  00004bac    00000034     uartstdio.obj (.text:UARTFlushRx)
                  00004be0    00000034     timers.obj (.text:prvSampleTimeNow)
                  00004c14    00000030     timer.obj (.text:reset_timer)
                  00004c44    00000030     list.obj (.text:vListInitialise)
                  00004c74    00000030     tasks.obj (.text:xTaskGetSchedulerState)
                  00004ca4    0000002c     driverlib.lib : emac.obj (.text:EMACIntStatus)
                  00004cd0    0000002c     uartstdio.obj (.text:IsBufferEmpty)
                  00004cfc    0000002c     port.obj (.text:xPortSysTickHandler)
                  00004d28    0000002a     driverlib.lib : gpio.obj (.text:GPIODirModeSet)
                  00004d52    00000002     --HOLE-- [fill = 0]
                  00004d54    00000028     keypad.obj (.text:keypad_interrupt_enable)
                  00004d7c    00000026     queue.obj (.text:prvIsQueueFull)
                  00004da2    00000026     myuart.obj (.text:uart_comm_flushRX)
                  00004dc8    00000024     uartstdio.obj (.text:UARTprintf)
                  00004dec    00000024     buzzer.obj (.text:buzzer_onoff)
                  00004e10    00000024     timer.obj (.text:enable_timer_int)
                  00004e34    00000024     port.obj (.text:vPortEnterCritical)
                  00004e58    00000024     tasks.obj (.text:vTaskSetTimeOutState)
                  00004e7c    00000022     driverlib.lib : pwm.obj (.text:PWMGenConfigure)
                  00004e9e    00000002     --HOLE-- [fill = 0]
                  00004ea0    00000020                   : uart.obj (.text:UARTDisable)
                  00004ec0    00000020                   : sysctl.obj (.text:_SysCtlMemTimingGet)
                  00004ee0    00000020     main.obj (.text:delay_ms)
                  00004f00    00000020     main.obj (.text:fp_led_status)
                  00004f20    00000020     queue.obj (.text:prvIsQueueEmpty)
                  00004f40    0000001e     driverlib.lib : pwm.obj (.text:PWMPulseWidthSet)
                  00004f5e    0000001c     main.obj (.text:fp_capture)
                  00004f7a    00000002     --HOLE-- [fill = 0]
                  00004f7c    0000001c     tasks.obj (.text:pvTaskIncrementMutexHeldCount)
                  00004f98    0000001c     port.obj (.text:vPortExitCritical)
                  00004fb4    0000001c     port.obj (.text:vPortSetupTimerInterrupt)
                  00004fd0    0000001a     timers.obj (.text:prvTimerTask)
                  00004fea    0000001a     myuart.obj (.text:uart_send)
                  00005004    00000018     driverlib.lib : gpio.obj (.text:GPIOIntRegister)
                  0000501c    00000018                   : gpio.obj (.text:GPIOPinTypeGPIOOutput)
                  00005034    00000018                   : uart.obj (.text:UARTIntRegister)
                  0000504c    00000018     timer.obj (.text:disable_timer)
                  00005064    00000018     fingerprint.obj (.text:fp_init)
                  0000507c    00000018     timer.obj (.text:timer2handler)
                  00005094    00000016     main.obj (.text:fp_deleteall)
                  000050aa    00000016     fingerprint.obj (.text:fp_identify)
                  000050c0    00000016     main.obj (.text:fp_isfingerpress)
                  000050d6    00000016     main.obj (.text:fp_open)
                  000050ec    00000014     driverlib.lib : sysctl.obj (.text:SysCtlPWMClockSet)
                  00005100    00000014                   : uart.obj (.text:UARTEnable)
                  00005114    00000014     tasks.obj (.text:prvDeleteTCB)
                  00005128    00000014     rtsv7M4_T_le_v4SPD16_eabi.lib : strlen.c.obj (.text:strlen)
                  0000513c    00000014     tasks.obj (.text:xTaskGetTickCount)
                  00005150    00000012     driverlib.lib : gpio.obj (.text:GPIOPinTypeGPIOInput)
                  00005162    00000012                   : gpio.obj (.text:GPIOPinTypePWM)
                  00005174    00000012                   : pwm.obj (.text:PWMGenPeriodGet)
                  00005186    00000012                   : pwm.obj (.text:PWMOutputState)
                  00005198    00000010                   : interrupt.obj (.text:IntMasterDisable)
                  000051a8    00000010                   : interrupt.obj (.text:IntMasterEnable)
                  000051b8    00000010                   : pwm.obj (.text:PWMGenPeriodSet)
                  000051c8    00000010     main.obj (.text:fp_interrupt_disable)
                  000051d8    00000010     main.obj (.text:fp_interrupt_enable)
                  000051e8    00000010     port.obj (.text:prvTaskExitError)
                  000051f8    00000010     main.obj (.text:uart_busy)
                  00005208    00000010     list.obj (.text:vListInitialiseItem)
                  00005218    00000010     tasks.obj (.text:vTaskSuspendAll)
                  00005228    0000000e     driverlib.lib : gpio.obj (.text:GPIOIntDisable)
                  00005236    0000000e                   : gpio.obj (.text:GPIOIntStatus)
                  00005244    0000000e                   : uart.obj (.text:UARTCharGetNonBlocking)
                  00005252    0000000e                   : uart.obj (.text:UARTCharsAvail)
                  00005260    0000000e     rtsv7M4_T_le_v4SPD16_eabi.lib : copy_decompress_none.c.obj (.text:decompress:none:__TI_decompress_none)
                  0000526e    0000000c     driverlib.lib : cpu.obj (.text:CPUcpsid)
                  0000527a    0000000c                   : cpu.obj (.text:CPUcpsie)
                  00005286    0000000c                   : gpio.obj (.text:GPIOIntEnable)
                  00005292    0000000c                   : pwm.obj (.text:PWMGenDisable)
                  0000529e    0000000c                   : pwm.obj (.text:PWMGenEnable)
                  000052aa    0000000c                   : uart.obj (.text:UARTTxIntModeSet)
                  000052b6    0000000c     rtsv7M4_T_le_v4SPD16_eabi.lib : copy_zero_init.c.obj (.text:decompress:ZI:__TI_zero_init)
                  000052c2    0000000c     myuart.obj (.text:uart_comm_flushTX)
                  000052ce    00000002     --HOLE-- [fill = 0]
                  000052d0    0000000c     tasks.obj (.text:vTaskMissedYield)
                  000052dc    0000000a     driverlib.lib : uart.obj (.text:UARTCharGet)
                  000052e6    0000000a                   : uart.obj (.text:UARTCharPut)
                  000052f0    0000000a                   : uart.obj (.text:UARTIntStatus)
                  000052fa    0000000a     tasks.obj (.text:prvIdleTask)
                  00005304    0000000a     main.obj (.text:vApplicationStackOverflowHook)
                  0000530e    0000000a     heap_1.obj (.text:vPortFree)
                  00005318    00000008     driverlib.lib : emac.obj (.text:EMACPowerManagementStatusGet)
                  00005320    00000008                   : uart.obj (.text:UARTBusy)
                  00005328    00000008                   : uart.obj (.text:UARTIntEnable)
                  00005330    00000006                   : emac.obj (.text:EMACTimestampIntStatus)
                  00005336    00000006                   : gpio.obj (.text:GPIOIntClear)
                  0000533c    00000006                   : gpio.obj (.text:GPIOPinRead)
                  00005342    00000006                   : gpio.obj (.text:GPIOPinWrite)
                  00005348    00000006     startup_ccs.obj (.text:ResetISR)
                  0000534e    00000006     driverlib.lib : sysctl.obj (.text:SysCtlDelay)
                  00005354    00000006                   : uart.obj (.text:UARTClockSourceSet)
                  0000535a    00000004                   : uart.obj (.text:UARTIntClear)
                  0000535e    00000004     rtsv7M4_T_le_v4SPD16_eabi.lib : pre_init.c.obj (.text:_system_pre_init)
                  00005362    00000004                                   : exit.c.obj (.text:abort:abort)

.const     0    00005368    000005c4     
                  00005368    000001b0     driverlib.lib : sysctl.obj (.const:g_pppui32XTALtoVCO)
                  00005518    000000d8                   : gpio.obj (.const:g_ppui32GPIOIntMapSnowflake)
                  000055f0    000000c0                   : gpio.obj (.const:g_ppui32GPIOIntMapBlizzard)
                  000056b0    00000090                   : gpio.obj (.const:g_pui32GPIOBaseAddrs)
                  00005740    00000070                   : interrupt.obj (.const)
                  000057b0    0000006c                   : sysctl.obj (.const:g_pui32Xtals)
                  0000581c    00000040                   : uart.obj (.const:g_ppui32UARTIntMap)
                  0000585c    00000040                   : uart.obj (.const:g_ppui32UARTIntMapSnowflake)
                  0000589c    00000030                   : sysctl.obj (.const:g_sXTALtoMEMTIM)
                  000058cc    00000012     uartstdio.obj (.const:.string)
                  000058de    0000000c     fingerprint.obj (.const:.string:$P$T0$1)
                  000058ea    0000000c     fingerprint.obj (.const:.string:$P$T1$2)
                  000058f6    00000002     --HOLE-- [fill = 0]
                  000058f8    0000000c     uartstdio.obj (.const:g_ui32UARTBase)
                  00005904    0000000c     uartstdio.obj (.const:g_ui32UARTInt)
                  00005910    0000000c     uartstdio.obj (.const:g_ui32UARTPeriph)
                  0000591c    00000008     driverlib.lib : sysctl.obj (.const)
                  00005924    00000004     port.obj (.const)
                  00005928    00000004     uartstdio.obj (.const)

.cinit     0    00005930    00000058     
                  00005930    00000020     (.cinit..data.load) [load image, compression = lzss]
                  00005950    0000000c     (__TI_handler_table)
                  0000595c    00000004     --HOLE-- [fill = 0]
                  00005960    00000008     (.cinit..bss.load) [load image, compression = zero_init]
                  00005968    00000008     (.cinit..vtable.load) [load image, compression = zero_init]
                  00005970    00000018     (__TI_cinit_table)

.init_array 
*          0    00000000    00000000     UNINITIALIZED

.vtable    0    20000000    0000026c     UNINITIALIZED
                  20000000    0000026c     driverlib.lib : interrupt.obj (.vtable)

.bss       0    2000026c    00010943     UNINITIALIZED
                  2000026c    00010000     heap_1.obj (.bss:ucHeap)
                  2001026c    00000400     uartstdio.obj (.bss:g_pcUARTTxBuffer)
                  2001066c    00000200     (.common:crcTable)
                  2001086c    00000140     tasks.obj (.bss:pxReadyTasksLists)
                  200109ac    00000080     uartstdio.obj (.bss:g_pcUARTRxBuffer)
                  20010a2c    00000064     lwiplib.obj (.bss)
                  20010a90    00000050     (.common:xQueueRegistry)
                  20010ae0    00000014     timers.obj (.bss:xActiveTimerList1)
                  20010af4    00000014     timers.obj (.bss:xActiveTimerList2)
                  20010b08    00000014     tasks.obj (.bss:xDelayedTaskList1)
                  20010b1c    00000014     tasks.obj (.bss:xDelayedTaskList2)
                  20010b30    00000014     tasks.obj (.bss:xPendingReadyList)
                  20010b44    00000014     tasks.obj (.bss:xSuspendedTaskList)
                  20010b58    00000014     tasks.obj (.bss:xTasksWaitingTermination)
                  20010b6c    00000008     tasks.obj (.bss)
                  20010b74    00000008     timers.obj (.bss)
                  20010b7c    00000008     uartstdio.obj (.bss)
                  20010b84    00000004     (.common:g_led)
                  20010b88    00000004     (.common:g_pfnTimerHandler)
                  20010b8c    00000004     (.common:g_qsem)
                  20010b90    00000004     (.common:g_temp)
                  20010b94    00000004     (.common:g_uartsem)
                  20010b98    00000004     (.common:g_ui32SysClock)
                  20010b9c    00000004     (.common:g_vulRunTimeStatsCountValue)
                  20010ba0    00000004     (.common:nrf_log_mq)
                  20010ba4    00000004     (.common:otp_arr)
                  20010ba8    00000001     timer.obj (.bss)
                  20010ba9    00000001     uart_comm_bbg.obj (.bss)
                  20010baa    00000001     (.common:degrade_mode)
                  20010bab    00000001     (.common:otp_count)
                  20010bac    00000001     (.common:otp_flag)
                  20010bad    00000001     (.common:otp_retries)
                  20010bae    00000001     (.common:sensor_check)

.data      0    20014bb0    00000074     UNINITIALIZED
                  20014bb0    00000038     tasks.obj (.data)
                  20014be8    00000015     uartstdio.obj (.data)
                  20014bfd    00000010     keypad.obj (.data:keypad_digits)
                  20014c0d    00000003     --HOLE--
                  20014c10    00000008     heap_1.obj (.data)
                  20014c18    00000008     timers.obj (.data)
                  20014c20    00000004     port.obj (.data)

.stack     0    20010bb0    00004000     UNINITIALIZED
                  20010bb0    00000004     rtsv7M4_T_le_v4SPD16_eabi.lib : boot_cortex_m.c.obj (.stack)
                  20010bb4    00003ffc     --HOLE--

MODULE SUMMARY

       Module                       code    ro data   rw data
       ------                       ----    -------   -------
    .\
       main.obj                     644     0         549    
       startup_ccs.obj              12      512       0      
    +--+----------------------------+-------+---------+---------+
       Total:                       656     512       549    
                                                             
    .\src\
       fingerprint.obj              1674    24        0      
       uart_comm_bbg.obj            1480    0         1      
       keypad.obj                   1340    0         16     
       timer.obj                    928     0         1      
       application.obj              596     0         0      
       packet.obj                   582     0         0      
       lcd.obj                      504     0         0      
       sync_objects.obj             272     0         0      
       led.obj                      260     0         0      
       myuart.obj                   220     0         0      
       checksum.obj                 216     0         0      
       buzzer.obj                   184     0         0      
       msg_queue.obj                72      0         0      
    +--+----------------------------+-------+---------+---------+
       Total:                       8328    24        18     
                                                             
    .\third_party\FreeRTOS\Source\
       tasks.obj                    2928    0         484    
       queue.obj                    1798    0         80     
       timers.obj                   1170    0         56     
       list.obj                     298     0         0      
    +--+----------------------------+-------+---------+---------+
       Total:                       6194    0         620    
                                                             
    .\third_party\FreeRTOS\Source\portable\CCS\ARM_CM4F\
       port.obj                     312     4         4      
       portasm.obj                  210     0         0      
    +--+----------------------------+-------+---------+---------+
       Total:                       522     4         4      
                                                             
    .\third_party\FreeRTOS\Source\portable\MemMang\
       heap_1.obj                   134     0         65544  
    +--+----------------------------+-------+---------+---------+
       Total:                       134     0         65544  
                                                             
    .\utils\
       uartstdio.obj                1992    58        1181   
       lwiplib.obj                  184     0         104    
    +--+----------------------------+-------+---------+---------+
       Total:                       2176    58        1285   
                                                             
    C:/ti/TivaWare_C_Series-2.1.4.178/driverlib/ccs/Debug/driverlib.lib
       sysctl.obj                   750     596       0      
       gpio.obj                     716     552       0      
       interrupt.obj                188     112       620    
       uart.obj                     306     128       0      
       pwm.obj                      140     0         0      
       emac.obj                     58      0         0      
       cpu.obj                      24      0         0      
    +--+----------------------------+-------+---------+---------+
       Total:                       2182    1388      620    
                                                             
    C:\ti\ccsv8\tools\compiler\ti-cgt-arm_18.1.4.LTS\lib\rtsv7M4_T_le_v4SPD16_eabi.lib
       memcpy_t2.asm.obj            156     0         0      
       memset_t2.asm.obj            122     0         0      
       copy_decompress_lzss.c.obj   104     0         0      
       autoinit.c.obj               68      0         0      
       u_divt2.asm.obj              64      0         0      
       boot_cortex_m.c.obj          56      0         0      
       strlen.c.obj                 20      0         0      
       copy_decompress_none.c.obj   14      0         0      
       copy_zero_init.c.obj         12      0         0      
       exit.c.obj                   4       0         0      
       pre_init.c.obj               4       0         0      
       div0.asm.obj                 2       0         0      
    +--+----------------------------+-------+---------+---------+
       Total:                       626     0         0      
                                                             
       Stack:                       0       0         16384  
       Linker Generated:            0       84        0      
    +--+----------------------------+-------+---------+---------+
       Grand Total:                 20818   2070      85024  


LINKER GENERATED COPY TABLES

__TI_cinit_table @ 00005970 records: 3, size/record: 8, table size: 24
	.data: load addr=00005930, load size=00000020 bytes, run addr=20014bb0, run size=00000074 bytes, compression=lzss
	.bss: load addr=00005960, load size=00000008 bytes, run addr=2000026c, run size=00010943 bytes, compression=zero_init
	.vtable: load addr=00005968, load size=00000008 bytes, run addr=20000000, run size=0000026c bytes, compression=zero_init


LINKER GENERATED HANDLER TABLE

__TI_handler_table @ 00005950 records: 3, size/record: 4, table size: 12
	index: 0, handler: __TI_zero_init
	index: 1, handler: __TI_decompress_lzss
	index: 2, handler: __TI_decompress_none


GLOBAL SYMBOLS: SORTED ALPHABETICALLY BY Name 

address   name                           
-------   ----                           
00005363  C$$EXIT                        
0000526f  CPUcpsid                       
0000527b  CPUcpsie                       
00003ad5  ConfigureUART                  
00004ca5  EMACIntStatus                  
00005319  EMACPowerManagementStatusGet   
00005331  EMACTimestampIntStatus         
00004d29  GPIODirModeSet                 
00005337  GPIOIntClear                   
00005229  GPIOIntDisable                 
00005287  GPIOIntEnable                  
00005005  GPIOIntRegister                
00005237  GPIOIntStatus                  
000042c9  GPIOIntTypeSet                 
0000178d  GPIOPadConfigSet               
00004635  GPIOPinConfigure               
0000533d  GPIOPinRead                    
00005151  GPIOPinTypeGPIOInput           
0000501d  GPIOPinTypeGPIOOutput          
00005163  GPIOPinTypePWM                 
00005343  GPIOPinWrite                   
00003d7d  IntEnable                      
00005199  IntMasterDisable               
000051a9  IntMasterEnable                
00004b45  IntRegister                    
0000441d  LCD_write                      
00004e7d  PWMGenConfigure                
00005293  PWMGenDisable                  
0000529f  PWMGenEnable                   
00005175  PWMGenPeriodGet                
000051b9  PWMGenPeriodSet                
00005187  PWMOutputState                 
00004f41  PWMPulseWidthSet               
00005349  ResetISR                       
00000b21  SysCtlClockFreqSet             
0000534f  SysCtlDelay                    
000050ed  SysCtlPWMClockSet              
00004b79  SysCtlPeripheralEnable         
00004a9d  SysCtlPeripheralReady          
00005321  UARTBusy                       
000052dd  UARTCharGet                    
00005245  UARTCharGetNonBlocking         
000052e7  UARTCharPut                    
00005253  UARTCharsAvail                 
00005355  UARTClockSourceSet             
00004755  UARTConfigSetExpClk            
00004ea1  UARTDisable                    
00005101  UARTEnable                     
00004bad  UARTFlushRx                    
0000446d  UARTFlushTx                    
0000535b  UARTIntClear                   
00005329  UARTIntEnable                  
00005035  UARTIntRegister                
000052f1  UARTIntStatus                  
000021bd  UARTStdioConfig                
000010e9  UARTStdioIntHandler            
000052ab  UARTTxIntModeSet               
00004dc9  UARTprintf                     
000005dd  UARTvprintf                    
000025c9  UARTwrite                      
20014bb0  __STACK_END                    
00004000  __STACK_SIZE                   
20014bb0  __STACK_TOP                    
00005970  __TI_CINIT_Base                
00005988  __TI_CINIT_Limit               
00005950  __TI_Handler_Table_Base        
0000595c  __TI_Handler_Table_Limit       
00004825  __TI_auto_init_nobinit_nopinit 
00003de5  __TI_decompress_lzss           
00005261  __TI_decompress_none           
ffffffff  __TI_pprof_out_hndl            
ffffffff  __TI_prof_data_size            
ffffffff  __TI_prof_data_start           
00000000  __TI_static_base__             
000052b7  __TI_zero_init                 
0000367b  __aeabi_idiv0                  
0000367b  __aeabi_ldiv0                  
000038f1  __aeabi_memclr                 
000038f1  __aeabi_memclr4                
000038f1  __aeabi_memclr8                
00002f51  __aeabi_memcpy                 
00002f51  __aeabi_memcpy4                
00002f51  __aeabi_memcpy8                
000038f3  __aeabi_memset                 
000038f3  __aeabi_memset4                
000038f3  __aeabi_memset8                
0000496d  __aeabi_uidiv                  
0000496d  __aeabi_uidivmod               
ffffffff  __binit__                      
ffffffff  __c_args__                     
UNDEFED   __mpu_init                     
20010bb0  __stack                        
00004ad5  _c_int00_noargs                
UNDEFED   _system_post_cinit             
0000535f  _system_pre_init               
00005363  abort                          
000044b9  ack_send_uart                  
00001d15  add_fingerprint                
ffffffff  binit                          
00004321  buzzer_config                  
000048ed  buzzer_dutycycle               
00004ded  buzzer_onoff                   
000040ad  checksum_calc                  
0000377d  checksum_init                  
000008e9  column_handler                 
00002a1d  configureUART_bbg              
2001066c  crcTable                       
20010baa  degrade_mode                   
00004ee1  delay_ms                       
0000504d  disable_timer                  
00004e11  enable_timer_int               
00000d21  fp_access_handle               
00004f5f  fp_capture                     
0000479b  fp_checksum_calc               
00003115  fp_cmdsend                     
00005095  fp_deleteall                   
00002369  fp_enroll                      
0000492d  fp_get_enrollcount             
000050ab  fp_identify                    
00005065  fp_init                        
00004505  fp_interrupt_config            
000051c9  fp_interrupt_disable           
000051d9  fp_interrupt_enable            
000041c1  fp_irqhandler                  
000050c1  fp_isfingerpress               
00004f01  fp_led_status                  
000050d7  fp_open                        
000032c5  fp_responsercv                 
00002b75  fp_start_enroll                
20010b84  g_led                          
20000000  g_pfnRAMVectors                
20010b88  g_pfnTimerHandler              
00000000  g_pfnVectors                   
20010b8c  g_qsem                         
20010b90  g_temp                         
20010b94  g_uartsem                      
20010b98  g_ui32SysClock                 
20010b9c  g_vulRunTimeStatsCountValue    
00000f0d  keypad_button_detect           
00001b19  keypad_config                  
20014bfd  keypad_digits                  
00004d55  keypad_interrupt_enable        
00002c1d  lcd_init                       
0000367d  lcd_write_cmd                  
000036fd  lcd_write_data                 
00004375  led_init                       
00004219  led_off                        
00004271  led_on                         
00002741  lwIPEthernetIntHandler         
00002ac9  main                           
00002f51  memcpy                         
000038f9  memset                         
000037f9  mutex_create                   
20010ba0  nrf_log_mq                     
20010ba4  otp_arr                        
20010bab  otp_count                      
20010bac  otp_flag                       
20010bad  otp_retries                    
0000396b  packet_make                    
000045e9  packet_msglog_uart             
00002435  packet_rcv_uart                
000027f9  packet_send_uart               
00003875  pvPortMalloc                   
00004f7d  pvTaskIncrementMutexHeldCount  
20014bb0  pxCurrentTCB                   
00004165  pxPortInitialiseStack          
000046c5  queue_create                   
000033e1  reset_system                   
00004c15  reset_timer                    
00003081  sem_create                     
20010bae  sensor_check                   
00003bbd  sensortask_init                
00005129  strlen                         
00002969  system_init                    
000020d5  timer0handler                  
00001efd  timer1handler                  
0000507d  timer2handler                  
000013dd  timer_config                   
000051f9  uart_busy                      
00004da3  uart_comm_flushRX              
000052c3  uart_comm_flushTX              
000028b1  uart_commhandler               
000031a5  uart_configure                 
00000201  uart_packet_handler            
00004feb  uart_send                      
00005924  ulMaxSyscallInterruptPriority  
000022a5  ulPortGetIPSR                  
0000470d  uxListRemove                   
00005305  vApplicationStackOverflowHook  
00004c45  vListInitialise                
00005209  vListInitialiseItem            
00003f85  vListInsert                    
00004a61  vListInsertEnd                 
00002359  vPortEnableVFP                 
00004e35  vPortEnterCritical             
00004f99  vPortExitCritical              
0000530f  vPortFree                      
0000231d  vPortSVCHandler                
00004fb5  vPortSetupTimerInterrupt       
0000233d  vPortStartFirstTask            
00004551  vQueueAddToRegistry            
000043c9  vQueueWaitForMessageRestricted 
000052d1  vTaskMissedYield               
00003f1d  vTaskPlaceOnEventList          
00003c2d  vTaskPlaceOnEventListRestricted
00002501  vTaskPriorityInherit           
00004e59  vTaskSetTimeOutState           
00003469  vTaskStartScheduler            
00005219  vTaskSuspendAll                
00001e09  vTaskSwitchContext             
000022bd  xPortPendSVHandler             
00004869  xPortStartScheduler            
00004cfd  xPortSysTickHandler            
00003a5d  xQueueCreateMutex              
00003c9d  xQueueGenericCreate            
00001271  xQueueGenericReceive           
00002eb1  xQueueGenericReset             
000019f1  xQueueGenericSend              
00003353  xQueueGenericSendFromISR       
20010a90  xQueueRegistry                 
00003575  xTaskCheckForTimeOut           
00001521  xTaskGenericCreate             
00004c75  xTaskGetSchedulerState         
0000513d  xTaskGetTickCount              
00001659  xTaskIncrementTick             
00002cc5  xTaskPriorityDisinherit        
00003235  xTaskRemoveFromEventList       
00001c19  xTaskResumeAll                 
0000459d  xTimerCreateTimerTask          
00003d0d  xTimerGenericCommand           


GLOBAL SYMBOLS: SORTED BY Symbol Address 

address   name                           
-------   ----                           
00000000  __TI_static_base__             
00000000  g_pfnVectors                   
00000201  uart_packet_handler            
000005dd  UARTvprintf                    
000008e9  column_handler                 
00000b21  SysCtlClockFreqSet             
00000d21  fp_access_handle               
00000f0d  keypad_button_detect           
000010e9  UARTStdioIntHandler            
00001271  xQueueGenericReceive           
000013dd  timer_config                   
00001521  xTaskGenericCreate             
00001659  xTaskIncrementTick             
0000178d  GPIOPadConfigSet               
000019f1  xQueueGenericSend              
00001b19  keypad_config                  
00001c19  xTaskResumeAll                 
00001d15  add_fingerprint                
00001e09  vTaskSwitchContext             
00001efd  timer1handler                  
000020d5  timer0handler                  
000021bd  UARTStdioConfig                
000022a5  ulPortGetIPSR                  
000022bd  xPortPendSVHandler             
0000231d  vPortSVCHandler                
0000233d  vPortStartFirstTask            
00002359  vPortEnableVFP                 
00002369  fp_enroll                      
00002435  packet_rcv_uart                
00002501  vTaskPriorityInherit           
000025c9  UARTwrite                      
00002741  lwIPEthernetIntHandler         
000027f9  packet_send_uart               
000028b1  uart_commhandler               
00002969  system_init                    
00002a1d  configureUART_bbg              
00002ac9  main                           
00002b75  fp_start_enroll                
00002c1d  lcd_init                       
00002cc5  xTaskPriorityDisinherit        
00002eb1  xQueueGenericReset             
00002f51  __aeabi_memcpy                 
00002f51  __aeabi_memcpy4                
00002f51  __aeabi_memcpy8                
00002f51  memcpy                         
00003081  sem_create                     
00003115  fp_cmdsend                     
000031a5  uart_configure                 
00003235  xTaskRemoveFromEventList       
000032c5  fp_responsercv                 
00003353  xQueueGenericSendFromISR       
000033e1  reset_system                   
00003469  vTaskStartScheduler            
00003575  xTaskCheckForTimeOut           
0000367b  __aeabi_idiv0                  
0000367b  __aeabi_ldiv0                  
0000367d  lcd_write_cmd                  
000036fd  lcd_write_data                 
0000377d  checksum_init                  
000037f9  mutex_create                   
00003875  pvPortMalloc                   
000038f1  __aeabi_memclr                 
000038f1  __aeabi_memclr4                
000038f1  __aeabi_memclr8                
000038f3  __aeabi_memset                 
000038f3  __aeabi_memset4                
000038f3  __aeabi_memset8                
000038f9  memset                         
0000396b  packet_make                    
00003a5d  xQueueCreateMutex              
00003ad5  ConfigureUART                  
00003bbd  sensortask_init                
00003c2d  vTaskPlaceOnEventListRestricted
00003c9d  xQueueGenericCreate            
00003d0d  xTimerGenericCommand           
00003d7d  IntEnable                      
00003de5  __TI_decompress_lzss           
00003f1d  vTaskPlaceOnEventList          
00003f85  vListInsert                    
00004000  __STACK_SIZE                   
000040ad  checksum_calc                  
00004165  pxPortInitialiseStack          
000041c1  fp_irqhandler                  
00004219  led_off                        
00004271  led_on                         
000042c9  GPIOIntTypeSet                 
00004321  buzzer_config                  
00004375  led_init                       
000043c9  vQueueWaitForMessageRestricted 
0000441d  LCD_write                      
0000446d  UARTFlushTx                    
000044b9  ack_send_uart                  
00004505  fp_interrupt_config            
00004551  vQueueAddToRegistry            
0000459d  xTimerCreateTimerTask          
000045e9  packet_msglog_uart             
00004635  GPIOPinConfigure               
000046c5  queue_create                   
0000470d  uxListRemove                   
00004755  UARTConfigSetExpClk            
0000479b  fp_checksum_calc               
00004825  __TI_auto_init_nobinit_nopinit 
00004869  xPortStartScheduler            
000048ed  buzzer_dutycycle               
0000492d  fp_get_enrollcount             
0000496d  __aeabi_uidiv                  
0000496d  __aeabi_uidivmod               
00004a61  vListInsertEnd                 
00004a9d  SysCtlPeripheralReady          
00004ad5  _c_int00_noargs                
00004b45  IntRegister                    
00004b79  SysCtlPeripheralEnable         
00004bad  UARTFlushRx                    
00004c15  reset_timer                    
00004c45  vListInitialise                
00004c75  xTaskGetSchedulerState         
00004ca5  EMACIntStatus                  
00004cfd  xPortSysTickHandler            
00004d29  GPIODirModeSet                 
00004d55  keypad_interrupt_enable        
00004da3  uart_comm_flushRX              
00004dc9  UARTprintf                     
00004ded  buzzer_onoff                   
00004e11  enable_timer_int               
00004e35  vPortEnterCritical             
00004e59  vTaskSetTimeOutState           
00004e7d  PWMGenConfigure                
00004ea1  UARTDisable                    
00004ee1  delay_ms                       
00004f01  fp_led_status                  
00004f41  PWMPulseWidthSet               
00004f5f  fp_capture                     
00004f7d  pvTaskIncrementMutexHeldCount  
00004f99  vPortExitCritical              
00004fb5  vPortSetupTimerInterrupt       
00004feb  uart_send                      
00005005  GPIOIntRegister                
0000501d  GPIOPinTypeGPIOOutput          
00005035  UARTIntRegister                
0000504d  disable_timer                  
00005065  fp_init                        
0000507d  timer2handler                  
00005095  fp_deleteall                   
000050ab  fp_identify                    
000050c1  fp_isfingerpress               
000050d7  fp_open                        
000050ed  SysCtlPWMClockSet              
00005101  UARTEnable                     
00005129  strlen                         
0000513d  xTaskGetTickCount              
00005151  GPIOPinTypeGPIOInput           
00005163  GPIOPinTypePWM                 
00005175  PWMGenPeriodGet                
00005187  PWMOutputState                 
00005199  IntMasterDisable               
000051a9  IntMasterEnable                
000051b9  PWMGenPeriodSet                
000051c9  fp_interrupt_disable           
000051d9  fp_interrupt_enable            
000051f9  uart_busy                      
00005209  vListInitialiseItem            
00005219  vTaskSuspendAll                
00005229  GPIOIntDisable                 
00005237  GPIOIntStatus                  
00005245  UARTCharGetNonBlocking         
00005253  UARTCharsAvail                 
00005261  __TI_decompress_none           
0000526f  CPUcpsid                       
0000527b  CPUcpsie                       
00005287  GPIOIntEnable                  
00005293  PWMGenDisable                  
0000529f  PWMGenEnable                   
000052ab  UARTTxIntModeSet               
000052b7  __TI_zero_init                 
000052c3  uart_comm_flushTX              
000052d1  vTaskMissedYield               
000052dd  UARTCharGet                    
000052e7  UARTCharPut                    
000052f1  UARTIntStatus                  
00005305  vApplicationStackOverflowHook  
0000530f  vPortFree                      
00005319  EMACPowerManagementStatusGet   
00005321  UARTBusy                       
00005329  UARTIntEnable                  
00005331  EMACTimestampIntStatus         
00005337  GPIOIntClear                   
0000533d  GPIOPinRead                    
00005343  GPIOPinWrite                   
00005349  ResetISR                       
0000534f  SysCtlDelay                    
00005355  UARTClockSourceSet             
0000535b  UARTIntClear                   
0000535f  _system_pre_init               
00005363  C$$EXIT                        
00005363  abort                          
00005924  ulMaxSyscallInterruptPriority  
00005950  __TI_Handler_Table_Base        
0000595c  __TI_Handler_Table_Limit       
00005970  __TI_CINIT_Base                
00005988  __TI_CINIT_Limit               
20000000  g_pfnRAMVectors                
2001066c  crcTable                       
20010a90  xQueueRegistry                 
20010b84  g_led                          
20010b88  g_pfnTimerHandler              
20010b8c  g_qsem                         
20010b90  g_temp                         
20010b94  g_uartsem                      
20010b98  g_ui32SysClock                 
20010b9c  g_vulRunTimeStatsCountValue    
20010ba0  nrf_log_mq                     
20010ba4  otp_arr                        
20010baa  degrade_mode                   
20010bab  otp_count                      
20010bac  otp_flag                       
20010bad  otp_retries                    
20010bae  sensor_check                   
20010bb0  __stack                        
20014bb0  __STACK_END                    
20014bb0  __STACK_TOP                    
20014bb0  pxCurrentTCB                   
20014bfd  keypad_digits                  
ffffffff  __TI_pprof_out_hndl            
ffffffff  __TI_prof_data_size            
ffffffff  __TI_prof_data_start           
ffffffff  __binit__                      
ffffffff  __c_args__                     
ffffffff  binit                          
UNDEFED   __mpu_init                     
UNDEFED   _system_post_cinit             

[230 symbols]
